Archive member included to satisfy reference by file (symbol)

app/libapp.a(main.c.obj)      (--whole-archive)
app/libapp.a(spi_lcd_nokia.c.obj)
                              (--whole-archive)
app/libapp.a(lcd_nokia_images.c.obj)
                              (--whole-archive)
app/libapp.a(lcd_nokia_draw.c.obj)
                              (--whole-archive)
app/libapp.a(display_manager.c.obj)
                              (--whole-archive)
app/libapp.a(sensor_manager.c.obj)
                              (--whole-archive)
zephyr/libzephyr.a(heap.c.obj)
                              (--whole-archive)
zephyr/libzephyr.a(cbprintf_packaged.c.obj)
                              (--whole-archive)
zephyr/libzephyr.a(clock.c.obj)
                              (--whole-archive)
zephyr/libzephyr.a(printk.c.obj)
                              (--whole-archive)
zephyr/libzephyr.a(sem.c.obj)
                              (--whole-archive)
zephyr/libzephyr.a(thread_entry.c.obj)
                              (--whole-archive)
zephyr/libzephyr.a(cbprintf_complete.c.obj)
                              (--whole-archive)
zephyr/libzephyr.a(cbprintf.c.obj)
                              (--whole-archive)
zephyr/libzephyr.a(assert.c.obj)
                              (--whole-archive)
zephyr/libzephyr.a(mpsc_pbuf.c.obj)
                              (--whole-archive)
zephyr/libzephyr.a(dec.c.obj)
                              (--whole-archive)
zephyr/libzephyr.a(hex.c.obj)
                              (--whole-archive)
zephyr/libzephyr.a(rb.c.obj)  (--whole-archive)
zephyr/libzephyr.a(timeutil.c.obj)
                              (--whole-archive)
zephyr/libzephyr.a(bitarray.c.obj)
                              (--whole-archive)
zephyr/libzephyr.a(ring_buffer.c.obj)
                              (--whole-archive)
zephyr/libzephyr.a(last_section_id.c.obj)
                              (--whole-archive)
zephyr/libzephyr.a(configs.c.obj)
                              (--whole-archive)
zephyr/libzephyr.a(flash_configuration.c.obj)
                              (--whole-archive)
zephyr/libzephyr.a(soc.c.obj)
                              (--whole-archive)
zephyr/libzephyr.a(nxp_mpu_regions.c.obj)
                              (--whole-archive)
zephyr/libzephyr.a(log_core.c.obj)
                              (--whole-archive)
zephyr/libzephyr.a(log_mgmt.c.obj)
                              (--whole-archive)
zephyr/libzephyr.a(log_cache.c.obj)
                              (--whole-archive)
zephyr/libzephyr.a(log_msg.c.obj)
                              (--whole-archive)
zephyr/libzephyr.a(log_output.c.obj)
                              (--whole-archive)
zephyr/libzephyr.a(log_backend_uart.c.obj)
                              (--whole-archive)
zephyr/libzephyr.a(mem_attr.c.obj)
                              (--whole-archive)
zephyr/libzephyr.a(tracing_none.c.obj)
                              (--whole-archive)
zephyr/arch/common/libarch__common.a(sw_isr_common.c.obj)
                              (--whole-archive)
zephyr/arch/arch/arm/core/libarch__arm__core.a(fatal.c.obj)
                              (--whole-archive)
zephyr/arch/arch/arm/core/libarch__arm__core.a(nmi.c.obj)
                              (--whole-archive)
zephyr/arch/arch/arm/core/libarch__arm__core.a(nmi_on_reset.S.obj)
                              (--whole-archive)
zephyr/arch/arch/arm/core/cortex_m/libarch__arm__core__cortex_m.a(exc_exit.c.obj)
                              (--whole-archive)
zephyr/arch/arch/arm/core/cortex_m/libarch__arm__core__cortex_m.a(fault.c.obj)
                              (--whole-archive)
zephyr/arch/arch/arm/core/cortex_m/libarch__arm__core__cortex_m.a(fault_s.S.obj)
                              (--whole-archive)
zephyr/arch/arch/arm/core/cortex_m/libarch__arm__core__cortex_m.a(fpu.c.obj)
                              (--whole-archive)
zephyr/arch/arch/arm/core/cortex_m/libarch__arm__core__cortex_m.a(reset.S.obj)
                              (--whole-archive)
zephyr/arch/arch/arm/core/cortex_m/libarch__arm__core__cortex_m.a(scb.c.obj)
                              (--whole-archive)
zephyr/arch/arch/arm/core/cortex_m/libarch__arm__core__cortex_m.a(thread_abort.c.obj)
                              (--whole-archive)
zephyr/arch/arch/arm/core/cortex_m/libarch__arm__core__cortex_m.a(vector_table.S.obj)
                              (--whole-archive)
zephyr/arch/arch/arm/core/cortex_m/libarch__arm__core__cortex_m.a(swap_helper.S.obj)
                              (--whole-archive)
zephyr/arch/arch/arm/core/cortex_m/libarch__arm__core__cortex_m.a(irq_manage.c.obj)
                              (--whole-archive)
zephyr/arch/arch/arm/core/cortex_m/libarch__arm__core__cortex_m.a(prep_c.c.obj)
                              (--whole-archive)
zephyr/arch/arch/arm/core/cortex_m/libarch__arm__core__cortex_m.a(thread.c.obj)
                              (--whole-archive)
[...]
Memory Configuration

Name             Origin             Length             Attributes
FLASH            0x0000000000000000 0x0000000000100000 xr
RAM              0x0000000020000000 0x0000000000030000 xw
SRAML            0x000000001fff0000 0x0000000000010000 rw
IDT_LIST         0x00000000ffff7fff 0x0000000000008000 xw
*default*        0x0000000000000000 0xffffffffffffffff

Linker script and memory map

LOAD zephyr/CMakeFiles/zephyr_final.dir/misc/empty_file.c.obj
LOAD zephyr/CMakeFiles/zephyr_final.dir/isr_tables.c.obj
LOAD zephyr/CMakeFiles/offsets.dir/./arch/arm/core/offsets/offsets.c.obj
LOAD app/libapp.a
LOAD zephyr/libzephyr.a
LOAD zephyr/arch/common/libarch__common.a
LOAD zephyr/arch/arch/arm/core/libarch__arm__core.a
LOAD zephyr/arch/arch/arm/core/cortex_m/libarch__arm__core__cortex_m.a
LOAD zephyr/arch/arch/arm/core/mpu/libarch__arm__core__mpu.a
LOAD zephyr/lib/libc/newlib/liblib__libc__newlib.a
LOAD zephyr/lib/libc/common/liblib__libc__common.a
LOAD zephyr/drivers/adc/libdrivers__adc.a
LOAD zephyr/drivers/clock_control/libdrivers__clock_control.a
LOAD zephyr/drivers/console/libdrivers__console.a
LOAD zephyr/drivers/gpio/libdrivers__gpio.a
LOAD zephyr/drivers/i2c/libdrivers__i2c.a
LOAD zephyr/drivers/pinctrl/libdrivers__pinctrl.a
LOAD zephyr/drivers/sensor/nxp/fxos8700/libdrivers__sensor__nxp__fxos8700.a
LOAD zephyr/drivers/sensor/nxp/nxp_kinetis_temp/libdrivers__sensor__nxp__nxp_kinetis_temp.a
LOAD zephyr/drivers/serial/libdrivers__serial.a
LOAD zephyr/drivers/spi/libdrivers__spi.a
LOAD zephyr/drivers/timer/libdrivers__timer.a
LOAD modules/hal_nxp/libmodules__hal_nxp.a
LOAD zephyr/kernel/libkernel.a
LOAD zephyr/arch/common/libisr_tables.a
LOAD C:/Users/mauri/zephyr-sdk-0.17.4/arm-zephyr-eabi/arm-zephyr-eabi/lib/thumb/v7e-m+fp/hard\libm.a
LOAD C:/Users/mauri/zephyr-sdk-0.17.4/arm-zephyr-eabi/arm-zephyr-eabi/lib/thumb/v7e-m+fp/hard\libc.a
LOAD c:/users/mauri/zephyr-sdk-0.17.4/arm-zephyr-eabi/bin/../lib/gcc/arm-zephyr-eabi/12.2.0/thumb/v7e-m+fp/hard\libgcc.a
LOAD C:/Users/mauri/zephyr-sdk-0.17.4/arm-zephyr-eabi/arm-zephyr-eabi/lib/thumb/v7e-m+fp/hard\libc.a
                0x0000000000000080                _region_min_align = 0x80

.rel.plt        0x0000000000000000        0x0
 *(SORT_BY_ALIGNMENT(.rel.plt))
                [!provide]                        PROVIDE (__rel_iplt_start = .)
 *(SORT_BY_ALIGNMENT(.rel.iplt))
 .rel.iplt      0x0000000000000000        0x0 zephyr/CMakeFiles/zephyr_final.dir/isr_tables.c.obj
                [!provide]                        PROVIDE (__rel_iplt_end = .)

.rela.plt       0x0000000000000000        0x0
 *(SORT_BY_ALIGNMENT(.rela.plt))
                [!provide]                        PROVIDE (__rela_iplt_start = .)
 *(SORT_BY_ALIGNMENT(.rela.iplt))
                [!provide]                        PROVIDE (__rela_iplt_end = .)

.rel.dyn
 *(SORT_BY_ALIGNMENT(.rel.*))

.rela.dyn
 *(SORT_BY_ALIGNMENT(.rela.*))

/DISCARD/
 *(SORT_BY_ALIGNMENT(.plt))

/DISCARD/
 *(SORT_BY_ALIGNMENT(.iplt))
                0x0000000000000000                __rom_region_start = 0x0

rom_start       0x0000000000000000      0x410
                0x0000000000000000                __rom_start_address = .
 FILL mask 0x00
                0x0000000000000000                . = (. + (0x0 - (. - __rom_start_address)))
                0x0000000000000000                . = ALIGN (0x4)
                0x0000000000000000                . = ALIGN (0x80)
                0x0000000000000000                . = ALIGN (0x200)
                0x0000000000000000                _vector_start = .
 *(SORT_BY_ALIGNMENT(.exc_vector_table))
 *(SORT_BY_ALIGNMENT(.exc_vector_table.*))
 .exc_vector_table._vector_table_section
                0x0000000000000000       0x40 zephyr/arch/arch/arm/core/cortex_m/libarch__arm__core__cortex_m.a(vector_table.S.obj)
                0x0000000000000000                _vector_table
 *(SORT_BY_ALIGNMENT(.vectors))
                0x0000000000000198                _vector_end = .
                0x0000000000000040                . = ALIGN (0x4)
 *(SORT_BY_ALIGNMENT(.gnu.linkonce.irq_vector_table*))
 .gnu.linkonce.irq_vector_table
                0x0000000000000040      0x158 zephyr/CMakeFiles/zephyr_final.dir/isr_tables.c.obj
                0x0000000000000040                _irq_vector_table
                0x0000000000000198                _vector_end = .
                0x0000000000000400                . = 0x400
 *fill*         0x0000000000000198      0x268 00
 *(SORT_BY_ALIGNMENT(.kinetis_flash_config))
 *(SORT_BY_ALIGNMENT(.kinetis_flash_config.*))
 .kinetis_flash_config."WEST_TOPDIR/zephyr/soc/nxp/kinetis/flash_configuration.c".0
                0x0000000000000400       0x10 zephyr/libzephyr.a(flash_configuration.c.obj)
                0x0000000000000400                __kinetis_flash_config

text            0x0000000000000440     0xec1c
                0x0000000000000440                __text_region_start = .
 *(SORT_BY_ALIGNMENT(.text))
 .text          0x0000000000000440       0xdc C:/Users/mauri/zephyr-sdk-0.17.4/arm-zephyr-eabi/arm-zephyr-eabi/lib/thumb/v7e-m+fp/hard\libc.a(lib_a-strlen.o)
                0x0000000000000440                strlen
 *fill*         0x000000000000051c        0x4 
 .text          0x0000000000000520       0xa0 C:/Users/mauri/zephyr-sdk-0.17.4/arm-zephyr-eabi/arm-zephyr-eabi/lib/thumb/v7e-m+fp/hard\libc.a(lib_a-memchr.o)
                0x0000000000000520                memchr
 .text          0x00000000000005c0      0x134 C:/Users/mauri/zephyr-sdk-0.17.4/arm-zephyr-eabi/arm-zephyr-eabi/lib/thumb/v7e-m+fp/hard\libc.a(lib_a-memcpy.o)
                0x00000000000005c0                memcpy
 .text          0x00000000000006f4      0x378 c:/users/mauri/zephyr-sdk-0.17.4/arm-zephyr-eabi/bin/../lib/gcc/arm-zephyr-eabi/12.2.0/thumb/v7e-m+fp/hard\libgcc.a(_arm_addsubdf3.o)
                0x00000000000006f4                __aeabi_drsub
                0x00000000000006fc                __aeabi_dsub
                0x00000000000006fc                __subdf3
                0x0000000000000700                __aeabi_dadd
                0x0000000000000700                __adddf3
                0x0000000000000978                __floatunsidf
                0x0000000000000978                __aeabi_ui2d
                0x0000000000000998                __floatsidf
                0x0000000000000998                __aeabi_i2d
                0x00000000000009bc                __aeabi_f2d
                0x00000000000009bc                __extendsfdf2
                0x0000000000000a00                __floatundidf
                0x0000000000000a00                __aeabi_ul2d
                0x0000000000000a10                __floatdidf
                0x0000000000000a10                __aeabi_l2d
 .text          0x0000000000000a6c      0x424 c:/users/mauri/zephyr-sdk-0.17.4/arm-zephyr-eabi/bin/../lib/gcc/arm-zephyr-eabi/12.2.0/thumb/v7e-m+fp/hard\libgcc.a(_arm_muldivdf3.o)
                0x0000000000000a6c                __aeabi_dmul
                0x0000000000000a6c                __muldf3
                0x0000000000000cc0                __divdf3
                0x0000000000000cc0                __aeabi_ddiv
 .text          0x0000000000000e90      0x110 c:/users/mauri/zephyr-sdk-0.17.4/arm-zephyr-eabi/bin/../lib/gcc/arm-zephyr-eabi/12.2.0/thumb/v7e-m+fp/hard\libgcc.a(_arm_cmpdf2.o)
                0x0000000000000e90                __gtdf2
                0x0000000000000e90                __gedf2
                0x0000000000000e98                __ltdf2
                0x0000000000000e98                __ledf2
                0x0000000000000ea0                __nedf2
                0x0000000000000ea0                __eqdf2
                0x0000000000000ea0                __cmpdf2
                0x0000000000000f1c                __aeabi_cdrcmple
                0x0000000000000f2c                __aeabi_cdcmpeq
                0x0000000000000f2c                __aeabi_cdcmple
                0x0000000000000f3c                __aeabi_dcmpeq
                0x0000000000000f50                __aeabi_dcmplt
                0x0000000000000f64                __aeabi_dcmple
                0x0000000000000f78                __aeabi_dcmpge
                0x0000000000000f8c                __aeabi_dcmpgt
 .text          0x0000000000000fa0       0x2c c:/users/mauri/zephyr-sdk-0.17.4/arm-zephyr-eabi/bin/../lib/gcc/arm-zephyr-eabi/12.2.0/thumb/v7e-m+fp/hard\libgcc.a(_arm_unorddf2.o)
                0x0000000000000fa0                __unorddf2
                0x0000000000000fa0                __aeabi_dcmpun
 .text          0x0000000000000fcc       0x50 c:/users/mauri/zephyr-sdk-0.17.4/arm-zephyr-eabi/bin/../lib/gcc/arm-zephyr-eabi/12.2.0/thumb/v7e-m+fp/hard\libgcc.a(_arm_fixdfsi.o)
                0x0000000000000fcc                __aeabi_d2iz
                0x0000000000000fcc                __fixdfsi
 .text          0x000000000000101c       0x30 c:/users/mauri/zephyr-sdk-0.17.4/arm-zephyr-eabi/bin/../lib/gcc/arm-zephyr-eabi/12.2.0/thumb/v7e-m+fp/hard\libgcc.a(_aeabi_uldivmod.o)
                0x000000000000101c                __aeabi_uldivmod
 .text          0x000000000000104c        0x4 c:/users/mauri/zephyr-sdk-0.17.4/arm-zephyr-eabi/bin/../lib/gcc/arm-zephyr-eabi/12.2.0/thumb/v7e-m+fp/hard\libgcc.a(_dvmd_tls.o)
                0x000000000000104c                __aeabi_idiv0
                0x000000000000104c                __aeabi_ldiv0
 .text          0x0000000000001050      0x2a0 c:/users/mauri/zephyr-sdk-0.17.4/arm-zephyr-eabi/bin/../lib/gcc/arm-zephyr-eabi/12.2.0/thumb/v7e-m+fp/hard\libgcc.a(_udivmoddi4.o)
                0x0000000000001050                __udivmoddi4
 *(SORT_BY_ALIGNMENT(.text.*))
 .text.z_cbvprintf_impl
                0x00000000000012f0      0xd1c zephyr/libzephyr.a(cbprintf_complete.c.obj)
                0x00000000000012f0                z_cbvprintf_impl
 *fill*         0x000000000000200c        0x4 
 .text._svfprintf_r
                0x0000000000002010     0x1a3c C:/Users/mauri/zephyr-sdk-0.17.4/arm-zephyr-eabi/arm-zephyr-eabi/lib/thumb/v7e-m+fp/hard\libc.a(lib_a-svfprintf.o)
                0x0000000000002010                _svfprintf_r
 *fill*         0x0000000000003a4c        0x4 
 .text._dtoa_r  0x0000000000003a50      0xe4c C:/Users/mauri/zephyr-sdk-0.17.4/arm-zephyr-eabi/arm-zephyr-eabi/lib/thumb/v7e-m+fp/hard\libc.a(lib_a-dtoa.o)
                0x0000000000003a50                _dtoa_r
 .text.main     0x000000000000489c      0x15c app/libapp.a(main.c.obj)
                0x000000000000489c                main
 .text.LCD_nokia_write_byte
                0x00000000000049f8       0x38 app/libapp.a(spi_lcd_nokia.c.obj)
 .text.Nokia_Lcd_Init
                0x0000000000004a30       0x84 app/libapp.a(spi_lcd_nokia.c.obj)
                0x0000000000004a30                Nokia_Lcd_Init
 .text.LCD_nokia_write_string_xy_FB
                0x0000000000004ab4       0x7c app/libapp.a(spi_lcd_nokia.c.obj)
                0x0000000000004ab4                LCD_nokia_write_string_xy_FB
 .text.LCD_nokia_sent_FrameBuffer
                0x0000000000004b30       0x28 app/libapp.a(spi_lcd_nokia.c.obj)
                0x0000000000004b30                LCD_nokia_sent_FrameBuffer
 .text.cbvprintf_package
                0x0000000000004b58      0x3a4 zephyr/libzephyr.a(cbprintf_packaged.c.obj)
                0x0000000000004b58                cbvprintf_package
 .text.cbprintf_package_convert
                0x0000000000004efc      0x3cc zephyr/libzephyr.a(cbprintf_packaged.c.obj)
                0x0000000000004efc                cbprintf_package_convert
 .text.__printk_hook_install
                0x00000000000052c8        0xc zephyr/libzephyr.a(printk.c.obj)
                0x00000000000052c8                __printk_hook_install
 .text.vsnprintk
                0x00000000000052d4       0x2c zephyr/libzephyr.a(printk.c.obj)
                0x00000000000052d4                vsnprintk
 .text.extract_decimal
                0x0000000000005300       0x2c zephyr/libzephyr.a(cbprintf_complete.c.obj)
 .text.encode_uint
                0x000000000000532c       0x9c zephyr/libzephyr.a(cbprintf_complete.c.obj)
 .text.clock_init
                0x00000000000053c8       0x4c zephyr/libzephyr.a(soc.c.obj)
                0x00000000000053c8                clock_init
 .text.soc_early_init_hook
                0x0000000000005414       0x20 zephyr/libzephyr.a(soc.c.obj)
                0x0000000000005414                soc_early_init_hook
 .text.activate_foreach_backend
                0x0000000000005434       0x64 zephyr/libzephyr.a(log_core.c.obj)
 .text.enable_logger
                0x0000000000005498       0x5c zephyr/libzephyr.a(log_core.c.obj)
 .text.log_process_thread_timer_expiry_fn
                0x00000000000054f4        0xc zephyr/libzephyr.a(log_core.c.obj)
 .text.z_log_init
                0x0000000000005500       0x94 zephyr/libzephyr.a(log_core.c.obj)
 .text.log_format_func_t_get
                0x0000000000005594        0xc zephyr/libzephyr.a(log_core.c.obj)
                0x0000000000005594                log_format_func_t_get
 .text.log_set_timestamp_func
                0x00000000000055a0       0x20 zephyr/libzephyr.a(log_core.c.obj)
                0x00000000000055a0                log_set_timestamp_func
 .text.z_log_notify_backend_enabled
                0x00000000000055c0       0x1c zephyr/libzephyr.a(log_core.c.obj)
                0x00000000000055c0                z_log_notify_backend_enabled
 .text.z_log_dropped
                0x00000000000055dc       0x44 zephyr/libzephyr.a(log_core.c.obj)
                0x00000000000055dc                z_log_dropped
 .text.z_log_dropped_read_and_clear
                0x0000000000005620       0x20 zephyr/libzephyr.a(log_core.c.obj)
                0x0000000000005620                z_log_dropped_read_and_clear
 .text.dropped_notify
                0x0000000000005640       0x30 zephyr/libzephyr.a(log_core.c.obj)
                0x0000000000005640                dropped_notify
 .text.z_log_msg_init
                0x0000000000005670       0x20 zephyr/libzephyr.a(log_core.c.obj)
                0x0000000000005670                z_log_msg_init
 .text.log_core_init
                0x0000000000005690       0x50 zephyr/libzephyr.a(log_core.c.obj)
                0x0000000000005690                log_core_init
 .text.z_log_msg_alloc
                0x00000000000056e0       0x10 zephyr/libzephyr.a(log_core.c.obj)
                0x00000000000056e0                z_log_msg_alloc
 .text.z_log_msg_local_claim
                0x00000000000056f0        0xc zephyr/libzephyr.a(log_core.c.obj)
                0x00000000000056f0                z_log_msg_local_claim
 .text.z_log_msg_free
                0x00000000000056fc       0x10 zephyr/libzephyr.a(log_core.c.obj)
                0x00000000000056fc                z_log_msg_free
 .text.z_log_msg_pending
                0x000000000000570c        0xc zephyr/libzephyr.a(log_core.c.obj)
                0x000000000000570c                z_log_msg_pending
 .text.z_impl_log_process
                0x0000000000005718       0xb4 zephyr/libzephyr.a(log_core.c.obj)
                0x0000000000005718                z_impl_log_process
 .text.z_impl_log_panic
                0x00000000000057cc       0x44 zephyr/libzephyr.a(log_core.c.obj)
                0x00000000000057cc                z_impl_log_panic
 .text.log_process_thread_func
                0x0000000000005810       0x9c zephyr/libzephyr.a(log_core.c.obj)
 .text.z_log_msg_post_finalize
                0x00000000000058ac       0x78 zephyr/libzephyr.a(log_core.c.obj)
 .text.z_log_msg_commit
                0x0000000000005924       0x24 zephyr/libzephyr.a(log_core.c.obj)
                0x0000000000005924                z_log_msg_commit
 .text.log_source_name_get
                0x0000000000005948       0x1c zephyr/libzephyr.a(log_mgmt.c.obj)
                0x0000000000005948                log_source_name_get
 .text.z_impl_z_log_msg_static_create
                0x0000000000005964      0x108 zephyr/libzephyr.a(log_msg.c.obj)
                0x0000000000005964                z_impl_z_log_msg_static_create
 .text.z_log_msg_runtime_vcreate
                0x0000000000005a6c       0xa0 zephyr/libzephyr.a(log_msg.c.obj)
                0x0000000000005a6c                z_log_msg_runtime_vcreate
 .text.log_msg_get_source_id
                0x0000000000005b0c       0x18 zephyr/libzephyr.a(log_msg.c.obj)
                0x0000000000005b0c                log_msg_get_source_id
 .text.print_formatted
                0x0000000000005b24       0x24 zephyr/libzephyr.a(log_output.c.obj)
 .text.newline_print
                0x0000000000005b48       0x1c zephyr/libzephyr.a(log_output.c.obj)
 .text.log_output_process
                0x0000000000005b64      0x2dc zephyr/libzephyr.a(log_output.c.obj)
                0x0000000000005b64                log_output_process
 .text.log_output_dropped_process
                0x0000000000005e40       0x58 zephyr/libzephyr.a(log_output.c.obj)
                0x0000000000005e40                log_output_dropped_process
 .text.log_output_timestamp_freq_set
                0x0000000000005e98       0x2c zephyr/libzephyr.a(log_output.c.obj)
                0x0000000000005e98                log_output_timestamp_freq_set
 .text.char_out
                0x0000000000005ec4       0x24 zephyr/libzephyr.a(log_backend_uart.c.obj)
 .text.mem_attr_get_regions
                0x0000000000005ee8        0xc zephyr/libzephyr.a(mem_attr.c.obj)
                0x0000000000005ee8                mem_attr_get_regions
 .text.z_arm_fatal_error
                0x0000000000005ef4      0x120 zephyr/arch/arch/arm/core/libarch__arm__core.a(fatal.c.obj)
                0x0000000000005ef4                z_arm_fatal_error
 .text.z_SysNmiOnReset
                0x0000000000006014        0x8 zephyr/arch/arch/arm/core/libarch__arm__core.a(nmi_on_reset.S.obj)
                0x0000000000006014                z_SysNmiOnReset
 .text._HandlerModeExit
                0x000000000000601c       0x20 zephyr/arch/arch/arm/core/cortex_m/libarch__arm__core__cortex_m.a(exc_exit.c.obj)
                0x000000000000601c                z_arm_int_exit
                0x000000000000601c                z_arm_exc_exit
 .text.usage_fault.constprop.0
                0x000000000000603c       0xa8 zephyr/arch/arch/arm/core/cortex_m/libarch__arm__core__cortex_m.a(fault.c.obj)
 .text.mem_manage_fault
                0x00000000000060e4      0x104 zephyr/arch/arch/arm/core/cortex_m/libarch__arm__core__cortex_m.a(fault.c.obj)
 .text.bus_fault
                0x00000000000061e8      0x214 zephyr/arch/arch/arm/core/cortex_m/libarch__arm__core__cortex_m.a(fault.c.obj)
 .text.z_arm_fault
                0x00000000000063fc      0x1c8 zephyr/arch/arch/arm/core/cortex_m/libarch__arm__core__cortex_m.a(fault.c.obj)
                0x00000000000063fc                z_arm_fault
 .text.z_arm_fault_init
                0x00000000000065c4       0x18 zephyr/arch/arch/arm/core/cortex_m/libarch__arm__core__cortex_m.a(fault.c.obj)
                0x00000000000065c4                z_arm_fault_init
 .text.__fault  0x00000000000065dc       0x14 zephyr/arch/arch/arm/core/cortex_m/libarch__arm__core__cortex_m.a(fault_s.S.obj)
                0x00000000000065dc                z_arm_usage_fault
                0x00000000000065dc                z_arm_mpu_fault
                0x00000000000065dc                z_arm_exc_spurious
                0x00000000000065dc                z_arm_debug_monitor
                0x00000000000065dc                z_arm_hard_fault
                0x00000000000065dc                z_arm_bus_fault
 .text._reset_section
                0x00000000000065f0       0x38 zephyr/arch/arch/arm/core/cortex_m/libarch__arm__core__cortex_m.a(reset.S.obj)
                0x00000000000065f0                __start
                0x00000000000065f0                z_arm_reset
 .text.z_impl_k_thread_abort
                0x0000000000006628       0x2c zephyr/arch/arch/arm/core/cortex_m/libarch__arm__core__cortex_m.a(thread_abort.c.obj)
                0x0000000000006628                z_impl_k_thread_abort
 .text.z_arm_pendsv
                0x0000000000006654       0x90 zephyr/arch/arch/arm/core/cortex_m/libarch__arm__core__cortex_m.a(swap_helper.S.obj)
                0x0000000000006654                z_arm_pendsv
 .text.z_arm_svc
                0x00000000000066e4       0x24 zephyr/arch/arch/arm/core/cortex_m/libarch__arm__core__cortex_m.a(swap_helper.S.obj)
                0x00000000000066e4                z_arm_svc
 .text.arm_irq_enable
                0x0000000000006708       0x1c zephyr/arch/arch/arm/core/cortex_m/libarch__arm__core__cortex_m.a(irq_manage.c.obj)
                0x0000000000006708                arm_irq_enable
 .text.arm_irq_priority_set
                0x0000000000006724       0x30 zephyr/arch/arch/arm/core/cortex_m/libarch__arm__core__cortex_m.a(irq_manage.c.obj)
                0x0000000000006724                arm_irq_priority_set
 .text.relocate_vector_table
                0x0000000000006754       0x1c zephyr/arch/arch/arm/core/cortex_m/libarch__arm__core__cortex_m.a(prep_c.c.obj)
                0x0000000000006754                relocate_vector_table
 .text.z_prep_c
                0x0000000000006770       0x4c zephyr/arch/arch/arm/core/cortex_m/libarch__arm__core__cortex_m.a(prep_c.c.obj)
                0x0000000000006770                z_prep_c
 .text.arch_new_thread
                0x00000000000067bc       0x40 zephyr/arch/arch/arm/core/cortex_m/libarch__arm__core__cortex_m.a(thread.c.obj)
                0x00000000000067bc                arch_new_thread
 .text.z_arm_mpu_stack_guard_and_fpu_adjust
                0x00000000000067fc       0x54 zephyr/arch/arch/arm/core/cortex_m/libarch__arm__core__cortex_m.a(thread.c.obj)
                0x00000000000067fc                z_arm_mpu_stack_guard_and_fpu_adjust
 .text.z_check_thread_stack_fail
                0x0000000000006850       0x2c zephyr/arch/arch/arm/core/cortex_m/libarch__arm__core__cortex_m.a(thread.c.obj)
                0x0000000000006850                z_check_thread_stack_fail
 .text.arch_float_disable
                0x000000000000687c       0x48 zephyr/arch/arch/arm/core/cortex_m/libarch__arm__core__cortex_m.a(thread.c.obj)
                0x000000000000687c                arch_float_disable
 .text.arch_switch_to_main_thread
                0x00000000000068c4       0x4c zephyr/arch/arch/arm/core/cortex_m/libarch__arm__core__cortex_m.a(thread.c.obj)
                0x00000000000068c4                arch_switch_to_main_thread
 .text.z_arm_cpu_idle_init
                0x0000000000006910        0xc zephyr/arch/arch/arm/core/cortex_m/libarch__arm__core__cortex_m.a(cpu_idle.c.obj)
                0x0000000000006910                z_arm_cpu_idle_init
 .text.z_arm_interrupt_init
                0x000000000000691c       0x18 zephyr/arch/arch/arm/core/cortex_m/libarch__arm__core__cortex_m.a(irq_init.c.obj)
                0x000000000000691c                z_arm_interrupt_init
 .text._isr_wrapper
                0x0000000000006934       0x24 zephyr/arch/arch/arm/core/cortex_m/libarch__arm__core__cortex_m.a(isr_wrapper.c.obj)
                0x0000000000006934                _isr_wrapper
 .text.z_arm_configure_static_mpu_regions
                0x0000000000006958       0x18 zephyr/arch/arch/arm/core/mpu/libarch__arm__core__mpu.a(arm_core_mpu.c.obj)
                0x0000000000006958                z_arm_configure_static_mpu_regions
 .text.z_arm_configure_dynamic_mpu_regions
                0x0000000000006970       0x2c zephyr/arch/arch/arm/core/mpu/libarch__arm__core__mpu.a(arm_core_mpu.c.obj)
                0x0000000000006970                z_arm_configure_dynamic_mpu_regions
 .text.region_init
                0x000000000000699c       0x34 zephyr/arch/arch/arm/core/mpu/libarch__arm__core__mpu.a(nxp_mpu.c.obj)
 .text.region_allocate_and_init.part.0
                0x00000000000069d0       0x1c zephyr/arch/arch/arm/core/mpu/libarch__arm__core__mpu.a(nxp_mpu.c.obj)
 .text.mpu_configure_regions
                0x00000000000069ec      0x100 zephyr/arch/arch/arm/core/mpu/libarch__arm__core__mpu.a(nxp_mpu.c.obj)
 .text.arm_core_mpu_enable
                0x0000000000006aec       0x18 zephyr/arch/arch/arm/core/mpu/libarch__arm__core__mpu.a(nxp_mpu.c.obj)
                0x0000000000006aec                arm_core_mpu_enable
 .text.arm_core_mpu_disable
                0x0000000000006b04       0x1c zephyr/arch/arch/arm/core/mpu/libarch__arm__core__mpu.a(nxp_mpu.c.obj)
                0x0000000000006b04                arm_core_mpu_disable
 .text.arm_core_mpu_configure_static_mpu_regions
                0x0000000000006b20       0x14 zephyr/arch/arch/arm/core/mpu/libarch__arm__core__mpu.a(nxp_mpu.c.obj)
                0x0000000000006b20                arm_core_mpu_configure_static_mpu_regions
 .text.arm_core_mpu_configure_dynamic_mpu_regions
                0x0000000000006b34       0x80 zephyr/arch/arch/arm/core/mpu/libarch__arm__core__mpu.a(nxp_mpu.c.obj)
                0x0000000000006b34                arm_core_mpu_configure_dynamic_mpu_regions
 .text.z_arm_mpu_init
                0x0000000000006bb4       0xe8 zephyr/arch/arch/arm/core/mpu/libarch__arm__core__mpu.a(nxp_mpu.c.obj)
                0x0000000000006bb4                z_arm_mpu_init
 .text.__stdout_hook_install
                0x0000000000006c9c        0xc zephyr/lib/libc/newlib/liblib__libc__newlib.a(libc-hooks.c.obj)
                0x0000000000006c9c                __stdout_hook_install
 .text.z_impl_zephyr_read_stdin
                0x0000000000006ca8       0x28 zephyr/lib/libc/newlib/liblib__libc__newlib.a(libc-hooks.c.obj)
                0x0000000000006ca8                z_impl_zephyr_read_stdin
 .text.z_impl_zephyr_write_stdout
                0x0000000000006cd0       0x30 zephyr/lib/libc/newlib/liblib__libc__newlib.a(libc-hooks.c.obj)
                0x0000000000006cd0                z_impl_zephyr_write_stdout
 .text._sbrk    0x0000000000006d00       0x28 zephyr/lib/libc/newlib/liblib__libc__newlib.a(libc-hooks.c.obj)
                0x0000000000006d00                sbrk
                0x0000000000006d00                _sbrk
 .text.abort    0x0000000000006d28       0x1c zephyr/lib/libc/common/liblib__libc__common.a(abort.c.obj)
                0x0000000000006d28                abort
 .text.mcux_adc16_channel_setup
                0x0000000000006d44       0x3c zephyr/drivers/adc/libdrivers__adc.a(adc_mcux_adc16.c.obj)
 .text.mcux_adc16_read
                0x0000000000006d80      0x15c zephyr/drivers/adc/libdrivers__adc.a(adc_mcux_adc16.c.obj)
 .text.mcux_mcg_get_rate.part.0
                0x0000000000006edc       0x1c zephyr/drivers/clock_control/libdrivers__clock_control.a(clock_control_mcux_mcg.c.obj)
 .text.uart_console_init
                0x0000000000006ef8       0x28 zephyr/drivers/console/libdrivers__console.a(uart_console.c.obj)
 .text.console_out
                0x0000000000006f20       0x28 zephyr/drivers/console/libdrivers__console.a(uart_console.c.obj)
 .text.i2c_mcux_configure
                0x0000000000006f48       0x5c zephyr/drivers/i2c/libdrivers__i2c.a(i2c_mcux.c.obj)
 .text.i2c_mcux_init
                0x0000000000006fa4       0xec zephyr/drivers/i2c/libdrivers__i2c.a(i2c_mcux.c.obj)
 .text.pinctrl_mcux_init.part.0
                0x0000000000007090       0x1c zephyr/drivers/pinctrl/libdrivers__pinctrl.a(pinctrl_nxp_port.c.obj)
 .text.pinctrl_mcux_init
                0x00000000000070ac       0x44 zephyr/drivers/pinctrl/libdrivers__pinctrl.a(pinctrl_nxp_port.c.obj)
 .text.pinctrl_configure_pins
                0x00000000000070f0       0x40 zephyr/drivers/pinctrl/libdrivers__pinctrl.a(pinctrl_nxp_port.c.obj)
                0x00000000000070f0                pinctrl_configure_pins
 .text.fxos8700_get_power.part.0
                0x0000000000007130       0x18 zephyr/drivers/sensor/nxp/fxos8700/libdrivers__sensor__nxp__fxos8700.a(fxos8700.c.obj)
 .text.fxos8700_channel_get
                0x0000000000007148      0x150 zephyr/drivers/sensor/nxp/fxos8700/libdrivers__sensor__nxp__fxos8700.a(fxos8700.c.obj)
 .text.fxos8700_sample_fetch
                0x0000000000007298       0x94 zephyr/drivers/sensor/nxp/fxos8700/libdrivers__sensor__nxp__fxos8700.a(fxos8700.c.obj)
 .text.fxos8700_set_odr
                0x000000000000732c      0x108 zephyr/drivers/sensor/nxp/fxos8700/libdrivers__sensor__nxp__fxos8700.a(fxos8700.c.obj)
 .text.fxos8700_init
                0x0000000000007434      0x21c zephyr/drivers/sensor/nxp/fxos8700/libdrivers__sensor__nxp__fxos8700.a(fxos8700.c.obj)
 .text.temp_kinetis_init
                0x0000000000007650       0x98 zephyr/drivers/sensor/nxp/nxp_kinetis_temp/libdrivers__sensor__nxp__nxp_kinetis_temp.a(temp_kinetis.c.obj)
 .text.temp_kinetis_sample_fetch
                0x00000000000076e8       0x78 zephyr/drivers/sensor/nxp/nxp_kinetis_temp/libdrivers__sensor__nxp__nxp_kinetis_temp.a(temp_kinetis.c.obj)
 .text.spi_mcux_init
                0x0000000000007760       0xe0 zephyr/drivers/spi/libdrivers__spi.a(spi_mcux_dspi.c.obj)
 .text.spi_mcux_transfer_next_packet
                0x0000000000007840      0x104 zephyr/drivers/spi/libdrivers__spi.a(spi_mcux_dspi.c.obj)
 .text.spi_mcux_master_transfer_callback
                0x0000000000007944       0xac zephyr/drivers/spi/libdrivers__spi.a(spi_mcux_dspi.c.obj)
 .text.spi_mcux_transceive
                0x00000000000079f0      0x268 zephyr/drivers/spi/libdrivers__spi.a(spi_mcux_dspi.c.obj)
 .text.elapsed  0x0000000000007c58       0x4c zephyr/drivers/timer/libdrivers__timer.a(cortex_m_systick.c.obj)
 .text.sys_clock_driver_init
                0x0000000000007ca4       0x38 zephyr/drivers/timer/libdrivers__timer.a(cortex_m_systick.c.obj)
 .text.sys_clock_isr
                0x0000000000007cdc       0x60 zephyr/drivers/timer/libdrivers__timer.a(cortex_m_systick.c.obj)
                0x0000000000007cdc                sys_clock_isr
 .text.sys_clock_set_timeout
                0x0000000000007d3c       0xf8 zephyr/drivers/timer/libdrivers__timer.a(cortex_m_systick.c.obj)
                0x0000000000007d3c                sys_clock_set_timeout
 .text.sys_clock_elapsed
                0x0000000000007e34       0x3c zephyr/drivers/timer/libdrivers__timer.a(cortex_m_systick.c.obj)
                0x0000000000007e34                sys_clock_elapsed
 .text.sys_clock_cycle_get_32
                0x0000000000007e70       0x28 zephyr/drivers/timer/libdrivers__timer.a(cortex_m_systick.c.obj)
                0x0000000000007e70                sys_clock_cycle_get_32
 .text.CLOCK_GetMcgExtClkFreq
                0x0000000000007e98       0x34 modules/hal_nxp/libmodules__hal_nxp.a(fsl_clock.c.obj)
 .text.CLOCK_GetFllRefClkFreq
                0x0000000000007ecc       0x54 modules/hal_nxp/libmodules__hal_nxp.a(fsl_clock.c.obj)
 .text.CLOCK_GetInternalRefClkSelectFreq
                0x0000000000007f20       0x28 modules/hal_nxp/libmodules__hal_nxp.a(fsl_clock.c.obj)
 .text.CLOCK_GetOsc0ErClkFreq
                0x0000000000007f48       0x18 modules/hal_nxp/libmodules__hal_nxp.a(fsl_clock.c.obj)
                0x0000000000007f48                CLOCK_GetOsc0ErClkFreq
 .text.CLOCK_GetEr32kClkFreq
                0x0000000000007f60       0x3c modules/hal_nxp/libmodules__hal_nxp.a(fsl_clock.c.obj)
                0x0000000000007f60                CLOCK_GetEr32kClkFreq
 .text.CLOCK_SetSimConfig
                0x0000000000007f9c       0x38 modules/hal_nxp/libmodules__hal_nxp.a(fsl_clock.c.obj)
                0x0000000000007f9c                CLOCK_SetSimConfig
 .text.CLOCK_GetFllFreq
                0x0000000000007fd4       0x3c modules/hal_nxp/libmodules__hal_nxp.a(fsl_clock.c.obj)
                0x0000000000007fd4                CLOCK_GetFllFreq
 .text.CLOCK_GetInternalRefClkFreq
                0x0000000000008010       0x14 modules/hal_nxp/libmodules__hal_nxp.a(fsl_clock.c.obj)
                0x0000000000008010                CLOCK_GetInternalRefClkFreq
 .text.CLOCK_GetPll0Freq
                0x0000000000008024       0x2c modules/hal_nxp/libmodules__hal_nxp.a(fsl_clock.c.obj)
                0x0000000000008024                CLOCK_GetPll0Freq
 .text.CLOCK_GetPllFllSelClkFreq
                0x0000000000008050       0x2c modules/hal_nxp/libmodules__hal_nxp.a(fsl_clock.c.obj)
                0x0000000000008050                CLOCK_GetPllFllSelClkFreq
 .text.CLOCK_GetOutClkFreq
                0x000000000000807c       0x28 modules/hal_nxp/libmodules__hal_nxp.a(fsl_clock.c.obj)
                0x000000000000807c                CLOCK_GetOutClkFreq
 .text.CLOCK_GetFreq
                0x00000000000080a4       0xa8 modules/hal_nxp/libmodules__hal_nxp.a(fsl_clock.c.obj)
                0x00000000000080a4                CLOCK_GetFreq
 .text.CLOCK_SetExternalRefClkConfig
                0x000000000000814c       0x38 modules/hal_nxp/libmodules__hal_nxp.a(fsl_clock.c.obj)
                0x000000000000814c                CLOCK_SetExternalRefClkConfig
 .text.CLOCK_SetInternalRefClkConfig
                0x0000000000008184       0x80 modules/hal_nxp/libmodules__hal_nxp.a(fsl_clock.c.obj)
                0x0000000000008184                CLOCK_SetInternalRefClkConfig
 .text.CLOCK_EnablePll0
                0x0000000000008204       0x34 modules/hal_nxp/libmodules__hal_nxp.a(fsl_clock.c.obj)
                0x0000000000008204                CLOCK_EnablePll0
 .text.CLOCK_InitOsc0
                0x0000000000008238       0x64 modules/hal_nxp/libmodules__hal_nxp.a(fsl_clock.c.obj)
                0x0000000000008238                CLOCK_InitOsc0
 .text.CLOCK_SetPbeMode
                0x000000000000829c       0x50 modules/hal_nxp/libmodules__hal_nxp.a(fsl_clock.c.obj)
                0x000000000000829c                CLOCK_SetPbeMode
 .text.CLOCK_BootToPeeMode
                0x00000000000082ec       0x30 modules/hal_nxp/libmodules__hal_nxp.a(fsl_clock.c.obj)
                0x00000000000082ec                CLOCK_BootToPeeMode
 .text.SystemInit
                0x000000000000831c       0x34 modules/hal_nxp/libmodules__hal_nxp.a(system_MK64F12.c.obj)
                0x000000000000831c                SystemInit
 .text.ADC16_Init
                0x0000000000008350       0xb8 modules/hal_nxp/libmodules__hal_nxp.a(fsl_adc16.c.obj)
                0x0000000000008350                ADC16_Init
 .text.__NVIC_EnableIRQ
                0x0000000000008408       0x1c modules/hal_nxp/libmodules__hal_nxp.a(fsl_dspi.c.obj)
 .text.DSPI_GetInstance
                0x0000000000008424       0x28 modules/hal_nxp/libmodules__hal_nxp.a(fsl_dspi.c.obj)
                0x0000000000008424                DSPI_GetInstance
 .text.DSPI_GetDummyDataInstance
                0x000000000000844c       0x10 modules/hal_nxp/libmodules__hal_nxp.a(fsl_dspi.c.obj)
                0x000000000000844c                DSPI_GetDummyDataInstance
 .text.DSPI_SetDummyData
                0x000000000000845c       0x10 modules/hal_nxp/libmodules__hal_nxp.a(fsl_dspi.c.obj)
                0x000000000000845c                DSPI_SetDummyData
 .text.DSPI_MasterGetDefaultConfig
                0x000000000000846c       0x2c modules/hal_nxp/libmodules__hal_nxp.a(fsl_dspi.c.obj)
                0x000000000000846c                DSPI_MasterGetDefaultConfig
 .text.DSPI_MasterSetBaudRate
                0x0000000000008498       0xd8 modules/hal_nxp/libmodules__hal_nxp.a(fsl_dspi.c.obj)
                0x0000000000008498                DSPI_MasterSetBaudRate
 .text.DSPI_MasterSetDelayTimes
                0x0000000000008570       0xbc modules/hal_nxp/libmodules__hal_nxp.a(fsl_dspi.c.obj)
                0x0000000000008570                DSPI_MasterSetDelayTimes
 .text.DSPI_MasterInit
                0x000000000000862c      0x110 modules/hal_nxp/libmodules__hal_nxp.a(fsl_dspi.c.obj)
                0x000000000000862c                DSPI_MasterInit
 .text.DSPI_MasterTransferCreateHandle
                0x000000000000873c       0x2c modules/hal_nxp/libmodules__hal_nxp.a(fsl_dspi.c.obj)
                0x000000000000873c                DSPI_MasterTransferCreateHandle
 .text.DSPI_MasterTransferNonBlocking
                0x0000000000008768      0x148 modules/hal_nxp/libmodules__hal_nxp.a(fsl_dspi.c.obj)
                0x0000000000008768                DSPI_MasterTransferNonBlocking
 .text.__NVIC_EnableIRQ
                0x00000000000088b0       0x1c modules/hal_nxp/libmodules__hal_nxp.a(fsl_i2c.c.obj)
 .text.I2C_GetInstance
                0x00000000000088cc       0x28 modules/hal_nxp/libmodules__hal_nxp.a(fsl_i2c.c.obj)
                0x00000000000088cc                I2C_GetInstance
 .text.I2C_MasterGetDefaultConfig
                0x00000000000088f4       0x18 modules/hal_nxp/libmodules__hal_nxp.a(fsl_i2c.c.obj)
                0x00000000000088f4                I2C_MasterGetDefaultConfig
 .text.I2C_MasterSetBaudRate
                0x000000000000890c       0x60 modules/hal_nxp/libmodules__hal_nxp.a(fsl_i2c.c.obj)
                0x000000000000890c                I2C_MasterSetBaudRate
 .text.I2C_MasterInit
                0x000000000000896c       0x84 modules/hal_nxp/libmodules__hal_nxp.a(fsl_i2c.c.obj)
                0x000000000000896c                I2C_MasterInit
 .text.I2C_MasterTransferCreateHandle
                0x00000000000089f0       0x4c modules/hal_nxp/libmodules__hal_nxp.a(fsl_i2c.c.obj)
                0x00000000000089f0                I2C_MasterTransferCreateHandle
 .text.UART_GetInstance
                0x0000000000008a3c       0x4c modules/hal_nxp/libmodules__hal_nxp.a(fsl_uart.c.obj)
                0x0000000000008a3c                UART_GetInstance
 .text.UART_Init
                0x0000000000008a88      0x104 modules/hal_nxp/libmodules__hal_nxp.a(fsl_uart.c.obj)
                0x0000000000008a88                UART_Init
 .text.k_sys_fatal_error_handler
                0x0000000000008b8c       0x20 zephyr/kernel/libkernel.a(fatal.c.obj)
                0x0000000000008b8c                k_sys_fatal_error_handler
 .text.z_fatal_error
                0x0000000000008bac       0xe8 zephyr/kernel/libkernel.a(fatal.c.obj)
                0x0000000000008bac                z_fatal_error
 .text.z_sys_init_run_level
                0x0000000000008c94       0x30 zephyr/kernel/libkernel.a(init.c.obj)
 .text.bg_thread_main
                0x0000000000008cc4       0xc0 zephyr/kernel/libkernel.a(init.c.obj)
 .text.z_bss_zero
                0x0000000000008d84       0x18 zephyr/kernel/libkernel.a(init.c.obj)
                0x0000000000008d84                z_bss_zero
 .text.z_init_cpu
                0x0000000000008d9c       0x6c zephyr/kernel/libkernel.a(init.c.obj)
                0x0000000000008d9c                z_init_cpu
 .text.z_cstart
                0x0000000000008e08       0xd4 zephyr/kernel/libkernel.a(init.c.obj)
                0x0000000000008e08                z_cstart
 .text.z_impl_k_mutex_lock
                0x0000000000008edc       0xf0 zephyr/kernel/libkernel.a(mutex.c.obj)
                0x0000000000008edc                z_impl_k_mutex_lock
 .text.z_impl_k_mutex_unlock
                0x0000000000008fcc       0xa0 zephyr/kernel/libkernel.a(mutex.c.obj)
                0x0000000000008fcc                z_impl_k_mutex_unlock
 .text.z_impl_k_sem_give
                0x000000000000906c       0x68 zephyr/kernel/libkernel.a(sem.c.obj)
                0x000000000000906c                z_impl_k_sem_give
 .text.z_impl_k_sem_take
                0x00000000000090d4       0x4c zephyr/kernel/libkernel.a(sem.c.obj)
                0x00000000000090d4                z_impl_k_sem_take
 .text.z_setup_new_thread
                0x0000000000009120       0x7c zephyr/kernel/libkernel.a(thread.c.obj)
                0x0000000000009120                z_setup_new_thread
 .text.z_impl_k_thread_create
                0x000000000000919c       0x58 zephyr/kernel/libkernel.a(thread.c.obj)
                0x000000000000919c                z_impl_k_thread_create
 .text.z_dummy_thread_init
                0x00000000000091f4       0x18 zephyr/kernel/libkernel.a(thread.c.obj)
                0x00000000000091f4                z_dummy_thread_init
 .text.z_swap_irqlock
                0x000000000000920c       0x30 zephyr/kernel/libkernel.a(sched.c.obj)
 .text.ready_thread
                0x000000000000923c       0x84 zephyr/kernel/libkernel.a(sched.c.obj)
 .text.unready_thread
                0x00000000000092c0       0x54 zephyr/kernel/libkernel.a(sched.c.obj)
 .text.add_thread_timeout
                0x0000000000009314       0x1c zephyr/kernel/libkernel.a(sched.c.obj)
 .text.move_thread_to_end_of_prio_q
                0x0000000000009330       0x90 zephyr/kernel/libkernel.a(sched.c.obj)
                0x0000000000009330                move_thread_to_end_of_prio_q
 .text.z_pend_curr
                0x00000000000093c0       0x44 zephyr/kernel/libkernel.a(sched.c.obj)
                0x00000000000093c0                z_pend_curr
 .text.z_thread_prio_set
                0x0000000000009404       0xe4 zephyr/kernel/libkernel.a(sched.c.obj)
                0x0000000000009404                z_thread_prio_set
 .text.z_reschedule
                0x00000000000094e8       0x24 zephyr/kernel/libkernel.a(sched.c.obj)
                0x00000000000094e8                z_reschedule
 .text.z_reschedule_irqlock
                0x000000000000950c       0x28 zephyr/kernel/libkernel.a(sched.c.obj)
                0x000000000000950c                z_reschedule_irqlock
 .text.k_sched_lock
                0x0000000000009534       0x28 zephyr/kernel/libkernel.a(sched.c.obj)
                0x0000000000009534                k_sched_lock
 .text.k_sched_unlock
                0x000000000000955c       0x68 zephyr/kernel/libkernel.a(sched.c.obj)
                0x000000000000955c                k_sched_unlock
 .text.z_sched_init
                0x00000000000095c4       0x10 zephyr/kernel/libkernel.a(sched.c.obj)
                0x00000000000095c4                z_sched_init
 .text.z_impl_k_yield
                0x00000000000095d4       0x88 zephyr/kernel/libkernel.a(sched.c.obj)
                0x00000000000095d4                z_impl_k_yield
 .text.z_tick_sleep
                0x000000000000965c       0x78 zephyr/kernel/libkernel.a(sched.c.obj)
 .text.z_impl_k_wakeup
                0x00000000000096d4       0x48 zephyr/kernel/libkernel.a(sched.c.obj)
                0x00000000000096d4                z_impl_k_wakeup
 .text.z_impl_k_sched_current_thread_query
                0x000000000000971c        0xc zephyr/kernel/libkernel.a(sched.c.obj)
                0x000000000000971c                z_impl_k_sched_current_thread_query
 .text.z_thread_abort
                0x0000000000009728      0x140 zephyr/kernel/libkernel.a(sched.c.obj)
                0x0000000000009728                z_thread_abort
 .text.slice_timeout
                0x0000000000009868       0x20 zephyr/kernel/libkernel.a(timeslicing.c.obj)
 .text.thread_is_sliceable
                0x0000000000009888       0x3c zephyr/kernel/libkernel.a(timeslicing.c.obj)
                0x0000000000009888                thread_is_sliceable
 .text.z_reset_time_slice
                0x00000000000098c4       0x50 zephyr/kernel/libkernel.a(timeslicing.c.obj)
                0x00000000000098c4                z_reset_time_slice
 .text.z_time_slice
                0x0000000000009914       0x60 zephyr/kernel/libkernel.a(timeslicing.c.obj)
                0x0000000000009914                z_time_slice
 .text.z_data_copy
                0x0000000000009974       0x38 zephyr/kernel/libkernel.a(xip.c.obj)
                0x0000000000009974                z_data_copy
 .text.first    0x00000000000099ac       0x10 zephyr/kernel/libkernel.a(timeout.c.obj)
 .text.elapsed  0x00000000000099bc       0x14 zephyr/kernel/libkernel.a(timeout.c.obj)
 .text.remove_timeout
                0x00000000000099d0       0x38 zephyr/kernel/libkernel.a(timeout.c.obj)
 .text.z_add_timeout
                0x0000000000009a08      0x120 zephyr/kernel/libkernel.a(timeout.c.obj)
                0x0000000000009a08                z_add_timeout
 .text.sys_clock_announce
                0x0000000000009b28       0xb4 zephyr/kernel/libkernel.a(timeout.c.obj)
                0x0000000000009b28                sys_clock_announce
 .text.sys_clock_tick_get
                0x0000000000009bdc       0x30 zephyr/kernel/libkernel.a(timeout.c.obj)
                0x0000000000009bdc                sys_clock_tick_get
 .text.z_timer_expiration_handler
                0x0000000000009c0c      0x110 zephyr/kernel/libkernel.a(timer.c.obj)
                0x0000000000009c0c                z_timer_expiration_handler
 .text.z_impl_k_timer_start
                0x0000000000009d1c       0x70 zephyr/kernel/libkernel.a(timer.c.obj)
                0x0000000000009d1c                z_impl_k_timer_start
 .text.boot_banner
                0x0000000000009d8c        0xc zephyr/kernel/libkernel.a(banner.c.obj)
                0x0000000000009d8c                boot_banner
 .text.malloc   0x0000000000009d98       0x10 C:/Users/mauri/zephyr-sdk-0.17.4/arm-zephyr-eabi/arm-zephyr-eabi/lib/thumb/v7e-m+fp/hard\libc.a(lib_a-malloc.o)
                0x0000000000009d98                malloc
 .text.free     0x0000000000009da8       0x10 C:/Users/mauri/zephyr-sdk-0.17.4/arm-zephyr-eabi/arm-zephyr-eabi/lib/thumb/v7e-m+fp/hard\libc.a(lib_a-malloc.o)
                0x0000000000009da8                free
 .text._malloc_r
                0x0000000000009db8      0x578 C:/Users/mauri/zephyr-sdk-0.17.4/arm-zephyr-eabi/arm-zephyr-eabi/lib/thumb/v7e-m+fp/hard\libc.a(lib_a-mallocr.o)
                0x0000000000009db8                _malloc_r
 .text.memset   0x000000000000a330       0xa4 C:/Users/mauri/zephyr-sdk-0.17.4/arm-zephyr-eabi/arm-zephyr-eabi/lib/thumb/v7e-m+fp/hard\libc.a(lib_a-memset.o)
                0x000000000000a330                memset
 .text.__malloc_lock
                0x000000000000a3d4        0xc C:/Users/mauri/zephyr-sdk-0.17.4/arm-zephyr-eabi/arm-zephyr-eabi/lib/thumb/v7e-m+fp/hard\libc.a(lib_a-mlock.o)
                0x000000000000a3d4                __malloc_lock
 .text.__malloc_unlock
                0x000000000000a3e0        0xc C:/Users/mauri/zephyr-sdk-0.17.4/arm-zephyr-eabi/arm-zephyr-eabi/lib/thumb/v7e-m+fp/hard\libc.a(lib_a-mlock.o)
                0x000000000000a3e0                __malloc_unlock
 .text.rand     0x000000000000a3ec       0x40 C:/Users/mauri/zephyr-sdk-0.17.4/arm-zephyr-eabi/arm-zephyr-eabi/lib/thumb/v7e-m+fp/hard\libc.a(lib_a-rand.o)
                0x000000000000a3ec                rand
 .text._sbrk_r  0x000000000000a42c       0x24 C:/Users/mauri/zephyr-sdk-0.17.4/arm-zephyr-eabi/arm-zephyr-eabi/lib/thumb/v7e-m+fp/hard\libc.a(lib_a-sbrkr.o)
                0x000000000000a42c                _sbrk_r
 .text.snprintf
                0x000000000000a450       0x88 C:/Users/mauri/zephyr-sdk-0.17.4/arm-zephyr-eabi/arm-zephyr-eabi/lib/thumb/v7e-m+fp/hard\libc.a(lib_a-snprintf.o)
                0x000000000000a450                snprintf
 .text.strnlen  0x000000000000a4d8       0x24 C:/Users/mauri/zephyr-sdk-0.17.4/arm-zephyr-eabi/arm-zephyr-eabi/lib/thumb/v7e-m+fp/hard\libc.a(lib_a-strnlen.o)
                0x000000000000a4d8                strnlen
 .text.quorem   0x000000000000a4fc      0x12c C:/Users/mauri/zephyr-sdk-0.17.4/arm-zephyr-eabi/arm-zephyr-eabi/lib/thumb/v7e-m+fp/hard\libc.a(lib_a-dtoa.o)
 .text._malloc_trim_r
                0x000000000000a628       0x9c C:/Users/mauri/zephyr-sdk-0.17.4/arm-zephyr-eabi/arm-zephyr-eabi/lib/thumb/v7e-m+fp/hard\libc.a(lib_a-freer.o)
                0x000000000000a628                _malloc_trim_r
 .text._free_r  0x000000000000a6c4      0x1fc C:/Users/mauri/zephyr-sdk-0.17.4/arm-zephyr-eabi/arm-zephyr-eabi/lib/thumb/v7e-m+fp/hard\libc.a(lib_a-freer.o)
                0x000000000000a6c4                _free_r
 .text._localeconv_r
                0x000000000000a8c0        0x8 C:/Users/mauri/zephyr-sdk-0.17.4/arm-zephyr-eabi/arm-zephyr-eabi/lib/thumb/v7e-m+fp/hard\libc.a(lib_a-localeconv.o)
                0x000000000000a8c0                _localeconv_r
 .text._Balloc  0x000000000000a8c8       0x4c C:/Users/mauri/zephyr-sdk-0.17.4/arm-zephyr-eabi/arm-zephyr-eabi/lib/thumb/v7e-m+fp/hard\libc.a(lib_a-mprec.o)
                0x000000000000a8c8                _Balloc
 .text._Bfree   0x000000000000a914       0x14 C:/Users/mauri/zephyr-sdk-0.17.4/arm-zephyr-eabi/arm-zephyr-eabi/lib/thumb/v7e-m+fp/hard\libc.a(lib_a-mprec.o)
                0x000000000000a914                _Bfree
 .text.__multadd
                0x000000000000a928       0xa0 C:/Users/mauri/zephyr-sdk-0.17.4/arm-zephyr-eabi/arm-zephyr-eabi/lib/thumb/v7e-m+fp/hard\libc.a(lib_a-mprec.o)
                0x000000000000a928                __multadd
 .text.__hi0bits
                0x000000000000a9c8       0x44 C:/Users/mauri/zephyr-sdk-0.17.4/arm-zephyr-eabi/arm-zephyr-eabi/lib/thumb/v7e-m+fp/hard\libc.a(lib_a-mprec.o)
                0x000000000000a9c8                __hi0bits
 .text.__lo0bits
                0x000000000000aa0c       0x60 C:/Users/mauri/zephyr-sdk-0.17.4/arm-zephyr-eabi/arm-zephyr-eabi/lib/thumb/v7e-m+fp/hard\libc.a(lib_a-mprec.o)
                0x000000000000aa0c                __lo0bits
 .text.__i2b    0x000000000000aa6c       0x5c C:/Users/mauri/zephyr-sdk-0.17.4/arm-zephyr-eabi/arm-zephyr-eabi/lib/thumb/v7e-m+fp/hard\libc.a(lib_a-mprec.o)
                0x000000000000aa6c                __i2b
 .text.__multiply
                0x000000000000aac8      0x16c C:/Users/mauri/zephyr-sdk-0.17.4/arm-zephyr-eabi/arm-zephyr-eabi/lib/thumb/v7e-m+fp/hard\libc.a(lib_a-mprec.o)
                0x000000000000aac8                __multiply
 .text.__pow5mult
                0x000000000000ac34       0xb4 C:/Users/mauri/zephyr-sdk-0.17.4/arm-zephyr-eabi/arm-zephyr-eabi/lib/thumb/v7e-m+fp/hard\libc.a(lib_a-mprec.o)
                0x000000000000ac34                __pow5mult
 .text.__lshift
                0x000000000000ace8       0xf0 C:/Users/mauri/zephyr-sdk-0.17.4/arm-zephyr-eabi/arm-zephyr-eabi/lib/thumb/v7e-m+fp/hard\libc.a(lib_a-mprec.o)
                0x000000000000ace8                __lshift
 .text.__mcmp   0x000000000000add8       0x44 C:/Users/mauri/zephyr-sdk-0.17.4/arm-zephyr-eabi/arm-zephyr-eabi/lib/thumb/v7e-m+fp/hard\libc.a(lib_a-mprec.o)
                0x000000000000add8                __mcmp
 .text.__mdiff  0x000000000000ae1c      0x164 C:/Users/mauri/zephyr-sdk-0.17.4/arm-zephyr-eabi/arm-zephyr-eabi/lib/thumb/v7e-m+fp/hard\libc.a(lib_a-mprec.o)
                0x000000000000ae1c                __mdiff
 .text.__d2b    0x000000000000af80       0xc0 C:/Users/mauri/zephyr-sdk-0.17.4/arm-zephyr-eabi/arm-zephyr-eabi/lib/thumb/v7e-m+fp/hard\libc.a(lib_a-mprec.o)
                0x000000000000af80                __d2b
 .text.frexp    0x000000000000b040       0x68 C:/Users/mauri/zephyr-sdk-0.17.4/arm-zephyr-eabi/arm-zephyr-eabi/lib/thumb/v7e-m+fp/hard\libc.a(lib_a-s_frexp.o)
                0x000000000000b040                frexp
 .text.strncpy  0x000000000000b0a8       0x68 C:/Users/mauri/zephyr-sdk-0.17.4/arm-zephyr-eabi/arm-zephyr-eabi/lib/thumb/v7e-m+fp/hard\libc.a(lib_a-strncpy.o)
                0x000000000000b0a8                strncpy
 .text.__ssprint_r
                0x000000000000b110      0x108 C:/Users/mauri/zephyr-sdk-0.17.4/arm-zephyr-eabi/arm-zephyr-eabi/lib/thumb/v7e-m+fp/hard\libc.a(lib_a-svfiprintf.o)
                0x000000000000b110                __ssprint_r
 .text.__assert_func
                0x000000000000b218       0x40 C:/Users/mauri/zephyr-sdk-0.17.4/arm-zephyr-eabi/arm-zephyr-eabi/lib/thumb/v7e-m+fp/hard\libc.a(lib_a-assert.o)
                0x000000000000b218                __assert_func
 .text._calloc_r
                0x000000000000b258       0x60 C:/Users/mauri/zephyr-sdk-0.17.4/arm-zephyr-eabi/arm-zephyr-eabi/lib/thumb/v7e-m+fp/hard\libc.a(lib_a-callocr.o)
                0x000000000000b258                _calloc_r
 .text.fiprintf
                0x000000000000b2b8       0x28 C:/Users/mauri/zephyr-sdk-0.17.4/arm-zephyr-eabi/arm-zephyr-eabi/lib/thumb/v7e-m+fp/hard\libc.a(lib_a-fiprintf.o)
                0x000000000000b2b8                fiprintf
 .text.__ascii_mbtowc
                0x000000000000b2e0       0x2c C:/Users/mauri/zephyr-sdk-0.17.4/arm-zephyr-eabi/arm-zephyr-eabi/lib/thumb/v7e-m+fp/hard\libc.a(lib_a-mbtowc_r.o)
                0x000000000000b2e0                __ascii_mbtowc
 .text.memmove  0x000000000000b30c      0x100 C:/Users/mauri/zephyr-sdk-0.17.4/arm-zephyr-eabi/arm-zephyr-eabi/lib/thumb/v7e-m+fp/hard\libc.a(lib_a-memmove.o)
                0x000000000000b30c                memmove
 .text._realloc_r
                0x000000000000b40c      0x344 C:/Users/mauri/zephyr-sdk-0.17.4/arm-zephyr-eabi/arm-zephyr-eabi/lib/thumb/v7e-m+fp/hard\libc.a(lib_a-reallocr.o)
                0x000000000000b40c                _realloc_r
 .text._vfiprintf_r
                0x000000000000b750      0xd94 C:/Users/mauri/zephyr-sdk-0.17.4/arm-zephyr-eabi/arm-zephyr-eabi/lib/thumb/v7e-m+fp/hard\libc.a(lib_a-vfiprintf.o)
                0x000000000000b750                _vfiprintf_r
 .text.__sbprintf
                0x000000000000c4e4       0x80 C:/Users/mauri/zephyr-sdk-0.17.4/arm-zephyr-eabi/arm-zephyr-eabi/lib/thumb/v7e-m+fp/hard\libc.a(lib_a-vfiprintf.o)
 .text.__ascii_wctomb
                0x000000000000c564       0x1c C:/Users/mauri/zephyr-sdk-0.17.4/arm-zephyr-eabi/arm-zephyr-eabi/lib/thumb/v7e-m+fp/hard\libc.a(lib_a-wctomb_r.o)
                0x000000000000c564                __ascii_wctomb
 .text.__swsetup_r
                0x000000000000c580       0xc4 C:/Users/mauri/zephyr-sdk-0.17.4/arm-zephyr-eabi/arm-zephyr-eabi/lib/thumb/v7e-m+fp/hard\libc.a(lib_a-wsetup.o)
                0x000000000000c580                __swsetup_r
 .text.__sflush_r
                0x000000000000c644      0x120 C:/Users/mauri/zephyr-sdk-0.17.4/arm-zephyr-eabi/arm-zephyr-eabi/lib/thumb/v7e-m+fp/hard\libc.a(lib_a-fflush.o)
                0x000000000000c644                __sflush_r
 .text._fflush_r
                0x000000000000c764       0x5c C:/Users/mauri/zephyr-sdk-0.17.4/arm-zephyr-eabi/arm-zephyr-eabi/lib/thumb/v7e-m+fp/hard\libc.a(lib_a-fflush.o)
                0x000000000000c764                _fflush_r
 .text._cleanup_r
                0x000000000000c7c0        0xc C:/Users/mauri/zephyr-sdk-0.17.4/arm-zephyr-eabi/arm-zephyr-eabi/lib/thumb/v7e-m+fp/hard\libc.a(lib_a-findfp.o)
                0x000000000000c7c0                _cleanup_r
 .text.__sinit  0x000000000000c7cc      0x10c C:/Users/mauri/zephyr-sdk-0.17.4/arm-zephyr-eabi/arm-zephyr-eabi/lib/thumb/v7e-m+fp/hard\libc.a(lib_a-findfp.o)
                0x000000000000c7cc                __sinit
 .text.__sfvwrite_r
                0x000000000000c8d8      0x300 C:/Users/mauri/zephyr-sdk-0.17.4/arm-zephyr-eabi/arm-zephyr-eabi/lib/thumb/v7e-m+fp/hard\libc.a(lib_a-fvwrite.o)
                0x000000000000c8d8                __sfvwrite_r
 .text._fwalk_reent
                0x000000000000cbd8       0x48 C:/Users/mauri/zephyr-sdk-0.17.4/arm-zephyr-eabi/arm-zephyr-eabi/lib/thumb/v7e-m+fp/hard\libc.a(lib_a-fwalk.o)
                0x000000000000cbd8                _fwalk_reent
 .text.__smakebuf_r
                0x000000000000cc20       0xc4 C:/Users/mauri/zephyr-sdk-0.17.4/arm-zephyr-eabi/arm-zephyr-eabi/lib/thumb/v7e-m+fp/hard\libc.a(lib_a-makebuf.o)
                0x000000000000cc20                __smakebuf_r
 .text.__sread  0x000000000000cce4       0x24 C:/Users/mauri/zephyr-sdk-0.17.4/arm-zephyr-eabi/arm-zephyr-eabi/lib/thumb/v7e-m+fp/hard\libc.a(lib_a-stdio.o)
                0x000000000000cce4                __sread
 .text.__swrite
                0x000000000000cd08       0x40 C:/Users/mauri/zephyr-sdk-0.17.4/arm-zephyr-eabi/arm-zephyr-eabi/lib/thumb/v7e-m+fp/hard\libc.a(lib_a-stdio.o)
                0x000000000000cd08                __swrite
 .text.__sseek  0x000000000000cd48       0x24 C:/Users/mauri/zephyr-sdk-0.17.4/arm-zephyr-eabi/arm-zephyr-eabi/lib/thumb/v7e-m+fp/hard\libc.a(lib_a-stdio.o)
                0x000000000000cd48                __sseek
 .text.__sclose
                0x000000000000cd6c        0x8 C:/Users/mauri/zephyr-sdk-0.17.4/arm-zephyr-eabi/arm-zephyr-eabi/lib/thumb/v7e-m+fp/hard\libc.a(lib_a-stdio.o)
                0x000000000000cd6c                __sclose
 .text._write_r
                0x000000000000cd74       0x2c C:/Users/mauri/zephyr-sdk-0.17.4/arm-zephyr-eabi/arm-zephyr-eabi/lib/thumb/v7e-m+fp/hard\libc.a(lib_a-writer.o)
                0x000000000000cd74                _write_r
 .text._close_r
                0x000000000000cda0       0x24 C:/Users/mauri/zephyr-sdk-0.17.4/arm-zephyr-eabi/arm-zephyr-eabi/lib/thumb/v7e-m+fp/hard\libc.a(lib_a-closer.o)
                0x000000000000cda0                _close_r
 .text._fstat_r
                0x000000000000cdc4       0x2c C:/Users/mauri/zephyr-sdk-0.17.4/arm-zephyr-eabi/arm-zephyr-eabi/lib/thumb/v7e-m+fp/hard\libc.a(lib_a-fstatr.o)
                0x000000000000cdc4                _fstat_r
 .text._isatty_r
                0x000000000000cdf0       0x24 C:/Users/mauri/zephyr-sdk-0.17.4/arm-zephyr-eabi/arm-zephyr-eabi/lib/thumb/v7e-m+fp/hard\libc.a(lib_a-isattyr.o)
                0x000000000000cdf0                _isatty_r
 .text._lseek_r
                0x000000000000ce14       0x2c C:/Users/mauri/zephyr-sdk-0.17.4/arm-zephyr-eabi/arm-zephyr-eabi/lib/thumb/v7e-m+fp/hard\libc.a(lib_a-lseekr.o)
                0x000000000000ce14                _lseek_r
 .text._read_r  0x000000000000ce40       0x2c C:/Users/mauri/zephyr-sdk-0.17.4/arm-zephyr-eabi/arm-zephyr-eabi/lib/thumb/v7e-m+fp/hard\libc.a(lib_a-readr.o)
                0x000000000000ce40                _read_r
 .text._OffsetAbsSyms
                0x000000000000ce6c        0x2 zephyr/CMakeFiles/offsets.dir/./arch/arm/core/offsets/offsets.c.obj
                0x000000000000ce6c                _OffsetAbsSyms
 .text.gpio_pin_set_dt.isra.0
                0x000000000000ce6e       0x28 app/libapp.a(spi_lcd_nokia.c.obj)
 .text.gpio_pin_configure_dt.constprop.0.isra.0
                0x000000000000ce96       0x2e app/libapp.a(spi_lcd_nokia.c.obj)
 .text.LCD_nokia_bitmap
                0x000000000000cec4       0x18 app/libapp.a(spi_lcd_nokia.c.obj)
                0x000000000000cec4                LCD_nokia_bitmap
 .text.LCD_nokia_goto_xy
                0x000000000000cedc       0x1c app/libapp.a(spi_lcd_nokia.c.obj)
                0x000000000000cedc                LCD_nokia_goto_xy
 .text.LCD_nokia_clear
                0x000000000000cef8       0x22 app/libapp.a(spi_lcd_nokia.c.obj)
                0x000000000000cef8                LCD_nokia_clear
 .text.cbpprintf_external
                0x000000000000cf1a       0x62 zephyr/libzephyr.a(cbprintf_packaged.c.obj)
                0x000000000000cf1a                cbpprintf_external
 .text.is_ptr   0x000000000000cf7c       0x4a zephyr/libzephyr.a(cbprintf_packaged.c.obj)
                0x000000000000cf7c                is_ptr
 .text.arch_printk_char_out
                0x000000000000cfc6        0x4 zephyr/libzephyr.a(printk.c.obj)
                0x000000000000cfc6                arch_printk_char_out
 .text.str_out  0x000000000000cfca       0x24 zephyr/libzephyr.a(printk.c.obj)
 .text.printk   0x000000000000cfee       0x1a zephyr/libzephyr.a(printk.c.obj)
                0x000000000000cfee                printk
 .text.snprintk
                0x000000000000d008       0x1a zephyr/libzephyr.a(printk.c.obj)
                0x000000000000d008                snprintk
 .text.z_thread_entry
                0x000000000000d022       0x14 zephyr/libzephyr.a(thread_entry.c.obj)
                0x000000000000d022                z_thread_entry
 .text._ldiv5   0x000000000000d036       0x30 zephyr/libzephyr.a(cbprintf_complete.c.obj)
 .text._get_digit
                0x000000000000d066       0x2e zephyr/libzephyr.a(cbprintf_complete.c.obj)
 .text.outs     0x000000000000d094       0x2e zephyr/libzephyr.a(cbprintf_complete.c.obj)
 .text.free_space
                0x000000000000d0c2       0x26 zephyr/libzephyr.a(mpsc_pbuf.c.obj)
 .text.get_usage
                0x000000000000d0e8       0x22 zephyr/libzephyr.a(mpsc_pbuf.c.obj)
 .text.idx_inc  0x000000000000d10a       0x1c zephyr/libzephyr.a(mpsc_pbuf.c.obj)
 .text.rd_idx_inc
                0x000000000000d126       0x18 zephyr/libzephyr.a(mpsc_pbuf.c.obj)
 .text.add_skip_item
                0x000000000000d13e       0x3a zephyr/libzephyr.a(mpsc_pbuf.c.obj)
 .text.drop_item_locked
                0x000000000000d178       0xfe zephyr/libzephyr.a(mpsc_pbuf.c.obj)
 .text.post_drop_action
                0x000000000000d276       0x36 zephyr/libzephyr.a(mpsc_pbuf.c.obj)
 .text.max_utilization_update
                0x000000000000d2ac       0x1a zephyr/libzephyr.a(mpsc_pbuf.c.obj)
 .text.mpsc_pbuf_init
                0x000000000000d2c6       0x42 zephyr/libzephyr.a(mpsc_pbuf.c.obj)
                0x000000000000d2c6                mpsc_pbuf_init
 .text.mpsc_pbuf_alloc
                0x000000000000d308       0xfe zephyr/libzephyr.a(mpsc_pbuf.c.obj)
                0x000000000000d308                mpsc_pbuf_alloc
 .text.mpsc_pbuf_commit
                0x000000000000d406       0x3e zephyr/libzephyr.a(mpsc_pbuf.c.obj)
                0x000000000000d406                mpsc_pbuf_commit
 .text.mpsc_pbuf_claim
                0x000000000000d444       0xa8 zephyr/libzephyr.a(mpsc_pbuf.c.obj)
                0x000000000000d444                mpsc_pbuf_claim
 .text.mpsc_pbuf_free
                0x000000000000d4ec       0x76 zephyr/libzephyr.a(mpsc_pbuf.c.obj)
                0x000000000000d4ec                mpsc_pbuf_free
 .text.mpsc_pbuf_is_pending
                0x000000000000d562       0x32 zephyr/libzephyr.a(mpsc_pbuf.c.obj)
                0x000000000000d562                mpsc_pbuf_is_pending
 .text._ConfigAbsSyms
                0x000000000000d594        0x2 zephyr/libzephyr.a(configs.c.obj)
                0x000000000000d594                _ConfigAbsSyms
 .text.soc_reset_hook
                0x000000000000d596        0x4 zephyr/libzephyr.a(soc.c.obj)
                0x000000000000d596                soc_reset_hook
 .text.log_msg_generic_get_wlen
                0x000000000000d59a       0x20 zephyr/libzephyr.a(log_core.c.obj)
 .text.dummy_timestamp
                0x000000000000d5ba        0x4 zephyr/libzephyr.a(log_core.c.obj)
 .text.atomic_inc
                0x000000000000d5be       0x1a zephyr/libzephyr.a(log_core.c.obj)
 .text.default_lf_get_timestamp
                0x000000000000d5d8       0x10 zephyr/libzephyr.a(log_core.c.obj)
 .text.z_log_vprintk
                0x000000000000d5e8       0x1c zephyr/libzephyr.a(log_core.c.obj)
                0x000000000000d5e8                z_log_vprintk
 .text.z_log_notify_drop
                0x000000000000d604        0x6 zephyr/libzephyr.a(log_core.c.obj)
 .text.z_log_get_tag
                0x000000000000d60a        0x4 zephyr/libzephyr.a(log_core.c.obj)
                0x000000000000d60a                z_log_get_tag
 .text.log_backend_enable
                0x000000000000d60e       0x12 zephyr/libzephyr.a(log_mgmt.c.obj)
                0x000000000000d60e                log_backend_enable
 .text.z_cbprintf_cpy
                0x000000000000d620       0x2e zephyr/libzephyr.a(log_msg.c.obj)
 .text.z_log_msg_finalize
                0x000000000000d64e       0x32 zephyr/libzephyr.a(log_msg.c.obj)
                0x000000000000d64e                z_log_msg_finalize
 .text.z_log_msg_simple_create
                0x000000000000d680       0x6e zephyr/libzephyr.a(log_msg.c.obj)
 .text.z_impl_z_log_msg_simple_create_0
                0x000000000000d6ee       0x12 zephyr/libzephyr.a(log_msg.c.obj)
                0x000000000000d6ee                z_impl_z_log_msg_simple_create_0
 .text.z_impl_z_log_msg_simple_create_1
                0x000000000000d700       0x14 zephyr/libzephyr.a(log_msg.c.obj)
                0x000000000000d700                z_impl_z_log_msg_simple_create_1
 .text.z_impl_z_log_msg_simple_create_2
                0x000000000000d714       0x18 zephyr/libzephyr.a(log_msg.c.obj)
                0x000000000000d714                z_impl_z_log_msg_simple_create_2
 .text.log_output_write
                0x000000000000d72c       0x1c zephyr/libzephyr.a(log_output.c.obj)
 .text.log_output_flush
                0x000000000000d748       0x1a zephyr/libzephyr.a(log_output.c.obj)
 .text.cbvprintf
                0x000000000000d762        0xe zephyr/libzephyr.a(log_output.c.obj)
 .text.out_func
                0x000000000000d770       0x36 zephyr/libzephyr.a(log_output.c.obj)
 .text.cr_out_func
                0x000000000000d7a6       0x1c zephyr/libzephyr.a(log_output.c.obj)
 .text.log_output_msg_process
                0x000000000000d7c2       0x6a zephyr/libzephyr.a(log_output.c.obj)
                0x000000000000d7c2                log_output_msg_process
 .text.format_set
                0x000000000000d82c        0xc zephyr/libzephyr.a(log_backend_uart.c.obj)
 .text.log_backend_uart_init
                0x000000000000d838        0xc zephyr/libzephyr.a(log_backend_uart.c.obj)
 .text.panic    0x000000000000d844       0x32 zephyr/libzephyr.a(log_backend_uart.c.obj)
 .text.dropped  0x000000000000d876        0xa zephyr/libzephyr.a(log_backend_uart.c.obj)
 .text.process  0x000000000000d880       0x1e zephyr/libzephyr.a(log_backend_uart.c.obj)
 .text.z_do_kernel_oops
                0x000000000000d89e        0x8 zephyr/arch/arch/arm/core/libarch__arm__core.a(fatal.c.obj)
                0x000000000000d89e                z_do_kernel_oops
 .text.z_arm_nmi
                0x000000000000d8a6        0xe zephyr/arch/arch/arm/core/libarch__arm__core.a(nmi.c.obj)
                0x000000000000d8a6                z_arm_nmi
 .text.z_log_msg_simple_create_0.constprop.0
                0x000000000000d8b4        0x8 zephyr/arch/arch/arm/core/cortex_m/libarch__arm__core__cortex_m.a(fault.c.obj)
 .text.z_irq_spurious
                0x000000000000d8bc        0x8 zephyr/arch/arch/arm/core/cortex_m/libarch__arm__core__cortex_m.a(irq_manage.c.obj)
                0x000000000000d8bc                z_irq_spurious
 .text.arch_irq_unlock_outlined
                0x000000000000d8c4        0xe zephyr/arch/arch/arm/core/cortex_m/libarch__arm__core__cortex_m.a(thread.c.obj)
                0x000000000000d8c4                arch_irq_unlock_outlined
 .text.arch_cpu_idle
                0x000000000000d8d2       0x1a zephyr/arch/arch/arm/core/cortex_m/libarch__arm__core__cortex_m.a(cpu_idle.c.obj)
                0x000000000000d8d2                arch_cpu_idle
 .text.region_allocate_and_init
                0x000000000000d8ec       0x18 zephyr/arch/arch/arm/core/mpu/libarch__arm__core__mpu.a(nxp_mpu.c.obj)
 .text._stdin_hook_default
                0x000000000000d904        0x4 zephyr/lib/libc/newlib/liblib__libc__newlib.a(libc-hooks.c.obj)
 .text._stdout_hook_default
                0x000000000000d908        0x6 zephyr/lib/libc/newlib/liblib__libc__newlib.a(libc-hooks.c.obj)
 .text.malloc_prepare
                0x000000000000d90e        0x4 zephyr/lib/libc/newlib/liblib__libc__newlib.a(libc-hooks.c.obj)
 .text._read    0x000000000000d912        0x8 zephyr/lib/libc/newlib/liblib__libc__newlib.a(libc-hooks.c.obj)
                0x000000000000d912                _read
                0x000000000000d912                read
 .text._write   0x000000000000d91a        0x8 zephyr/lib/libc/newlib/liblib__libc__newlib.a(libc-hooks.c.obj)
                0x000000000000d91a                _write
                0x000000000000d91a                write
 .text._close   0x000000000000d922        0x6 zephyr/lib/libc/newlib/liblib__libc__newlib.a(libc-hooks.c.obj)
                0x000000000000d922                _close
                0x000000000000d922                close
 .text._lseek   0x000000000000d928        0x4 zephyr/lib/libc/newlib/liblib__libc__newlib.a(libc-hooks.c.obj)
                0x000000000000d928                _lseek
                0x000000000000d928                lseek
 .text._isatty  0x000000000000d92c        0xa zephyr/lib/libc/newlib/liblib__libc__newlib.a(libc-hooks.c.obj)
                0x000000000000d92c                _isatty
                0x000000000000d92c                isatty
 .text._fstat   0x000000000000d936        0xa zephyr/lib/libc/newlib/liblib__libc__newlib.a(libc-hooks.c.obj)
                0x000000000000d936                fstat
                0x000000000000d936                _fstat
 .text.__retarget_lock_init_recursive
                0x000000000000d940       0x14 zephyr/lib/libc/newlib/liblib__libc__newlib.a(libc-hooks.c.obj)
                0x000000000000d940                __retarget_lock_init_recursive
 .text.__retarget_lock_close_recursive
                0x000000000000d954        0x4 zephyr/lib/libc/newlib/liblib__libc__newlib.a(libc-hooks.c.obj)
                0x000000000000d954                __retarget_lock_close_recursive
 .text.__retarget_lock_acquire_recursive
                0x000000000000d958        0xc zephyr/lib/libc/newlib/liblib__libc__newlib.a(libc-hooks.c.obj)
                0x000000000000d958                __retarget_lock_acquire_recursive
 .text.__retarget_lock_release_recursive
                0x000000000000d964        0x4 zephyr/lib/libc/newlib/liblib__libc__newlib.a(libc-hooks.c.obj)
                0x000000000000d964                __retarget_lock_release_recursive
 .text.mcux_adc16_start_channel
                0x000000000000d968       0x32 zephyr/drivers/adc/libdrivers__adc.a(adc_mcux_adc16.c.obj)
 .text.adc_context_start_sampling
                0x000000000000d99a       0x16 zephyr/drivers/adc/libdrivers__adc.a(adc_mcux_adc16.c.obj)
 .text.mcux_adc16_config_func_0
                0x000000000000d9b0       0x16 zephyr/drivers/adc/libdrivers__adc.a(adc_mcux_adc16.c.obj)
 .text.mcux_adc16_config_func_1
                0x000000000000d9c6       0x16 zephyr/drivers/adc/libdrivers__adc.a(adc_mcux_adc16.c.obj)
 .text.adc_context_on_timer_expired
                0x000000000000d9dc       0x32 zephyr/drivers/adc/libdrivers__adc.a(adc_mcux_adc16.c.obj)
 .text.mcux_adc16_isr
                0x000000000000da0e       0xb4 zephyr/drivers/adc/libdrivers__adc.a(adc_mcux_adc16.c.obj)
 .text.mcux_adc16_init
                0x000000000000dac2       0x80 zephyr/drivers/adc/libdrivers__adc.a(adc_mcux_adc16.c.obj)
 .text.mcux_mcg_on
                0x000000000000db42        0x4 zephyr/drivers/clock_control/libdrivers__clock_control.a(clock_control_mcux_mcg.c.obj)
 .text.mcux_mcg_get_rate
                0x000000000000db46       0x24 zephyr/drivers/clock_control/libdrivers__clock_control.a(clock_control_mcux_mcg.c.obj)
 .text.mcux_mcg_off
                0x000000000000db6a        0x4 zephyr/drivers/clock_control/libdrivers__clock_control.a(clock_control_mcux_mcg.c.obj)
 .text.mcux_sim_on
                0x000000000000db6e       0x1a zephyr/drivers/clock_control/libdrivers__clock_control.a(clock_control_mcux_sim.c.obj)
 .text.mcux_sim_off
                0x000000000000db88       0x1e zephyr/drivers/clock_control/libdrivers__clock_control.a(clock_control_mcux_sim.c.obj)
 .text.mcux_sim_init
                0x000000000000dba6        0x4 zephyr/drivers/clock_control/libdrivers__clock_control.a(clock_control_mcux_sim.c.obj)
 .text.mcux_sim_get_subsys_rate
                0x000000000000dbaa       0x30 zephyr/drivers/clock_control/libdrivers__clock_control.a(clock_control_mcux_sim.c.obj)
 .text.gpio_mcux_port_configure
                0x000000000000dbda       0x9c zephyr/drivers/gpio/libdrivers__gpio.a(gpio_mcux.c.obj)
 .text.gpio_mcux_port_get_raw
                0x000000000000dc76        0xc zephyr/drivers/gpio/libdrivers__gpio.a(gpio_mcux.c.obj)
 .text.gpio_mcux_port_set_masked_raw
                0x000000000000dc82       0x12 zephyr/drivers/gpio/libdrivers__gpio.a(gpio_mcux.c.obj)
 .text.gpio_mcux_port_set_bits_raw
                0x000000000000dc94        0xa zephyr/drivers/gpio/libdrivers__gpio.a(gpio_mcux.c.obj)
 .text.gpio_mcux_port_clear_bits_raw
                0x000000000000dc9e        0xa zephyr/drivers/gpio/libdrivers__gpio.a(gpio_mcux.c.obj)
 .text.gpio_mcux_port_toggle_bits
                0x000000000000dca8        0xa zephyr/drivers/gpio/libdrivers__gpio.a(gpio_mcux.c.obj)
 .text.gpio_mcux_manage_callback
                0x000000000000dcb2       0x52 zephyr/drivers/gpio/libdrivers__gpio.a(gpio_mcux.c.obj)
 .text.gpio_mcux_port0_init
                0x000000000000dd04       0x16 zephyr/drivers/gpio/libdrivers__gpio.a(gpio_mcux.c.obj)
 .text.gpio_mcux_port1_init
                0x000000000000dd1a       0x16 zephyr/drivers/gpio/libdrivers__gpio.a(gpio_mcux.c.obj)
 .text.gpio_mcux_port2_init
                0x000000000000dd30       0x16 zephyr/drivers/gpio/libdrivers__gpio.a(gpio_mcux.c.obj)
 .text.gpio_mcux_port3_init
                0x000000000000dd46       0x16 zephyr/drivers/gpio/libdrivers__gpio.a(gpio_mcux.c.obj)
 .text.gpio_mcux_port4_init
                0x000000000000dd5c       0x16 zephyr/drivers/gpio/libdrivers__gpio.a(gpio_mcux.c.obj)
 .text.gpio_mcux_pin_interrupt_configure
                0x000000000000dd72       0x78 zephyr/drivers/gpio/libdrivers__gpio.a(gpio_mcux.c.obj)
 .text.gpio_mcux_port_isr
                0x000000000000ddea       0x36 zephyr/drivers/gpio/libdrivers__gpio.a(gpio_mcux.c.obj)
 .text.i2c_mcux_config_func_0
                0x000000000000de20       0x16 zephyr/drivers/i2c/libdrivers__i2c.a(i2c_mcux.c.obj)
 .text.i2c_mcux_isr
                0x000000000000de36        0xa zephyr/drivers/i2c/libdrivers__i2c.a(i2c_mcux.c.obj)
 .text.i2c_mcux_transfer
                0x000000000000de40       0xc8 zephyr/drivers/i2c/libdrivers__i2c.a(i2c_mcux.c.obj)
 .text.i2c_mcux_master_transfer_callback
                0x000000000000df08        0xa zephyr/drivers/i2c/libdrivers__i2c.a(i2c_mcux.c.obj)
 .text.pinctrl_lookup_state
                0x000000000000df12       0x26 zephyr/drivers/pinctrl/libdrivers__pinctrl.a(common.c.obj)
                0x000000000000df12                pinctrl_lookup_state
 .text.z_log_msg_simple_create_0.constprop.0
                0x000000000000df38        0x8 zephyr/drivers/sensor/nxp/fxos8700/libdrivers__sensor__nxp__fxos8700.a(fxos8700.c.obj)
 .text.gpio_pin_set_dt.isra.0
                0x000000000000df40       0x28 zephyr/drivers/sensor/nxp/fxos8700/libdrivers__sensor__nxp__fxos8700.a(fxos8700.c.obj)
 .text.i2c_write_read.constprop.0
                0x000000000000df68       0x38 zephyr/drivers/sensor/nxp/fxos8700/libdrivers__sensor__nxp__fxos8700.a(fxos8700.c.obj)
 .text.fxos8700_reg_field_update_i2c
                0x000000000000dfa0       0x74 zephyr/drivers/sensor/nxp/fxos8700/libdrivers__sensor__nxp__fxos8700.a(fxos8700.c.obj)
                0x000000000000dfa0                fxos8700_reg_field_update_i2c
 .text.fxos8700_read_i2c
                0x000000000000e014       0x20 zephyr/drivers/sensor/nxp/fxos8700/libdrivers__sensor__nxp__fxos8700.a(fxos8700.c.obj)
                0x000000000000e014                fxos8700_read_i2c
 .text.fxos8700_byte_read_i2c
                0x000000000000e034       0x22 zephyr/drivers/sensor/nxp/fxos8700/libdrivers__sensor__nxp__fxos8700.a(fxos8700.c.obj)
                0x000000000000e034                fxos8700_byte_read_i2c
 .text.fxos8700_byte_write_i2c
                0x000000000000e056       0x36 zephyr/drivers/sensor/nxp/fxos8700/libdrivers__sensor__nxp__fxos8700.a(fxos8700.c.obj)
                0x000000000000e056                fxos8700_byte_write_i2c
 .text.fxos8700_get_power
                0x000000000000e08c       0x28 zephyr/drivers/sensor/nxp/fxos8700/libdrivers__sensor__nxp__fxos8700.a(fxos8700.c.obj)
                0x000000000000e08c                fxos8700_get_power
 .text.fxos8700_set_power
                0x000000000000e0b4       0x16 zephyr/drivers/sensor/nxp/fxos8700/libdrivers__sensor__nxp__fxos8700.a(fxos8700.c.obj)
                0x000000000000e0b4                fxos8700_set_power
 .text.fxos8700_attr_set
                0x000000000000e0ca       0x12 zephyr/drivers/sensor/nxp/fxos8700/libdrivers__sensor__nxp__fxos8700.a(fxos8700.c.obj)
 .text.temp_kinetis_channel_get
                0x000000000000e0dc       0x8c zephyr/drivers/sensor/nxp/nxp_kinetis_temp/libdrivers__sensor__nxp__nxp_kinetis_temp.a(temp_kinetis.c.obj)
 .text.uart_mcux_config_get
                0x000000000000e168       0x10 zephyr/drivers/serial/libdrivers__serial.a(uart_mcux.c.obj)
 .text.uart_mcux_irq_update
                0x000000000000e178        0x4 zephyr/drivers/serial/libdrivers__serial.a(uart_mcux.c.obj)
 .text.uart_mcux_irq_callback_set
                0x000000000000e17c        0x8 zephyr/drivers/serial/libdrivers__serial.a(uart_mcux.c.obj)
 .text.uart_mcux_isr
                0x000000000000e184        0xc zephyr/drivers/serial/libdrivers__serial.a(uart_mcux.c.obj)
 .text.uart_mcux_irq_err_disable
                0x000000000000e190        0xc zephyr/drivers/serial/libdrivers__serial.a(uart_mcux.c.obj)
 .text.uart_mcux_irq_rx_disable
                0x000000000000e19c        0xc zephyr/drivers/serial/libdrivers__serial.a(uart_mcux.c.obj)
 .text.uart_mcux_irq_tx_disable
                0x000000000000e1a8        0xc zephyr/drivers/serial/libdrivers__serial.a(uart_mcux.c.obj)
 .text.uart_mcux_irq_err_enable
                0x000000000000e1b4        0xc zephyr/drivers/serial/libdrivers__serial.a(uart_mcux.c.obj)
 .text.uart_mcux_irq_rx_enable
                0x000000000000e1c0        0xc zephyr/drivers/serial/libdrivers__serial.a(uart_mcux.c.obj)
 .text.uart_mcux_irq_tx_enable
                0x000000000000e1cc        0xc zephyr/drivers/serial/libdrivers__serial.a(uart_mcux.c.obj)
 .text.uart_mcux_irq_rx_full
                0x000000000000e1d8       0x10 zephyr/drivers/serial/libdrivers__serial.a(uart_mcux.c.obj)
 .text.uart_mcux_irq_tx_complete
                0x000000000000e1e8       0x10 zephyr/drivers/serial/libdrivers__serial.a(uart_mcux.c.obj)
 .text.uart_mcux_irq_tx_ready
                0x000000000000e1f8       0x1e zephyr/drivers/serial/libdrivers__serial.a(uart_mcux.c.obj)
 .text.uart_mcux_irq_is_pending
                0x000000000000e216       0x2c zephyr/drivers/serial/libdrivers__serial.a(uart_mcux.c.obj)
 .text.uart_mcux_fifo_read
                0x000000000000e242       0x28 zephyr/drivers/serial/libdrivers__serial.a(uart_mcux.c.obj)
 .text.uart_mcux_fifo_fill
                0x000000000000e26a       0x28 zephyr/drivers/serial/libdrivers__serial.a(uart_mcux.c.obj)
 .text.uart_mcux_poll_out
                0x000000000000e292       0x16 zephyr/drivers/serial/libdrivers__serial.a(uart_mcux.c.obj)
 .text.uart_mcux_poll_in
                0x000000000000e2a8       0x20 zephyr/drivers/serial/libdrivers__serial.a(uart_mcux.c.obj)
 .text.uart_mcux_configure
                0x000000000000e2c8       0xac zephyr/drivers/serial/libdrivers__serial.a(uart_mcux.c.obj)
 .text.uart_mcux_err_check
                0x000000000000e374       0x2a zephyr/drivers/serial/libdrivers__serial.a(uart_mcux.c.obj)
 .text.uart_mcux_config_func_0
                0x000000000000e39e       0x26 zephyr/drivers/serial/libdrivers__serial.a(uart_mcux.c.obj)
 .text.uart_mcux_config_func_1
                0x000000000000e3c4       0x26 zephyr/drivers/serial/libdrivers__serial.a(uart_mcux.c.obj)
 .text.uart_mcux_init
                0x000000000000e3ea       0x3a zephyr/drivers/serial/libdrivers__serial.a(uart_mcux.c.obj)
 .text.spi_mcux_config_func_0
                0x000000000000e424       0x16 zephyr/drivers/spi/libdrivers__spi.a(spi_mcux_dspi.c.obj)
 .text.spi_mcux_config_func_1
                0x000000000000e43a       0x16 zephyr/drivers/spi/libdrivers__spi.a(spi_mcux_dspi.c.obj)
 .text.spi_mcux_isr
                0x000000000000e450        0xc zephyr/drivers/spi/libdrivers__spi.a(spi_mcux_dspi.c.obj)
 .text.spi_context_get_next_buf.constprop.0
                0x000000000000e45c       0x26 zephyr/drivers/spi/libdrivers__spi.a(spi_mcux_dspi.c.obj)
 .text.gpio_pin_set_dt.isra.0
                0x000000000000e482       0x28 zephyr/drivers/spi/libdrivers__spi.a(spi_mcux_dspi.c.obj)
 .text.spi_context_unlock_unconditionally
                0x000000000000e4aa       0x30 zephyr/drivers/spi/libdrivers__spi.a(spi_mcux_dspi.c.obj)
 .text.spi_mcux_release
                0x000000000000e4da        0xe zephyr/drivers/spi/libdrivers__spi.a(spi_mcux_dspi.c.obj)
 .text.CLOCK_GetFixedFreqClkFreq
                0x000000000000e4e8       0x18 modules/hal_nxp/libmodules__hal_nxp.a(fsl_clock.c.obj)
                0x000000000000e4e8                CLOCK_GetFixedFreqClkFreq
 .text.SystemInitHook
                0x000000000000e500        0x2 modules/hal_nxp/libmodules__hal_nxp.a(system_MK64F12.c.obj)
                0x000000000000e500                SystemInitHook
 .text.ADC16_GetDefaultConfig
                0x000000000000e502       0x1a modules/hal_nxp/libmodules__hal_nxp.a(fsl_adc16.c.obj)
                0x000000000000e502                ADC16_GetDefaultConfig
 .text.ADC16_SetChannelMuxMode
                0x000000000000e51c       0x12 modules/hal_nxp/libmodules__hal_nxp.a(fsl_adc16.c.obj)
                0x000000000000e51c                ADC16_SetChannelMuxMode
 .text.ADC16_SetHardwareAverage
                0x000000000000e52e       0x18 modules/hal_nxp/libmodules__hal_nxp.a(fsl_adc16.c.obj)
                0x000000000000e52e                ADC16_SetHardwareAverage
 .text.ADC16_GetStatusFlags
                0x000000000000e546       0x14 modules/hal_nxp/libmodules__hal_nxp.a(fsl_adc16.c.obj)
                0x000000000000e546                ADC16_GetStatusFlags
 .text.ADC16_DoAutoCalibration
                0x000000000000e55a       0x92 modules/hal_nxp/libmodules__hal_nxp.a(fsl_adc16.c.obj)
                0x000000000000e55a                ADC16_DoAutoCalibration
 .text.ADC16_SetChannelConfig
                0x000000000000e5ec       0x1e modules/hal_nxp/libmodules__hal_nxp.a(fsl_adc16.c.obj)
                0x000000000000e5ec                ADC16_SetChannelConfig
 .text.DSPI_MasterGetFormattedCommand.constprop.0
                0x000000000000e60a       0x20 modules/hal_nxp/libmodules__hal_nxp.a(fsl_dspi.c.obj)
 .text.DSPI_MasterTransferFillUpTxFifo
                0x000000000000e62a       0xf0 modules/hal_nxp/libmodules__hal_nxp.a(fsl_dspi.c.obj)
 .text.DSPI_MasterTransferHandleIRQ
                0x000000000000e71a       0xde modules/hal_nxp/libmodules__hal_nxp.a(fsl_dspi.c.obj)
                0x000000000000e71a                DSPI_MasterTransferHandleIRQ
 .text.DSPI_MasterSetDelayScaler
                0x000000000000e7f8       0x72 modules/hal_nxp/libmodules__hal_nxp.a(fsl_dspi.c.obj)
                0x000000000000e7f8                DSPI_MasterSetDelayScaler
 .text.DSPI_EnableInterrupts
                0x000000000000e86a       0x20 modules/hal_nxp/libmodules__hal_nxp.a(fsl_dspi.c.obj)
                0x000000000000e86a                DSPI_EnableInterrupts
 .text.I2C_CheckAndClearError
                0x000000000000e88a       0x1c modules/hal_nxp/libmodules__hal_nxp.a(fsl_i2c.c.obj)
 .text.I2C_MasterStop
                0x000000000000e8a6       0x14 modules/hal_nxp/libmodules__hal_nxp.a(fsl_i2c.c.obj)
                0x000000000000e8a6                I2C_MasterStop
 .text.I2C_MasterGetStatusFlags
                0x000000000000e8ba       0x1c modules/hal_nxp/libmodules__hal_nxp.a(fsl_i2c.c.obj)
                0x000000000000e8ba                I2C_MasterGetStatusFlags
 .text.I2C_MasterStart
                0x000000000000e8d6       0x30 modules/hal_nxp/libmodules__hal_nxp.a(fsl_i2c.c.obj)
                0x000000000000e8d6                I2C_MasterStart
 .text.I2C_MasterRepeatedStart
                0x000000000000e906       0x4e modules/hal_nxp/libmodules__hal_nxp.a(fsl_i2c.c.obj)
                0x000000000000e906                I2C_MasterRepeatedStart
 .text.I2C_MasterTransferHandleIRQ
                0x000000000000e954      0x1f6 modules/hal_nxp/libmodules__hal_nxp.a(fsl_i2c.c.obj)
                0x000000000000e954                I2C_MasterTransferHandleIRQ
 .text.I2C_MasterTransferNonBlocking
                0x000000000000eb4a       0xa6 modules/hal_nxp/libmodules__hal_nxp.a(fsl_i2c.c.obj)
                0x000000000000eb4a                I2C_MasterTransferNonBlocking
 .text.I2C_MasterTransferAbort
                0x000000000000ebf0       0x52 modules/hal_nxp/libmodules__hal_nxp.a(fsl_i2c.c.obj)
                0x000000000000ebf0                I2C_MasterTransferAbort
 .text.UART_GetDefaultConfig
                0x000000000000ec42       0x14 modules/hal_nxp/libmodules__hal_nxp.a(fsl_uart.c.obj)
                0x000000000000ec42                UART_GetDefaultConfig
 .text.UART_EnableInterrupts
                0x000000000000ec56       0x36 modules/hal_nxp/libmodules__hal_nxp.a(fsl_uart.c.obj)
                0x000000000000ec56                UART_EnableInterrupts
 .text.UART_DisableInterrupts
                0x000000000000ec8c       0x32 modules/hal_nxp/libmodules__hal_nxp.a(fsl_uart.c.obj)
                0x000000000000ec8c                UART_DisableInterrupts
 .text.UART_GetEnabledInterrupts
                0x000000000000ecbe       0x26 modules/hal_nxp/libmodules__hal_nxp.a(fsl_uart.c.obj)
                0x000000000000ecbe                UART_GetEnabledInterrupts
 .text.UART_GetStatusFlags
                0x000000000000ece4       0x16 modules/hal_nxp/libmodules__hal_nxp.a(fsl_uart.c.obj)
                0x000000000000ece4                UART_GetStatusFlags
 .text.UART_ClearStatusFlags
                0x000000000000ecfa       0x3a modules/hal_nxp/libmodules__hal_nxp.a(fsl_uart.c.obj)
                0x000000000000ecfa                UART_ClearStatusFlags
 .text.z_impl_k_busy_wait
                0x000000000000ed34       0x1c zephyr/kernel/libkernel.a(busy_wait.c.obj)
                0x000000000000ed34                z_impl_k_busy_wait
 .text.z_device_state_init
                0x000000000000ed50        0x2 zephyr/kernel/libkernel.a(device.c.obj)
                0x000000000000ed50                z_device_state_init
 .text.z_impl_device_is_ready
                0x000000000000ed52       0x16 zephyr/kernel/libkernel.a(device.c.obj)
                0x000000000000ed52                z_impl_device_is_ready
 .text.arch_system_halt
                0x000000000000ed68       0x10 zephyr/kernel/libkernel.a(fatal.c.obj)
                0x000000000000ed68                arch_system_halt
 .text.do_device_init
                0x000000000000ed78       0x2e zephyr/kernel/libkernel.a(init.c.obj)
 .text.z_early_memset
                0x000000000000eda6        0x4 zephyr/kernel/libkernel.a(init.c.obj)
                0x000000000000eda6                z_early_memset
 .text.z_early_memcpy
                0x000000000000edaa        0x4 zephyr/kernel/libkernel.a(init.c.obj)
                0x000000000000edaa                z_early_memcpy
 .text.idle     0x000000000000edae       0x16 zephyr/kernel/libkernel.a(idle.c.obj)
                0x000000000000edae                idle
 .text.adjust_owner_prio.isra.0
                0x000000000000edc4       0x10 zephyr/kernel/libkernel.a(mutex.c.obj)
 .text.z_impl_k_mutex_init
                0x000000000000edd4        0xe zephyr/kernel/libkernel.a(mutex.c.obj)
                0x000000000000edd4                z_impl_k_mutex_init
 .text.z_impl_k_sem_init
                0x000000000000ede2       0x18 zephyr/kernel/libkernel.a(sem.c.obj)
                0x000000000000ede2                z_impl_k_sem_init
 .text.k_is_in_isr
                0x000000000000edfa        0xc zephyr/kernel/libkernel.a(thread.c.obj)
                0x000000000000edfa                k_is_in_isr
 .text.z_impl_k_thread_name_set
                0x000000000000ee06        0x6 zephyr/kernel/libkernel.a(thread.c.obj)
                0x000000000000ee06                z_impl_k_thread_name_set
 .text.k_thread_name_get
                0x000000000000ee0c        0x4 zephyr/kernel/libkernel.a(thread.c.obj)
                0x000000000000ee0c                k_thread_name_get
 .text.sys_dlist_remove
                0x000000000000ee10       0x10 zephyr/kernel/libkernel.a(sched.c.obj)
 .text.unpend_thread_no_timeout
                0x000000000000ee20       0x14 zephyr/kernel/libkernel.a(sched.c.obj)
 .text.add_to_waitq_locked
                0x000000000000ee34       0x50 zephyr/kernel/libkernel.a(sched.c.obj)
 .text.z_ready_thread
                0x000000000000ee84       0x1e zephyr/kernel/libkernel.a(sched.c.obj)
                0x000000000000ee84                z_ready_thread
 .text.z_unpend_thread_no_timeout
                0x000000000000eea2       0x22 zephyr/kernel/libkernel.a(sched.c.obj)
                0x000000000000eea2                z_unpend_thread_no_timeout
 .text.z_sched_wake_thread
                0x000000000000eec4       0x3a zephyr/kernel/libkernel.a(sched.c.obj)
                0x000000000000eec4                z_sched_wake_thread
 .text.z_thread_timeout
                0x000000000000eefe        0x8 zephyr/kernel/libkernel.a(sched.c.obj)
                0x000000000000eefe                z_thread_timeout
 .text.z_unpend1_no_timeout
                0x000000000000ef06       0x2c zephyr/kernel/libkernel.a(sched.c.obj)
                0x000000000000ef06                z_unpend1_no_timeout
 .text.z_impl_k_sleep
                0x000000000000ef32       0x50 zephyr/kernel/libkernel.a(sched.c.obj)
                0x000000000000ef32                z_impl_k_sleep
 .text.next_timeout
                0x000000000000ef82       0x2e zephyr/kernel/libkernel.a(timeout.c.obj)
 .text.z_abort_timeout
                0x000000000000efb0       0x50 zephyr/kernel/libkernel.a(timeout.c.obj)
                0x000000000000efb0                z_abort_timeout
 .text.sys_clock_tick_get_32
                0x000000000000f000        0x8 zephyr/kernel/libkernel.a(timeout.c.obj)
                0x000000000000f000                sys_clock_tick_get_32
 .text.z_impl_k_uptime_ticks
                0x000000000000f008        0x4 zephyr/kernel/libkernel.a(timeout.c.obj)
                0x000000000000f008                z_impl_k_uptime_ticks
 .text.k_timer_init
                0x000000000000f00c       0x18 zephyr/kernel/libkernel.a(timer.c.obj)
                0x000000000000f00c                k_timer_init
 .text.z_impl_k_timer_stop
                0x000000000000f024       0x38 zephyr/kernel/libkernel.a(timer.c.obj)
                0x000000000000f024                z_impl_k_timer_stop
 *(SORT_BY_ALIGNMENT(.TEXT.*))
 *(SORT_BY_ALIGNMENT(.gnu.linkonce.t.*))
 *(SORT_BY_ALIGNMENT(.glue_7t))
 .glue_7t       0x000000000000f05c        0x0 linker stubs
 *(SORT_BY_ALIGNMENT(.glue_7))
 .glue_7        0x000000000000f05c        0x0 linker stubs
 *(SORT_BY_ALIGNMENT(.vfp11_veneer))
 .vfp11_veneer  0x000000000000f05c        0x0 linker stubs
 *(SORT_BY_ALIGNMENT(.v4_bx))
 .v4_bx         0x000000000000f05c        0x0 linker stubs
                0x000000000000f05c                . = ALIGN (0x4)
                0x000000000000f05c                __text_region_end = .

.ARM.exidx      0x000000000000f05c        0x8
                0x000000000000f05c                __exidx_start = .
 *(SORT_BY_ALIGNMENT(.ARM.exidx*) SORT_BY_ALIGNMENT(gnu.linkonce.armexidx.*))
 .ARM.exidx     0x000000000000f05c        0x8 c:/users/mauri/zephyr-sdk-0.17.4/arm-zephyr-eabi/bin/../lib/gcc/arm-zephyr-eabi/12.2.0/thumb/v7e-m+fp/hard\libgcc.a(_udivmoddi4.o)
                0x000000000000f064                __exidx_end = .
                0x000000000000f064                __rodata_region_start = .

initlevel       0x000000000000f064       0xc8
                0x000000000000f064                __init_start = .
                0x000000000000f064                __init_EARLY_start = .
 *(SORT_BY_NAME(SORT_BY_ALIGNMENT(.z_init_EARLY_P_?_*)))
 *(SORT_BY_NAME(SORT_BY_ALIGNMENT(.z_init_EARLY_P_??_*)))
 *(SORT_BY_NAME(SORT_BY_ALIGNMENT(.z_init_EARLY_P_???_*)))
                0x000000000000f064                __init_PRE_KERNEL_1_start = .
 *(SORT_BY_NAME(SORT_BY_ALIGNMENT(.z_init_PRE_KERNEL_1_P_?_*)))
 *(SORT_BY_NAME(SORT_BY_ALIGNMENT(.z_init_PRE_KERNEL_1_P_??_*)))
 .z_init_PRE_KERNEL_1_P_30_SUB_00010_
                0x000000000000f064        0x8 zephyr/drivers/clock_control/libdrivers__clock_control.a(clock_control_mcux_sim.c.obj)
 .z_init_PRE_KERNEL_1_P_30_SUB_00071_
                0x000000000000f06c        0x8 zephyr/drivers/clock_control/libdrivers__clock_control.a(clock_control_mcux_mcg.c.obj)
 .z_init_PRE_KERNEL_1_P_40_SUB_00019_
                0x000000000000f074        0x8 zephyr/drivers/pinctrl/libdrivers__pinctrl.a(pinctrl_nxp_port.c.obj)
 .z_init_PRE_KERNEL_1_P_40_SUB_00021_
                0x000000000000f07c        0x8 zephyr/drivers/pinctrl/libdrivers__pinctrl.a(pinctrl_nxp_port.c.obj)
 .z_init_PRE_KERNEL_1_P_40_SUB_00029_
                0x000000000000f084        0x8 zephyr/drivers/pinctrl/libdrivers__pinctrl.a(pinctrl_nxp_port.c.obj)
 .z_init_PRE_KERNEL_1_P_40_SUB_00031_
                0x000000000000f08c        0x8 zephyr/drivers/pinctrl/libdrivers__pinctrl.a(pinctrl_nxp_port.c.obj)
 .z_init_PRE_KERNEL_1_P_40_SUB_00076_
                0x000000000000f094        0x8 zephyr/drivers/pinctrl/libdrivers__pinctrl.a(pinctrl_nxp_port.c.obj)
 .z_init_PRE_KERNEL_1_P_50_SUB_00085_
                0x000000000000f09c        0x8 zephyr/drivers/serial/libdrivers__serial.a(uart_mcux.c.obj)
 .z_init_PRE_KERNEL_1_P_50_SUB_00088_
                0x000000000000f0a4        0x8 zephyr/drivers/serial/libdrivers__serial.a(uart_mcux.c.obj)
 .z_init_PRE_KERNEL_1_P_60_SUB_0_
                0x000000000000f0ac        0x8 zephyr/drivers/console/libdrivers__console.a(uart_console.c.obj)
 *(SORT_BY_NAME(SORT_BY_ALIGNMENT(.z_init_PRE_KERNEL_1_P_???_*)))
                0x000000000000f0b4                __init_PRE_KERNEL_2_start = .
 *(SORT_BY_NAME(SORT_BY_ALIGNMENT(.z_init_PRE_KERNEL_2_P_?_*)))
 .z_init_PRE_KERNEL_2_P_0_SUB_0_
                0x000000000000f0b4        0x8 zephyr/drivers/timer/libdrivers__timer.a(cortex_m_systick.c.obj)
 *(SORT_BY_NAME(SORT_BY_ALIGNMENT(.z_init_PRE_KERNEL_2_P_??_*)))
 *(SORT_BY_NAME(SORT_BY_ALIGNMENT(.z_init_PRE_KERNEL_2_P_???_*)))
                0x000000000000f0bc                __init_POST_KERNEL_start = .
 *(SORT_BY_NAME(SORT_BY_ALIGNMENT(.z_init_POST_KERNEL_P_?_*)))
 .z_init_POST_KERNEL_P_0_SUB_0_
                0x000000000000f0bc        0x8 zephyr/libzephyr.a(log_core.c.obj)
 *(SORT_BY_NAME(SORT_BY_ALIGNMENT(.z_init_POST_KERNEL_P_??_*)))
 .z_init_POST_KERNEL_P_35_SUB_0_
                0x000000000000f0c4        0x8 zephyr/lib/libc/newlib/liblib__libc__newlib.a(libc-hooks.c.obj)
 .z_init_POST_KERNEL_P_40_SUB_00020_
                0x000000000000f0cc        0x8 zephyr/drivers/gpio/libdrivers__gpio.a(gpio_mcux.c.obj)
 .z_init_POST_KERNEL_P_40_SUB_00022_