Archive member included to satisfy reference by file (symbol)

app/libapp.a(main.c.obj)      (--whole-archive)
app/libapp.a(spi_lcd_nokia.c.obj)
                              (--whole-archive)
app/libapp.a(lcd_nokia_images.c.obj)
                              (--whole-archive)
app/libapp.a(lcd_nokia_draw.c.obj)
                              (--whole-archive)
app/libapp.a(display_manager.c.obj)
                              (--whole-archive)
app/libapp.a(sensor_manager.c.obj)
                              (--whole-archive)
app/libapp.a(env_controller.c.obj)
                              (--whole-archive)
app/libapp.a(mode_controller.c.obj)
                              (--whole-archive)
app/libapp.a(adjust_manager.c.obj)
                              (--whole-archive)
app/libapp.a(uart_bt.c.obj)   (--whole-archive)
app/libapp.a(command_parser.c.obj)
                              (--whole-archive)
zephyr/libzephyr.a(heap.c.obj)
                              (--whole-archive)
zephyr/libzephyr.a(cbprintf_packaged.c.obj)
                              (--whole-archive)
zephyr/libzephyr.a(clock.c.obj)
                              (--whole-archive)
zephyr/libzephyr.a(printk.c.obj)
                              (--whole-archive)
zephyr/libzephyr.a(sem.c.obj)
                              (--whole-archive)
zephyr/libzephyr.a(thread_entry.c.obj)
                              (--whole-archive)
zephyr/libzephyr.a(cbprintf_complete.c.obj)
                              (--whole-archive)
zephyr/libzephyr.a(cbprintf.c.obj)
                              (--whole-archive)
zephyr/libzephyr.a(assert.c.obj)
                              (--whole-archive)
zephyr/libzephyr.a(mpsc_pbuf.c.obj)
                              (--whole-archive)
zephyr/libzephyr.a(dec.c.obj)
                              (--whole-archive)
zephyr/libzephyr.a(hex.c.obj)
                              (--whole-archive)
zephyr/libzephyr.a(rb.c.obj)  (--whole-archive)
zephyr/libzephyr.a(timeutil.c.obj)
                              (--whole-archive)
zephyr/libzephyr.a(bitarray.c.obj)
                              (--whole-archive)
zephyr/libzephyr.a(ring_buffer.c.obj)
                              (--whole-archive)
zephyr/libzephyr.a(last_section_id.c.obj)
                              (--whole-archive)
zephyr/libzephyr.a(configs.c.obj)
                              (--whole-archive)
zephyr/libzephyr.a(flash_configuration.c.obj)
                              (--whole-archive)
zephyr/libzephyr.a(soc.c.obj)
                              (--whole-archive)
zephyr/libzephyr.a(nxp_mpu_regions.c.obj)
                              (--whole-archive)
zephyr/libzephyr.a(log_core.c.obj)
                              (--whole-archive)
zephyr/libzephyr.a(log_mgmt.c.obj)
                              (--whole-archive)
zephyr/libzephyr.a(log_cache.c.obj)
                              (--whole-archive)
zephyr/libzephyr.a(log_msg.c.obj)
                              (--whole-archive)
zephyr/libzephyr.a(log_output.c.obj)
                              (--whole-archive)
zephyr/libzephyr.a(log_backend_uart.c.obj)
                              (--whole-archive)
zephyr/libzephyr.a(mem_attr.c.obj)
                              (--whole-archive)
zephyr/libzephyr.a(tracing_none.c.obj)
                              (--whole-archive)
zephyr/arch/common/libarch__common.a(sw_isr_common.c.obj)
                              (--whole-archive)
zephyr/arch/arch/arm/core/libarch__arm__core.a(fatal.c.obj)
                              (--whole-archive)
zephyr/arch/arch/arm/core/libarch__arm__core.a(nmi.c.obj)
                              (--whole-archive)
zephyr/arch/arch/arm/core/libarch__arm__core.a(nmi_on_reset.S.obj)
                              (--whole-archive)
zephyr/arch/arch/arm/core/cortex_m/libarch__arm__core__cortex_m.a(exc_exit.c.obj)
                              (--whole-archive)
zephyr/arch/arch/arm/core/cortex_m/libarch__arm__core__cortex_m.a(fault.c.obj)
                              (--whole-archive)
zephyr/arch/arch/arm/core/cortex_m/libarch__arm__core__cortex_m.a(fault_s.S.obj)
                              (--whole-archive)
zephyr/arch/arch/arm/core/cortex_m/libarch__arm__core__cortex_m.a(fpu.c.obj)
                              (--whole-archive)
zephyr/arch/arch/arm/core/cortex_m/libarch__arm__core__cortex_m.a(reset.S.obj)
                              (--whole-archive)
zephyr/arch/arch/arm/core/cortex_m/libarch__arm__core__cortex_m.a(scb.c.obj)
                              (--whole-archive)
zephyr/arch/arch/arm/core/cortex_m/libarch__arm__core__cortex_m.a(thread_abort.c.obj)
                              (--whole-archive)
zephyr/arch/arch/arm/core/cortex_m/libarch__arm__core__cortex_m.a(vector_table.S.obj)
                              (--whole-archive)
zephyr/arch/arch/arm/core/cortex_m/libarch__arm__core__cortex_m.a(swap_helper.S.obj)
                              (--whole-archive)
zephyr/arch/arch/arm/core/cortex_m/libarch__arm__core__cortex_m.a(irq_manage.c.obj)
[...]
Memory Configuration

Name             Origin             Length             Attributes
FLASH            0x0000000000000000 0x0000000000100000 xr
RAM              0x0000000020000000 0x0000000000030000 xw
SRAML            0x000000001fff0000 0x0000000000010000 rw
IDT_LIST         0x00000000ffff7fff 0x0000000000008000 xw
*default*        0x0000000000000000 0xffffffffffffffff

Linker script and memory map

LOAD zephyr/CMakeFiles/zephyr_pre0.dir/misc/empty_file.c.obj
LOAD zephyr/CMakeFiles/offsets.dir/./arch/arm/core/offsets/offsets.c.obj
LOAD app/libapp.a
LOAD zephyr/libzephyr.a
LOAD zephyr/arch/common/libarch__common.a
LOAD zephyr/arch/arch/arm/core/libarch__arm__core.a
LOAD zephyr/arch/arch/arm/core/cortex_m/libarch__arm__core__cortex_m.a
LOAD zephyr/arch/arch/arm/core/mpu/libarch__arm__core__mpu.a
LOAD zephyr/lib/libc/newlib/liblib__libc__newlib.a
LOAD zephyr/lib/libc/common/liblib__libc__common.a
LOAD zephyr/drivers/adc/libdrivers__adc.a
LOAD zephyr/drivers/clock_control/libdrivers__clock_control.a
LOAD zephyr/drivers/console/libdrivers__console.a
LOAD zephyr/drivers/gpio/libdrivers__gpio.a
LOAD zephyr/drivers/i2c/libdrivers__i2c.a
LOAD zephyr/drivers/pinctrl/libdrivers__pinctrl.a
LOAD zephyr/drivers/sensor/aosong/dht/libdrivers__sensor__aosong__dht.a
LOAD zephyr/drivers/sensor/nxp/fxos8700/libdrivers__sensor__nxp__fxos8700.a
LOAD zephyr/drivers/sensor/nxp/nxp_kinetis_temp/libdrivers__sensor__nxp__nxp_kinetis_temp.a
LOAD zephyr/drivers/sensor/rohm/bh1750/libdrivers__sensor__rohm__bh1750.a
LOAD zephyr/drivers/sensor/lm35/libdrivers__sensor__lm35.a
LOAD zephyr/drivers/serial/libdrivers__serial.a
LOAD zephyr/drivers/spi/libdrivers__spi.a
LOAD zephyr/drivers/timer/libdrivers__timer.a
LOAD modules/hal_nxp/libmodules__hal_nxp.a
LOAD zephyr/kernel/libkernel.a
LOAD zephyr/arch/common/libisr_tables.a
LOAD C:/Users/mauri/zephyr-sdk-0.17.4/arm-zephyr-eabi/arm-zephyr-eabi/lib/thumb/v7e-m+fp/hard\libm.a
LOAD C:/Users/mauri/zephyr-sdk-0.17.4/arm-zephyr-eabi/arm-zephyr-eabi/lib/thumb/v7e-m+fp/hard\libc.a
LOAD c:/users/mauri/zephyr-sdk-0.17.4/arm-zephyr-eabi/bin/../lib/gcc/arm-zephyr-eabi/12.2.0/thumb/v7e-m+fp/hard\libgcc.a
LOAD C:/Users/mauri/zephyr-sdk-0.17.4/arm-zephyr-eabi/arm-zephyr-eabi/lib/thumb/v7e-m+fp/hard\libc.a
                0x0000000000000080                _region_min_align = 0x80

.rel.plt        0x0000000000000000        0x0
 *(SORT_BY_ALIGNMENT(.rel.plt))
                [!provide]                        PROVIDE (__rel_iplt_start = .)
 *(SORT_BY_ALIGNMENT(.rel.iplt))
 .rel.iplt      0x0000000000000000        0x0 app/libapp.a(main.c.obj)
                [!provide]                        PROVIDE (__rel_iplt_end = .)

.rela.plt       0x0000000000000000        0x0
 *(SORT_BY_ALIGNMENT(.rela.plt))
                [!provide]                        PROVIDE (__rela_iplt_start = .)
 *(SORT_BY_ALIGNMENT(.rela.iplt))
                [!provide]                        PROVIDE (__rela_iplt_end = .)

.rel.dyn
 *(SORT_BY_ALIGNMENT(.rel.*))

.rela.dyn
 *(SORT_BY_ALIGNMENT(.rela.*))

/DISCARD/
 *(SORT_BY_ALIGNMENT(.plt))

/DISCARD/
 *(SORT_BY_ALIGNMENT(.iplt))
                0x0000000000000000                __rom_region_start = 0x0

rom_start       0x0000000000000000      0x410
                0x0000000000000000                __rom_start_address = .
 FILL mask 0x00
                0x0000000000000000                . = (. + (0x0 - (. - __rom_start_address)))
                0x0000000000000000                . = ALIGN (0x4)
                0x0000000000000000                . = ALIGN (0x80)
                0x0000000000000000                . = ALIGN (0x200)
                0x0000000000000000                _vector_start = .
 *(SORT_BY_ALIGNMENT(.exc_vector_table))
 *(SORT_BY_ALIGNMENT(.exc_vector_table.*))
 .exc_vector_table._vector_table_section
                0x0000000000000000       0x40 zephyr/arch/arch/arm/core/cortex_m/libarch__arm__core__cortex_m.a(vector_table.S.obj)
                0x0000000000000000                _vector_table
 *(SORT_BY_ALIGNMENT(.vectors))
                0x0000000000000198                _vector_end = .
                0x0000000000000040                . = ALIGN (0x4)
 *(SORT_BY_ALIGNMENT(.gnu.linkonce.irq_vector_table*))
 .gnu.linkonce.irq_vector_table
                0x0000000000000040      0x158 zephyr/arch/common/libisr_tables.a(isr_tables.c.obj)
                0x0000000000000040                _irq_vector_table
                0x0000000000000198                _vector_end = .
                0x0000000000000400                . = 0x400
 *fill*         0x0000000000000198      0x268 00
 *(SORT_BY_ALIGNMENT(.kinetis_flash_config))
 *(SORT_BY_ALIGNMENT(.kinetis_flash_config.*))
 .kinetis_flash_config."WEST_TOPDIR/zephyr/soc/nxp/kinetis/flash_configuration.c".0
                0x0000000000000400       0x10 zephyr/libzephyr.a(flash_configuration.c.obj)
                0x0000000000000400                __kinetis_flash_config

text            0x0000000000000440    0x11ec4
                0x0000000000000440                __text_region_start = .
 *(SORT_BY_ALIGNMENT(.text))
 .text          0x0000000000000440       0xdc C:/Users/mauri/zephyr-sdk-0.17.4/arm-zephyr-eabi/arm-zephyr-eabi/lib/thumb/v7e-m+fp/hard\libc.a(lib_a-strlen.o)
                0x0000000000000440                strlen
 *fill*         0x000000000000051c        0x4 
 .text          0x0000000000000520       0xa0 C:/Users/mauri/zephyr-sdk-0.17.4/arm-zephyr-eabi/arm-zephyr-eabi/lib/thumb/v7e-m+fp/hard\libc.a(lib_a-memchr.o)
                0x0000000000000520                memchr
 .text          0x00000000000005c0      0x134 C:/Users/mauri/zephyr-sdk-0.17.4/arm-zephyr-eabi/arm-zephyr-eabi/lib/thumb/v7e-m+fp/hard\libc.a(lib_a-memcpy.o)
                0x00000000000005c0                memcpy
 .text          0x00000000000006f4      0x378 c:/users/mauri/zephyr-sdk-0.17.4/arm-zephyr-eabi/bin/../lib/gcc/arm-zephyr-eabi/12.2.0/thumb/v7e-m+fp/hard\libgcc.a(_arm_addsubdf3.o)
                0x00000000000006f4                __aeabi_drsub
                0x00000000000006fc                __aeabi_dsub
                0x00000000000006fc                __subdf3
                0x0000000000000700                __aeabi_dadd
                0x0000000000000700                __adddf3
                0x0000000000000978                __floatunsidf
                0x0000000000000978                __aeabi_ui2d
                0x0000000000000998                __floatsidf
                0x0000000000000998                __aeabi_i2d
                0x00000000000009bc                __aeabi_f2d
                0x00000000000009bc                __extendsfdf2
                0x0000000000000a00                __floatundidf
                0x0000000000000a00                __aeabi_ul2d
                0x0000000000000a10                __floatdidf
                0x0000000000000a10                __aeabi_l2d
 .text          0x0000000000000a6c      0x424 c:/users/mauri/zephyr-sdk-0.17.4/arm-zephyr-eabi/bin/../lib/gcc/arm-zephyr-eabi/12.2.0/thumb/v7e-m+fp/hard\libgcc.a(_arm_muldivdf3.o)
                0x0000000000000a6c                __aeabi_dmul
                0x0000000000000a6c                __muldf3
                0x0000000000000cc0                __divdf3
                0x0000000000000cc0                __aeabi_ddiv
 .text          0x0000000000000e90      0x110 c:/users/mauri/zephyr-sdk-0.17.4/arm-zephyr-eabi/bin/../lib/gcc/arm-zephyr-eabi/12.2.0/thumb/v7e-m+fp/hard\libgcc.a(_arm_cmpdf2.o)
                0x0000000000000e90                __gtdf2
                0x0000000000000e90                __gedf2
                0x0000000000000e98                __ltdf2
                0x0000000000000e98                __ledf2
                0x0000000000000ea0                __nedf2
                0x0000000000000ea0                __eqdf2
                0x0000000000000ea0                __cmpdf2
                0x0000000000000f1c                __aeabi_cdrcmple
                0x0000000000000f2c                __aeabi_cdcmpeq
                0x0000000000000f2c                __aeabi_cdcmple
                0x0000000000000f3c                __aeabi_dcmpeq
                0x0000000000000f50                __aeabi_dcmplt
                0x0000000000000f64                __aeabi_dcmple
                0x0000000000000f78                __aeabi_dcmpge
                0x0000000000000f8c                __aeabi_dcmpgt
 .text          0x0000000000000fa0       0x2c c:/users/mauri/zephyr-sdk-0.17.4/arm-zephyr-eabi/bin/../lib/gcc/arm-zephyr-eabi/12.2.0/thumb/v7e-m+fp/hard\libgcc.a(_arm_unorddf2.o)
                0x0000000000000fa0                __unorddf2
                0x0000000000000fa0                __aeabi_dcmpun
 .text          0x0000000000000fcc       0x50 c:/users/mauri/zephyr-sdk-0.17.4/arm-zephyr-eabi/bin/../lib/gcc/arm-zephyr-eabi/12.2.0/thumb/v7e-m+fp/hard\libgcc.a(_arm_fixdfsi.o)
                0x0000000000000fcc                __aeabi_d2iz
                0x0000000000000fcc                __fixdfsi
 .text          0x000000000000101c       0x40 c:/users/mauri/zephyr-sdk-0.17.4/arm-zephyr-eabi/bin/../lib/gcc/arm-zephyr-eabi/12.2.0/thumb/v7e-m+fp/hard\libgcc.a(_arm_fixunsdfsi.o)
                0x000000000000101c                __aeabi_d2uiz
                0x000000000000101c                __fixunsdfsi
 .text          0x000000000000105c       0xa0 c:/users/mauri/zephyr-sdk-0.17.4/arm-zephyr-eabi/bin/../lib/gcc/arm-zephyr-eabi/12.2.0/thumb/v7e-m+fp/hard\libgcc.a(_arm_truncdfsf2.o)
                0x000000000000105c                __truncdfsf2
                0x000000000000105c                __aeabi_d2f
 .text          0x00000000000010fc       0x30 c:/users/mauri/zephyr-sdk-0.17.4/arm-zephyr-eabi/bin/../lib/gcc/arm-zephyr-eabi/12.2.0/thumb/v7e-m+fp/hard\libgcc.a(_aeabi_uldivmod.o)
                0x00000000000010fc                __aeabi_uldivmod
 .text          0x000000000000112c       0x3c c:/users/mauri/zephyr-sdk-0.17.4/arm-zephyr-eabi/bin/../lib/gcc/arm-zephyr-eabi/12.2.0/thumb/v7e-m+fp/hard\libgcc.a(_fixunsdfdi.o)
                0x000000000000112c                __fixunsdfdi
                0x000000000000112c                __aeabi_d2ulz
 .text          0x0000000000001168        0x4 c:/users/mauri/zephyr-sdk-0.17.4/arm-zephyr-eabi/bin/../lib/gcc/arm-zephyr-eabi/12.2.0/thumb/v7e-m+fp/hard\libgcc.a(_dvmd_tls.o)
                0x0000000000001168                __aeabi_idiv0
                0x0000000000001168                __aeabi_ldiv0
 .text          0x000000000000116c       0x2e c:/users/mauri/zephyr-sdk-0.17.4/arm-zephyr-eabi/bin/../lib/gcc/arm-zephyr-eabi/12.2.0/thumb/v7e-m+fp/hard\libgcc.a(_fixdfdi.o)
                0x000000000000116c                __fixdfdi
                0x000000000000116c                __aeabi_d2lz
 .text          0x000000000000119a      0x2a0 c:/users/mauri/zephyr-sdk-0.17.4/arm-zephyr-eabi/bin/../lib/gcc/arm-zephyr-eabi/12.2.0/thumb/v7e-m+fp/hard\libgcc.a(_udivmoddi4.o)
                0x000000000000119a                __udivmoddi4
 *(SORT_BY_ALIGNMENT(.text.*))
 *fill*         0x000000000000143a        0x6 
 .text.z_cbvprintf_impl
                0x0000000000001440      0xd1c zephyr/libzephyr.a(cbprintf_complete.c.obj)
                0x0000000000001440                z_cbvprintf_impl
 *fill*         0x000000000000215c        0x4 
 .text.dht_measure_signal_duration.isra.0
                0x0000000000002160       0x94 zephyr/drivers/sensor/aosong/dht/libdrivers__sensor__aosong__dht.a(dht.c.obj)
 *fill*         0x00000000000021f4        0x4 
 .text._strtod_l
                0x00000000000021f8     0x1008 C:/Users/mauri/zephyr-sdk-0.17.4/arm-zephyr-eabi/arm-zephyr-eabi/lib/thumb/v7e-m+fp/hard\libc.a(lib_a-strtod.o)
                0x00000000000021f8                _strtod_l
 .text._svfprintf_r
                0x0000000000003200     0x1a3c C:/Users/mauri/zephyr-sdk-0.17.4/arm-zephyr-eabi/arm-zephyr-eabi/lib/thumb/v7e-m+fp/hard\libc.a(lib_a-svfprintf.o)
                0x0000000000003200                _svfprintf_r
 *fill*         0x0000000000004c3c        0x4 
 .text._dtoa_r  0x0000000000004c40      0xe4c C:/Users/mauri/zephyr-sdk-0.17.4/arm-zephyr-eabi/arm-zephyr-eabi/lib/thumb/v7e-m+fp/hard\libc.a(lib_a-dtoa.o)
                0x0000000000004c40                _dtoa_r
 *fill*         0x0000000000005a8c        0x4 
 .text.nan      0x0000000000005a90       0x10 C:/Users/mauri/zephyr-sdk-0.17.4/arm-zephyr-eabi/arm-zephyr-eabi/lib/thumb/v7e-m+fp/hard\libc.a(lib_a-s_nan.o)
                0x0000000000005a90                nan
 .text.main     0x0000000000005aa0      0x100 app/libapp.a(main.c.obj)
                0x0000000000005aa0                main
 .text.LCD_nokia_write_byte
                0x0000000000005ba0       0x38 app/libapp.a(spi_lcd_nokia.c.obj)
 .text.Nokia_Lcd_Init
                0x0000000000005bd8       0x84 app/libapp.a(spi_lcd_nokia.c.obj)
                0x0000000000005bd8                Nokia_Lcd_Init
 .text.LCD_nokia_write_string_xy_FB
                0x0000000000005c5c       0x7c app/libapp.a(spi_lcd_nokia.c.obj)
                0x0000000000005c5c                LCD_nokia_write_string_xy_FB
 .text.LCD_nokia_sent_FrameBuffer
                0x0000000000005cd8       0x28 app/libapp.a(spi_lcd_nokia.c.obj)
                0x0000000000005cd8                LCD_nokia_sent_FrameBuffer
 .text.display_init
                0x0000000000005d00       0x30 app/libapp.a(display_manager.c.obj)
                0x0000000000005d00                display_init
 .text.display_show_logo
                0x0000000000005d30       0x40 app/libapp.a(display_manager.c.obj)
                0x0000000000005d30                display_show_logo
 .text.display_update
                0x0000000000005d70       0xb4 app/libapp.a(display_manager.c.obj)
                0x0000000000005d70                display_update
 .text.sensor_manager_init
                0x0000000000005e24       0xbc app/libapp.a(sensor_manager.c.obj)
                0x0000000000005e24                sensor_manager_init
 .text.sensor_manager_read_all
                0x0000000000005ee0      0x1e0 app/libapp.a(sensor_manager.c.obj)
                0x0000000000005ee0                sensor_manager_read_all
 .text.env_controller_init
                0x00000000000060c0        0xc app/libapp.a(env_controller.c.obj)
                0x00000000000060c0                env_controller_init
 .text.button_pressed
                0x00000000000060cc        0xc app/libapp.a(mode_controller.c.obj)
 .text.mode_controller_init
                0x00000000000060d8       0xa0 app/libapp.a(mode_controller.c.obj)
                0x00000000000060d8                mode_controller_init
 .text.mode_controller_set_mode
                0x0000000000006178       0x64 app/libapp.a(mode_controller.c.obj)
                0x0000000000006178                mode_controller_set_mode
 .text.mode_controller_thread
                0x00000000000061dc       0x48 app/libapp.a(mode_controller.c.obj)
                0x00000000000061dc                mode_controller_thread
 .text.adjust_manager_init
                0x0000000000006224       0x24 app/libapp.a(adjust_manager.c.obj)
                0x0000000000006224                adjust_manager_init
 .text.adjust_manager_update_actuators
                0x0000000000006248       0x88 app/libapp.a(adjust_manager.c.obj)
                0x0000000000006248                adjust_manager_update_actuators
 .text.adjust_manager_apply_new_setpoints
                0x00000000000062d0       0x60 app/libapp.a(adjust_manager.c.obj)
                0x00000000000062d0                adjust_manager_apply_new_setpoints
 .text.adjust_manager_validate
                0x0000000000006330       0x6c app/libapp.a(adjust_manager.c.obj)
                0x0000000000006330                adjust_manager_validate
 .text.adjust_manager_process_action
                0x000000000000639c       0x34 app/libapp.a(adjust_manager.c.obj)
                0x000000000000639c                adjust_manager_process_action
 .text.uart_bt_callback
                0x00000000000063d0       0xa0 app/libapp.a(uart_bt.c.obj)
 .text.uart_bt_send
                0x0000000000006470       0x28 app/libapp.a(uart_bt.c.obj)
 .text.uart_bt_init
                0x0000000000006498       0x4c app/libapp.a(uart_bt.c.obj)
                0x0000000000006498                uart_bt_init
 .text.uart_bt_thread
                0x00000000000064e4      0x110 app/libapp.a(uart_bt.c.obj)
                0x00000000000064e4                uart_bt_thread
 .text.str_iequals
                0x00000000000065f4       0x44 app/libapp.a(command_parser.c.obj)
 .text.command_parser_parse
                0x0000000000006638      0x120 app/libapp.a(command_parser.c.obj)
                0x0000000000006638                command_parser_parse
 .text.cbvprintf_package
                0x0000000000006758      0x3a4 zephyr/libzephyr.a(cbprintf_packaged.c.obj)
                0x0000000000006758                cbvprintf_package
 .text.cbprintf_package_convert
                0x0000000000006afc      0x3cc zephyr/libzephyr.a(cbprintf_packaged.c.obj)
                0x0000000000006afc                cbprintf_package_convert
 .text.__printk_hook_install
                0x0000000000006ec8        0xc zephyr/libzephyr.a(printk.c.obj)
                0x0000000000006ec8                __printk_hook_install
 .text.vsnprintk
                0x0000000000006ed4       0x2c zephyr/libzephyr.a(printk.c.obj)
                0x0000000000006ed4                vsnprintk
 .text.extract_decimal
                0x0000000000006f00       0x2c zephyr/libzephyr.a(cbprintf_complete.c.obj)
 .text.encode_uint
                0x0000000000006f2c       0x9c zephyr/libzephyr.a(cbprintf_complete.c.obj)
 .text.clock_init
                0x0000000000006fc8       0x4c zephyr/libzephyr.a(soc.c.obj)
                0x0000000000006fc8                clock_init
 .text.soc_early_init_hook
                0x0000000000007014       0x20 zephyr/libzephyr.a(soc.c.obj)
                0x0000000000007014                soc_early_init_hook
 .text.activate_foreach_backend
                0x0000000000007034       0x64 zephyr/libzephyr.a(log_core.c.obj)
 .text.enable_logger
                0x0000000000007098       0x5c zephyr/libzephyr.a(log_core.c.obj)
 .text.log_process_thread_timer_expiry_fn
                0x00000000000070f4        0xc zephyr/libzephyr.a(log_core.c.obj)
 .text.z_log_init
                0x0000000000007100       0x94 zephyr/libzephyr.a(log_core.c.obj)
 .text.log_format_func_t_get
                0x0000000000007194        0xc zephyr/libzephyr.a(log_core.c.obj)
                0x0000000000007194                log_format_func_t_get
 .text.log_set_timestamp_func
                0x00000000000071a0       0x20 zephyr/libzephyr.a(log_core.c.obj)
                0x00000000000071a0                log_set_timestamp_func
 .text.z_log_notify_backend_enabled
                0x00000000000071c0       0x1c zephyr/libzephyr.a(log_core.c.obj)
                0x00000000000071c0                z_log_notify_backend_enabled
 .text.z_log_dropped
                0x00000000000071dc       0x44 zephyr/libzephyr.a(log_core.c.obj)
                0x00000000000071dc                z_log_dropped
 .text.z_log_dropped_read_and_clear
                0x0000000000007220       0x20 zephyr/libzephyr.a(log_core.c.obj)
                0x0000000000007220                z_log_dropped_read_and_clear
 .text.dropped_notify
                0x0000000000007240       0x30 zephyr/libzephyr.a(log_core.c.obj)
                0x0000000000007240                dropped_notify
 .text.z_log_msg_init
                0x0000000000007270       0x20 zephyr/libzephyr.a(log_core.c.obj)
                0x0000000000007270                z_log_msg_init
 .text.log_core_init
                0x0000000000007290       0x50 zephyr/libzephyr.a(log_core.c.obj)
                0x0000000000007290                log_core_init
 .text.z_log_msg_alloc
                0x00000000000072e0       0x10 zephyr/libzephyr.a(log_core.c.obj)
                0x00000000000072e0                z_log_msg_alloc
 .text.z_log_msg_local_claim
                0x00000000000072f0        0xc zephyr/libzephyr.a(log_core.c.obj)
                0x00000000000072f0                z_log_msg_local_claim
 .text.z_log_msg_free
                0x00000000000072fc       0x10 zephyr/libzephyr.a(log_core.c.obj)
                0x00000000000072fc                z_log_msg_free
 .text.z_log_msg_pending
                0x000000000000730c        0xc zephyr/libzephyr.a(log_core.c.obj)
                0x000000000000730c                z_log_msg_pending
 .text.z_impl_log_process
                0x0000000000007318       0xb4 zephyr/libzephyr.a(log_core.c.obj)
                0x0000000000007318                z_impl_log_process
 .text.z_impl_log_panic
                0x00000000000073cc       0x44 zephyr/libzephyr.a(log_core.c.obj)
                0x00000000000073cc                z_impl_log_panic
 .text.log_process_thread_func
                0x0000000000007410       0x9c zephyr/libzephyr.a(log_core.c.obj)
 .text.z_log_msg_post_finalize
                0x00000000000074ac       0x78 zephyr/libzephyr.a(log_core.c.obj)
 .text.z_log_msg_commit
                0x0000000000007524       0x24 zephyr/libzephyr.a(log_core.c.obj)
                0x0000000000007524                z_log_msg_commit
 .text.log_source_name_get
                0x0000000000007548       0x1c zephyr/libzephyr.a(log_mgmt.c.obj)
                0x0000000000007548                log_source_name_get
 .text.z_impl_z_log_msg_static_create
                0x0000000000007564      0x108 zephyr/libzephyr.a(log_msg.c.obj)
                0x0000000000007564                z_impl_z_log_msg_static_create
 .text.z_log_msg_runtime_vcreate
                0x000000000000766c       0xa0 zephyr/libzephyr.a(log_msg.c.obj)
                0x000000000000766c                z_log_msg_runtime_vcreate
 .text.log_msg_get_source_id
                0x000000000000770c       0x18 zephyr/libzephyr.a(log_msg.c.obj)
                0x000000000000770c                log_msg_get_source_id
 .text.print_formatted
                0x0000000000007724       0x24 zephyr/libzephyr.a(log_output.c.obj)
 .text.newline_print
                0x0000000000007748       0x1c zephyr/libzephyr.a(log_output.c.obj)
 .text.log_output_process
                0x0000000000007764      0x2dc zephyr/libzephyr.a(log_output.c.obj)
                0x0000000000007764                log_output_process
 .text.log_output_dropped_process
                0x0000000000007a40       0x58 zephyr/libzephyr.a(log_output.c.obj)
                0x0000000000007a40                log_output_dropped_process
 .text.log_output_timestamp_freq_set
                0x0000000000007a98       0x2c zephyr/libzephyr.a(log_output.c.obj)
                0x0000000000007a98                log_output_timestamp_freq_set
 .text.char_out
                0x0000000000007ac4       0x24 zephyr/libzephyr.a(log_backend_uart.c.obj)
 .text.mem_attr_get_regions
                0x0000000000007ae8        0xc zephyr/libzephyr.a(mem_attr.c.obj)
                0x0000000000007ae8                mem_attr_get_regions
 .text.z_arm_fatal_error
                0x0000000000007af4      0x120 zephyr/arch/arch/arm/core/libarch__arm__core.a(fatal.c.obj)
                0x0000000000007af4                z_arm_fatal_error
 .text.z_SysNmiOnReset
                0x0000000000007c14        0x8 zephyr/arch/arch/arm/core/libarch__arm__core.a(nmi_on_reset.S.obj)
                0x0000000000007c14                z_SysNmiOnReset
 .text._HandlerModeExit
                0x0000000000007c1c       0x20 zephyr/arch/arch/arm/core/cortex_m/libarch__arm__core__cortex_m.a(exc_exit.c.obj)
                0x0000000000007c1c                z_arm_int_exit
                0x0000000000007c1c                z_arm_exc_exit
 .text.usage_fault.constprop.0
                0x0000000000007c3c       0xa8 zephyr/arch/arch/arm/core/cortex_m/libarch__arm__core__cortex_m.a(fault.c.obj)
 .text.mem_manage_fault
                0x0000000000007ce4      0x104 zephyr/arch/arch/arm/core/cortex_m/libarch__arm__core__cortex_m.a(fault.c.obj)
 .text.bus_fault
                0x0000000000007de8      0x214 zephyr/arch/arch/arm/core/cortex_m/libarch__arm__core__cortex_m.a(fault.c.obj)
 .text.z_arm_fault
                0x0000000000007ffc      0x1c8 zephyr/arch/arch/arm/core/cortex_m/libarch__arm__core__cortex_m.a(fault.c.obj)
                0x0000000000007ffc                z_arm_fault
 .text.z_arm_fault_init
                0x00000000000081c4       0x18 zephyr/arch/arch/arm/core/cortex_m/libarch__arm__core__cortex_m.a(fault.c.obj)
                0x00000000000081c4                z_arm_fault_init
 .text.__fault  0x00000000000081dc       0x14 zephyr/arch/arch/arm/core/cortex_m/libarch__arm__core__cortex_m.a(fault_s.S.obj)
                0x00000000000081dc                z_arm_usage_fault
                0x00000000000081dc                z_arm_mpu_fault
                0x00000000000081dc                z_arm_exc_spurious
                0x00000000000081dc                z_arm_debug_monitor
                0x00000000000081dc                z_arm_hard_fault
                0x00000000000081dc                z_arm_bus_fault
 .text._reset_section
                0x00000000000081f0       0x38 zephyr/arch/arch/arm/core/cortex_m/libarch__arm__core__cortex_m.a(reset.S.obj)
                0x00000000000081f0                __start
                0x00000000000081f0                z_arm_reset
 .text.z_impl_k_thread_abort
                0x0000000000008228       0x2c zephyr/arch/arch/arm/core/cortex_m/libarch__arm__core__cortex_m.a(thread_abort.c.obj)
                0x0000000000008228                z_impl_k_thread_abort
 .text.z_arm_pendsv
                0x0000000000008254       0x90 zephyr/arch/arch/arm/core/cortex_m/libarch__arm__core__cortex_m.a(swap_helper.S.obj)
                0x0000000000008254                z_arm_pendsv
 .text.z_arm_svc
                0x00000000000082e4       0x24 zephyr/arch/arch/arm/core/cortex_m/libarch__arm__core__cortex_m.a(swap_helper.S.obj)
                0x00000000000082e4                z_arm_svc
 .text.arm_irq_enable
                0x0000000000008308       0x1c zephyr/arch/arch/arm/core/cortex_m/libarch__arm__core__cortex_m.a(irq_manage.c.obj)
                0x0000000000008308                arm_irq_enable
 .text.arm_irq_priority_set
                0x0000000000008324       0x30 zephyr/arch/arch/arm/core/cortex_m/libarch__arm__core__cortex_m.a(irq_manage.c.obj)
                0x0000000000008324                arm_irq_priority_set
 .text.relocate_vector_table
                0x0000000000008354       0x1c zephyr/arch/arch/arm/core/cortex_m/libarch__arm__core__cortex_m.a(prep_c.c.obj)
                0x0000000000008354                relocate_vector_table
 .text.z_prep_c
                0x0000000000008370       0x4c zephyr/arch/arch/arm/core/cortex_m/libarch__arm__core__cortex_m.a(prep_c.c.obj)
                0x0000000000008370                z_prep_c
 .text.arch_new_thread
                0x00000000000083bc       0x40 zephyr/arch/arch/arm/core/cortex_m/libarch__arm__core__cortex_m.a(thread.c.obj)
                0x00000000000083bc                arch_new_thread
 .text.z_arm_mpu_stack_guard_and_fpu_adjust
                0x00000000000083fc       0x54 zephyr/arch/arch/arm/core/cortex_m/libarch__arm__core__cortex_m.a(thread.c.obj)
                0x00000000000083fc                z_arm_mpu_stack_guard_and_fpu_adjust
 .text.z_check_thread_stack_fail
                0x0000000000008450       0x2c zephyr/arch/arch/arm/core/cortex_m/libarch__arm__core__cortex_m.a(thread.c.obj)
                0x0000000000008450                z_check_thread_stack_fail
 .text.arch_float_disable
                0x000000000000847c       0x48 zephyr/arch/arch/arm/core/cortex_m/libarch__arm__core__cortex_m.a(thread.c.obj)
                0x000000000000847c                arch_float_disable
 .text.arch_switch_to_main_thread
                0x00000000000084c4       0x4c zephyr/arch/arch/arm/core/cortex_m/libarch__arm__core__cortex_m.a(thread.c.obj)
                0x00000000000084c4                arch_switch_to_main_thread
 .text.z_arm_cpu_idle_init
                0x0000000000008510        0xc zephyr/arch/arch/arm/core/cortex_m/libarch__arm__core__cortex_m.a(cpu_idle.c.obj)
                0x0000000000008510                z_arm_cpu_idle_init
 .text.z_arm_interrupt_init
                0x000000000000851c       0x18 zephyr/arch/arch/arm/core/cortex_m/libarch__arm__core__cortex_m.a(irq_init.c.obj)
                0x000000000000851c                z_arm_interrupt_init
 .text._isr_wrapper
                0x0000000000008534       0x24 zephyr/arch/arch/arm/core/cortex_m/libarch__arm__core__cortex_m.a(isr_wrapper.c.obj)
                0x0000000000008534                _isr_wrapper
 .text.z_arm_configure_static_mpu_regions
                0x0000000000008558       0x18 zephyr/arch/arch/arm/core/mpu/libarch__arm__core__mpu.a(arm_core_mpu.c.obj)
                0x0000000000008558                z_arm_configure_static_mpu_regions
 .text.z_arm_configure_dynamic_mpu_regions
                0x0000000000008570       0x2c zephyr/arch/arch/arm/core/mpu/libarch__arm__core__mpu.a(arm_core_mpu.c.obj)
                0x0000000000008570                z_arm_configure_dynamic_mpu_regions
 .text.region_init
                0x000000000000859c       0x34 zephyr/arch/arch/arm/core/mpu/libarch__arm__core__mpu.a(nxp_mpu.c.obj)
 .text.region_allocate_and_init.part.0
                0x00000000000085d0       0x1c zephyr/arch/arch/arm/core/mpu/libarch__arm__core__mpu.a(nxp_mpu.c.obj)
 .text.mpu_configure_regions
                0x00000000000085ec      0x100 zephyr/arch/arch/arm/core/mpu/libarch__arm__core__mpu.a(nxp_mpu.c.obj)
 .text.arm_core_mpu_enable
                0x00000000000086ec       0x18 zephyr/arch/arch/arm/core/mpu/libarch__arm__core__mpu.a(nxp_mpu.c.obj)
                0x00000000000086ec                arm_core_mpu_enable
 .text.arm_core_mpu_disable
                0x0000000000008704       0x1c zephyr/arch/arch/arm/core/mpu/libarch__arm__core__mpu.a(nxp_mpu.c.obj)
                0x0000000000008704                arm_core_mpu_disable
 .text.arm_core_mpu_configure_static_mpu_regions
                0x0000000000008720       0x14 zephyr/arch/arch/arm/core/mpu/libarch__arm__core__mpu.a(nxp_mpu.c.obj)
                0x0000000000008720                arm_core_mpu_configure_static_mpu_regions
 .text.arm_core_mpu_configure_dynamic_mpu_regions
                0x0000000000008734       0x80 zephyr/arch/arch/arm/core/mpu/libarch__arm__core__mpu.a(nxp_mpu.c.obj)
                0x0000000000008734                arm_core_mpu_configure_dynamic_mpu_regions
 .text.z_arm_mpu_init
                0x00000000000087b4       0xe8 zephyr/arch/arch/arm/core/mpu/libarch__arm__core__mpu.a(nxp_mpu.c.obj)
                0x00000000000087b4                z_arm_mpu_init
 .text.__stdout_hook_install
                0x000000000000889c        0xc zephyr/lib/libc/newlib/liblib__libc__newlib.a(libc-hooks.c.obj)
                0x000000000000889c                __stdout_hook_install
 .text.z_impl_zephyr_read_stdin
                0x00000000000088a8       0x28 zephyr/lib/libc/newlib/liblib__libc__newlib.a(libc-hooks.c.obj)
                0x00000000000088a8                z_impl_zephyr_read_stdin
 .text.z_impl_zephyr_write_stdout
                0x00000000000088d0       0x30 zephyr/lib/libc/newlib/liblib__libc__newlib.a(libc-hooks.c.obj)
                0x00000000000088d0                z_impl_zephyr_write_stdout
 .text._sbrk    0x0000000000008900       0x28 zephyr/lib/libc/newlib/liblib__libc__newlib.a(libc-hooks.c.obj)
                0x0000000000008900                sbrk
                0x0000000000008900                _sbrk
 .text.abort    0x0000000000008928       0x1c zephyr/lib/libc/common/liblib__libc__common.a(abort.c.obj)
                0x0000000000008928                abort
 .text.adc_gain_invert
                0x0000000000008944       0x2c zephyr/drivers/adc/libdrivers__adc.a(adc_common.c.obj)
                0x0000000000008944                adc_gain_invert
 .text.mcux_adc16_channel_setup
                0x0000000000008970       0x3c zephyr/drivers/adc/libdrivers__adc.a(adc_mcux_adc16.c.obj)
 .text.mcux_adc16_read
                0x00000000000089ac      0x15c zephyr/drivers/adc/libdrivers__adc.a(adc_mcux_adc16.c.obj)
 .text.mcux_mcg_get_rate.part.0
                0x0000000000008b08       0x1c zephyr/drivers/clock_control/libdrivers__clock_control.a(clock_control_mcux_mcg.c.obj)
 .text.uart_console_init
                0x0000000000008b24       0x28 zephyr/drivers/console/libdrivers__console.a(uart_console.c.obj)
 .text.console_out
                0x0000000000008b4c       0x28 zephyr/drivers/console/libdrivers__console.a(uart_console.c.obj)
 .text.i2c_mcux_configure
                0x0000000000008b74       0x5c zephyr/drivers/i2c/libdrivers__i2c.a(i2c_mcux.c.obj)
 .text.i2c_mcux_init
                0x0000000000008bd0       0xec zephyr/drivers/i2c/libdrivers__i2c.a(i2c_mcux.c.obj)
 .text.pinctrl_mcux_init.part.0
                0x0000000000008cbc       0x1c zephyr/drivers/pinctrl/libdrivers__pinctrl.a(pinctrl_nxp_port.c.obj)
 .text.pinctrl_mcux_init
                0x0000000000008cd8       0x44 zephyr/drivers/pinctrl/libdrivers__pinctrl.a(pinctrl_nxp_port.c.obj)
 .text.pinctrl_configure_pins
                0x0000000000008d1c       0x40 zephyr/drivers/pinctrl/libdrivers__pinctrl.a(pinctrl_nxp_port.c.obj)
                0x0000000000008d1c                pinctrl_configure_pins
 .text.dht_channel_get
                0x0000000000008d5c       0x78 zephyr/drivers/sensor/aosong/dht/libdrivers__sensor__aosong__dht.a(dht.c.obj)
 .text.dht_init.part.0
                0x0000000000008dd4       0x1c zephyr/drivers/sensor/aosong/dht/libdrivers__sensor__aosong__dht.a(dht.c.obj)
 .text.dht_sample_fetch
                0x0000000000008df0      0x158 zephyr/drivers/sensor/aosong/dht/libdrivers__sensor__aosong__dht.a(dht.c.obj)
 .text.fxos8700_get_power.part.0
                0x0000000000008f48       0x18 zephyr/drivers/sensor/nxp/fxos8700/libdrivers__sensor__nxp__fxos8700.a(fxos8700.c.obj)
 .text.fxos8700_channel_get
                0x0000000000008f60      0x150 zephyr/drivers/sensor/nxp/fxos8700/libdrivers__sensor__nxp__fxos8700.a(fxos8700.c.obj)
 .text.fxos8700_sample_fetch
                0x00000000000090b0       0x94 zephyr/drivers/sensor/nxp/fxos8700/libdrivers__sensor__nxp__fxos8700.a(fxos8700.c.obj)
 .text.fxos8700_set_odr
                0x0000000000009144      0x108 zephyr/drivers/sensor/nxp/fxos8700/libdrivers__sensor__nxp__fxos8700.a(fxos8700.c.obj)
 .text.fxos8700_init
                0x000000000000924c      0x21c zephyr/drivers/sensor/nxp/fxos8700/libdrivers__sensor__nxp__fxos8700.a(fxos8700.c.obj)
 .text.temp_kinetis_init
                0x0000000000009468       0x98 zephyr/drivers/sensor/nxp/nxp_kinetis_temp/libdrivers__sensor__nxp__nxp_kinetis_temp.a(temp_kinetis.c.obj)
 .text.temp_kinetis_sample_fetch
                0x0000000000009500       0x78 zephyr/drivers/sensor/nxp/nxp_kinetis_temp/libdrivers__sensor__nxp__nxp_kinetis_temp.a(temp_kinetis.c.obj)
 .text.bh1750_init
                0x0000000000009578       0xb8 zephyr/drivers/sensor/rohm/bh1750/libdrivers__sensor__rohm__bh1750.a(bh1750.c.obj)
 .text.bh1750_sample_fetch
                0x0000000000009630      0x100 zephyr/drivers/sensor/rohm/bh1750/libdrivers__sensor__rohm__bh1750.a(bh1750.c.obj)
 .text.lm35_channel_get
                0x0000000000009730       0x4c zephyr/drivers/sensor/lm35/libdrivers__sensor__lm35.a(lm35.c.obj)
 .text.lm35_init.part.0
                0x000000000000977c       0x1c zephyr/drivers/sensor/lm35/libdrivers__sensor__lm35.a(lm35.c.obj)
 .text.spi_mcux_init
                0x0000000000009798       0xe0 zephyr/drivers/spi/libdrivers__spi.a(spi_mcux_dspi.c.obj)
 .text.spi_mcux_transfer_next_packet
                0x0000000000009878      0x104 zephyr/drivers/spi/libdrivers__spi.a(spi_mcux_dspi.c.obj)
 .text.spi_mcux_master_transfer_callback
                0x000000000000997c       0xac zephyr/drivers/spi/libdrivers__spi.a(spi_mcux_dspi.c.obj)
 .text.spi_mcux_transceive
                0x0000000000009a28      0x268 zephyr/drivers/spi/libdrivers__spi.a(spi_mcux_dspi.c.obj)
 .text.elapsed  0x0000000000009c90       0x4c zephyr/drivers/timer/libdrivers__timer.a(cortex_m_systick.c.obj)
 .text.sys_clock_driver_init
                0x0000000000009cdc       0x38 zephyr/drivers/timer/libdrivers__timer.a(cortex_m_systick.c.obj)
 .text.sys_clock_isr
                0x0000000000009d14       0x60 zephyr/drivers/timer/libdrivers__timer.a(cortex_m_systick.c.obj)
                0x0000000000009d14                sys_clock_isr
 .text.sys_clock_set_timeout
                0x0000000000009d74       0xf8 zephyr/drivers/timer/libdrivers__timer.a(cortex_m_systick.c.obj)
                0x0000000000009d74                sys_clock_set_timeout
 .text.sys_clock_elapsed
                0x0000000000009e6c       0x3c zephyr/drivers/timer/libdrivers__timer.a(cortex_m_systick.c.obj)
                0x0000000000009e6c                sys_clock_elapsed
 .text.sys_clock_cycle_get_32
                0x0000000000009ea8       0x28 zephyr/drivers/timer/libdrivers__timer.a(cortex_m_systick.c.obj)
                0x0000000000009ea8                sys_clock_cycle_get_32
 .text.CLOCK_GetMcgExtClkFreq
                0x0000000000009ed0       0x34 modules/hal_nxp/libmodules__hal_nxp.a(fsl_clock.c.obj)
 .text.CLOCK_GetFllRefClkFreq
                0x0000000000009f04       0x54 modules/hal_nxp/libmodules__hal_nxp.a(fsl_clock.c.obj)
 .text.CLOCK_GetInternalRefClkSelectFreq
                0x0000000000009f58       0x28 modules/hal_nxp/libmodules__hal_nxp.a(fsl_clock.c.obj)
 .text.CLOCK_GetOsc0ErClkFreq
                0x0000000000009f80       0x18 modules/hal_nxp/libmodules__hal_nxp.a(fsl_clock.c.obj)
                0x0000000000009f80                CLOCK_GetOsc0ErClkFreq
 .text.CLOCK_GetEr32kClkFreq
                0x0000000000009f98       0x3c modules/hal_nxp/libmodules__hal_nxp.a(fsl_clock.c.obj)
                0x0000000000009f98                CLOCK_GetEr32kClkFreq
 .text.CLOCK_SetSimConfig
                0x0000000000009fd4       0x38 modules/hal_nxp/libmodules__hal_nxp.a(fsl_clock.c.obj)
                0x0000000000009fd4                CLOCK_SetSimConfig
 .text.CLOCK_GetFllFreq
                0x000000000000a00c       0x3c modules/hal_nxp/libmodules__hal_nxp.a(fsl_clock.c.obj)
                0x000000000000a00c                CLOCK_GetFllFreq
 .text.CLOCK_GetInternalRefClkFreq
                0x000000000000a048       0x14 modules/hal_nxp/libmodules__hal_nxp.a(fsl_clock.c.obj)
                0x000000000000a048                CLOCK_GetInternalRefClkFreq
 .text.CLOCK_GetPll0Freq
                0x000000000000a05c       0x2c modules/hal_nxp/libmodules__hal_nxp.a(fsl_clock.c.obj)
                0x000000000000a05c                CLOCK_GetPll0Freq
 .text.CLOCK_GetPllFllSelClkFreq
                0x000000000000a088       0x2c modules/hal_nxp/libmodules__hal_nxp.a(fsl_clock.c.obj)
                0x000000000000a088                CLOCK_GetPllFllSelClkFreq
 .text.CLOCK_GetOutClkFreq
                0x000000000000a0b4       0x28 modules/hal_nxp/libmodules__hal_nxp.a(fsl_clock.c.obj)
                0x000000000000a0b4                CLOCK_GetOutClkFreq
 .text.CLOCK_GetFreq
                0x000000000000a0dc       0xa8 modules/hal_nxp/libmodules__hal_nxp.a(fsl_clock.c.obj)
                0x000000000000a0dc                CLOCK_GetFreq
 .text.CLOCK_SetExternalRefClkConfig
                0x000000000000a184       0x38 modules/hal_nxp/libmodules__hal_nxp.a(fsl_clock.c.obj)
                0x000000000000a184                CLOCK_SetExternalRefClkConfig
 .text.CLOCK_SetInternalRefClkConfig
                0x000000000000a1bc       0x80 modules/hal_nxp/libmodules__hal_nxp.a(fsl_clock.c.obj)
                0x000000000000a1bc                CLOCK_SetInternalRefClkConfig
 .text.CLOCK_EnablePll0
                0x000000000000a23c       0x34 modules/hal_nxp/libmodules__hal_nxp.a(fsl_clock.c.obj)
                0x000000000000a23c                CLOCK_EnablePll0
 .text.CLOCK_InitOsc0
                0x000000000000a270       0x64 modules/hal_nxp/libmodules__hal_nxp.a(fsl_clock.c.obj)
                0x000000000000a270                CLOCK_InitOsc0
 .text.CLOCK_SetPbeMode
                0x000000000000a2d4       0x50 modules/hal_nxp/libmodules__hal_nxp.a(fsl_clock.c.obj)
                0x000000000000a2d4                CLOCK_SetPbeMode
 .text.CLOCK_BootToPeeMode
                0x000000000000a324       0x30 modules/hal_nxp/libmodules__hal_nxp.a(fsl_clock.c.obj)
                0x000000000000a324                CLOCK_BootToPeeMode
 .text.SystemInit
                0x000000000000a354       0x34 modules/hal_nxp/libmodules__hal_nxp.a(system_MK64F12.c.obj)
                0x000000000000a354                SystemInit
 .text.ADC16_Init
                0x000000000000a388       0xb8 modules/hal_nxp/libmodules__hal_nxp.a(fsl_adc16.c.obj)
                0x000000000000a388                ADC16_Init
 .text.__NVIC_EnableIRQ
                0x000000000000a440       0x1c modules/hal_nxp/libmodules__hal_nxp.a(fsl_dspi.c.obj)
 .text.DSPI_GetInstance
                0x000000000000a45c       0x28 modules/hal_nxp/libmodules__hal_nxp.a(fsl_dspi.c.obj)
                0x000000000000a45c                DSPI_GetInstance
 .text.DSPI_GetDummyDataInstance
                0x000000000000a484       0x10 modules/hal_nxp/libmodules__hal_nxp.a(fsl_dspi.c.obj)
                0x000000000000a484                DSPI_GetDummyDataInstance
 .text.DSPI_SetDummyData
                0x000000000000a494       0x10 modules/hal_nxp/libmodules__hal_nxp.a(fsl_dspi.c.obj)
                0x000000000000a494                DSPI_SetDummyData
 .text.DSPI_MasterGetDefaultConfig
                0x000000000000a4a4       0x2c modules/hal_nxp/libmodules__hal_nxp.a(fsl_dspi.c.obj)
                0x000000000000a4a4                DSPI_MasterGetDefaultConfig
 .text.DSPI_MasterSetBaudRate
                0x000000000000a4d0       0xd8 modules/hal_nxp/libmodules__hal_nxp.a(fsl_dspi.c.obj)
                0x000000000000a4d0                DSPI_MasterSetBaudRate
 .text.DSPI_MasterSetDelayTimes
                0x000000000000a5a8       0xbc modules/hal_nxp/libmodules__hal_nxp.a(fsl_dspi.c.obj)
                0x000000000000a5a8                DSPI_MasterSetDelayTimes
 .text.DSPI_MasterInit
                0x000000000000a664      0x110 modules/hal_nxp/libmodules__hal_nxp.a(fsl_dspi.c.obj)
                0x000000000000a664                DSPI_MasterInit
 .text.DSPI_MasterTransferCreateHandle
                0x000000000000a774       0x2c modules/hal_nxp/libmodules__hal_nxp.a(fsl_dspi.c.obj)
                0x000000000000a774                DSPI_MasterTransferCreateHandle
 .text.DSPI_MasterTransferNonBlocking
                0x000000000000a7a0      0x148 modules/hal_nxp/libmodules__hal_nxp.a(fsl_dspi.c.obj)
                0x000000000000a7a0                DSPI_MasterTransferNonBlocking
 .text.__NVIC_EnableIRQ
                0x000000000000a8e8       0x1c modules/hal_nxp/libmodules__hal_nxp.a(fsl_i2c.c.obj)
 .text.I2C_GetInstance
                0x000000000000a904       0x28 modules/hal_nxp/libmodules__hal_nxp.a(fsl_i2c.c.obj)
                0x000000000000a904                I2C_GetInstance
 .text.I2C_MasterGetDefaultConfig
                0x000000000000a92c       0x18 modules/hal_nxp/libmodules__hal_nxp.a(fsl_i2c.c.obj)
                0x000000000000a92c                I2C_MasterGetDefaultConfig
 .text.I2C_MasterSetBaudRate
                0x000000000000a944       0x60 modules/hal_nxp/libmodules__hal_nxp.a(fsl_i2c.c.obj)
                0x000000000000a944                I2C_MasterSetBaudRate
 .text.I2C_MasterInit
                0x000000000000a9a4       0x84 modules/hal_nxp/libmodules__hal_nxp.a(fsl_i2c.c.obj)
                0x000000000000a9a4                I2C_MasterInit
 .text.I2C_MasterTransferCreateHandle
                0x000000000000aa28       0x4c modules/hal_nxp/libmodules__hal_nxp.a(fsl_i2c.c.obj)
                0x000000000000aa28                I2C_MasterTransferCreateHandle
 .text.UART_GetInstance
                0x000000000000aa74       0x4c modules/hal_nxp/libmodules__hal_nxp.a(fsl_uart.c.obj)
                0x000000000000aa74                UART_GetInstance
 .text.UART_Init
                0x000000000000aac0      0x104 modules/hal_nxp/libmodules__hal_nxp.a(fsl_uart.c.obj)
                0x000000000000aac0                UART_Init
 .text.k_sys_fatal_error_handler
                0x000000000000abc4       0x20 zephyr/kernel/libkernel.a(fatal.c.obj)
                0x000000000000abc4                k_sys_fatal_error_handler
 .text.z_fatal_error
                0x000000000000abe4       0xe8 zephyr/kernel/libkernel.a(fatal.c.obj)
                0x000000000000abe4                z_fatal_error
 .text.z_sys_init_run_level
                0x000000000000accc       0x30 zephyr/kernel/libkernel.a(init.c.obj)
 .text.bg_thread_main
                0x000000000000acfc       0xc0 zephyr/kernel/libkernel.a(init.c.obj)
 .text.z_bss_zero
                0x000000000000adbc       0x18 zephyr/kernel/libkernel.a(init.c.obj)
                0x000000000000adbc                z_bss_zero
 .text.z_init_cpu
                0x000000000000add4       0x6c zephyr/kernel/libkernel.a(init.c.obj)
                0x000000000000add4                z_init_cpu
 .text.z_cstart
                0x000000000000ae40       0xd4 zephyr/kernel/libkernel.a(init.c.obj)
                0x000000000000ae40                z_cstart
 .text.z_impl_k_msgq_put
                0x000000000000af14       0xb0 zephyr/kernel/libkernel.a(msg_q.c.obj)
                0x000000000000af14                z_impl_k_msgq_put
 .text.z_impl_k_msgq_get
                0x000000000000afc4       0xc4 zephyr/kernel/libkernel.a(msg_q.c.obj)
                0x000000000000afc4                z_impl_k_msgq_get
 .text.z_impl_k_mutex_lock
                0x000000000000b088       0xf0 zephyr/kernel/libkernel.a(mutex.c.obj)
                0x000000000000b088                z_impl_k_mutex_lock
 .text.z_impl_k_mutex_unlock
                0x000000000000b178       0xa0 zephyr/kernel/libkernel.a(mutex.c.obj)
                0x000000000000b178                z_impl_k_mutex_unlock
 .text.z_impl_k_sem_give
                0x000000000000b218       0x68 zephyr/kernel/libkernel.a(sem.c.obj)
                0x000000000000b218                z_impl_k_sem_give
 .text.z_impl_k_sem_take
                0x000000000000b280       0x4c zephyr/kernel/libkernel.a(sem.c.obj)
                0x000000000000b280                z_impl_k_sem_take
 .text.z_setup_new_thread
                0x000000000000b2cc       0x7c zephyr/kernel/libkernel.a(thread.c.obj)
                0x000000000000b2cc                z_setup_new_thread
 .text.z_impl_k_thread_create
                0x000000000000b348       0x58 zephyr/kernel/libkernel.a(thread.c.obj)
                0x000000000000b348                z_impl_k_thread_create
 .text.z_dummy_thread_init
                0x000000000000b3a0       0x20 zephyr/kernel/libkernel.a(thread.c.obj)
                0x000000000000b3a0                z_dummy_thread_init
 .text.z_swap_irqlock
                0x000000000000b3c0       0x30 zephyr/kernel/libkernel.a(sched.c.obj)
 .text.ready_thread
                0x000000000000b3f0       0x84 zephyr/kernel/libkernel.a(sched.c.obj)
 .text.unready_thread
                0x000000000000b474       0x54 zephyr/kernel/libkernel.a(sched.c.obj)
 .text.add_thread_timeout
                0x000000000000b4c8       0x1c zephyr/kernel/libkernel.a(sched.c.obj)
 .text.move_thread_to_end_of_prio_q
                0x000000000000b4e4       0x90 zephyr/kernel/libkernel.a(sched.c.obj)
                0x000000000000b4e4                move_thread_to_end_of_prio_q
 .text.z_pend_curr
                0x000000000000b574       0x44 zephyr/kernel/libkernel.a(sched.c.obj)
                0x000000000000b574                z_pend_curr
 .text.z_thread_prio_set
                0x000000000000b5b8       0xe4 zephyr/kernel/libkernel.a(sched.c.obj)
                0x000000000000b5b8                z_thread_prio_set
 .text.z_reschedule
                0x000000000000b69c       0x24 zephyr/kernel/libkernel.a(sched.c.obj)
                0x000000000000b69c                z_reschedule
 .text.z_reschedule_irqlock
                0x000000000000b6c0       0x28 zephyr/kernel/libkernel.a(sched.c.obj)
                0x000000000000b6c0                z_reschedule_irqlock
 .text.k_sched_lock
                0x000000000000b6e8       0x28 zephyr/kernel/libkernel.a(sched.c.obj)
                0x000000000000b6e8                k_sched_lock
 .text.k_sched_unlock
                0x000000000000b710       0x68 zephyr/kernel/libkernel.a(sched.c.obj)
                0x000000000000b710                k_sched_unlock
 .text.z_sched_init
                0x000000000000b778       0x10 zephyr/kernel/libkernel.a(sched.c.obj)
                0x000000000000b778                z_sched_init
 .text.z_impl_k_yield
                0x000000000000b788       0x88 zephyr/kernel/libkernel.a(sched.c.obj)
                0x000000000000b788                z_impl_k_yield
 .text.z_tick_sleep
                0x000000000000b810       0x78 zephyr/kernel/libkernel.a(sched.c.obj)
 .text.z_impl_k_wakeup
                0x000000000000b888       0x48 zephyr/kernel/libkernel.a(sched.c.obj)
                0x000000000000b888                z_impl_k_wakeup
 .text.z_impl_k_sched_current_thread_query
                0x000000000000b8d0        0xc zephyr/kernel/libkernel.a(sched.c.obj)
                0x000000000000b8d0                z_impl_k_sched_current_thread_query
 .text.z_thread_abort
                0x000000000000b8dc      0x140 zephyr/kernel/libkernel.a(sched.c.obj)
                0x000000000000b8dc                z_thread_abort
 .text.slice_timeout
                0x000000000000ba1c       0x20 zephyr/kernel/libkernel.a(timeslicing.c.obj)
 .text.thread_is_sliceable
                0x000000000000ba3c       0x3c zephyr/kernel/libkernel.a(timeslicing.c.obj)
                0x000000000000ba3c                thread_is_sliceable
 .text.z_reset_time_slice
                0x000000000000ba78       0x50 zephyr/kernel/libkernel.a(timeslicing.c.obj)
                0x000000000000ba78                z_reset_time_slice
 .text.z_time_slice
                0x000000000000bac8       0x60 zephyr/kernel/libkernel.a(timeslicing.c.obj)
                0x000000000000bac8                z_time_slice
 .text.z_data_copy
                0x000000000000bb28       0x38 zephyr/kernel/libkernel.a(xip.c.obj)
                0x000000000000bb28                z_data_copy
 .text.first    0x000000000000bb60       0x10 zephyr/kernel/libkernel.a(timeout.c.obj)
 .text.elapsed  0x000000000000bb70       0x14 zephyr/kernel/libkernel.a(timeout.c.obj)
 .text.remove_timeout
                0x000000000000bb84       0x38 zephyr/kernel/libkernel.a(timeout.c.obj)
 .text.z_add_timeout
                0x000000000000bbbc      0x120 zephyr/kernel/libkernel.a(timeout.c.obj)
                0x000000000000bbbc                z_add_timeout
 .text.sys_clock_announce
                0x000000000000bcdc       0xb4 zephyr/kernel/libkernel.a(timeout.c.obj)
                0x000000000000bcdc                sys_clock_announce
 .text.sys_clock_tick_get
                0x000000000000bd90       0x30 zephyr/kernel/libkernel.a(timeout.c.obj)
                0x000000000000bd90                sys_clock_tick_get
 .text.z_timer_expiration_handler
                0x000000000000bdc0      0x110 zephyr/kernel/libkernel.a(timer.c.obj)
                0x000000000000bdc0                z_timer_expiration_handler
 .text.z_impl_k_timer_start
                0x000000000000bed0       0x70 zephyr/kernel/libkernel.a(timer.c.obj)
                0x000000000000bed0                z_impl_k_timer_start
 .text.k_thread_system_pool_assign
                0x000000000000bf40        0xc zephyr/kernel/libkernel.a(mempool.c.obj)
                0x000000000000bf40                k_thread_system_pool_assign
 .text.boot_banner
                0x000000000000bf4c        0xc zephyr/kernel/libkernel.a(banner.c.obj)
                0x000000000000bf4c                boot_banner
 .text.statics_init
                0x000000000000bf58       0x24 zephyr/kernel/libkernel.a(kheap.c.obj)
 .text.atof     0x000000000000bf7c        0x8 C:/Users/mauri/zephyr-sdk-0.17.4/arm-zephyr-eabi/arm-zephyr-eabi/lib/thumb/v7e-m+fp/hard\libc.a(lib_a-atof.o)
                0x000000000000bf7c                atof
 .text.malloc   0x000000000000bf84       0x10 C:/Users/mauri/zephyr-sdk-0.17.4/arm-zephyr-eabi/arm-zephyr-eabi/lib/thumb/v7e-m+fp/hard\libc.a(lib_a-malloc.o)
                0x000000000000bf84                malloc
 .text.free     0x000000000000bf94       0x10 C:/Users/mauri/zephyr-sdk-0.17.4/arm-zephyr-eabi/arm-zephyr-eabi/lib/thumb/v7e-m+fp/hard\libc.a(lib_a-malloc.o)
                0x000000000000bf94                free
 .text._malloc_r
                0x000000000000bfa4      0x578 C:/Users/mauri/zephyr-sdk-0.17.4/arm-zephyr-eabi/arm-zephyr-eabi/lib/thumb/v7e-m+fp/hard\libc.a(lib_a-mallocr.o)
                0x000000000000bfa4                _malloc_r
 .text.memset   0x000000000000c51c       0xa4 C:/Users/mauri/zephyr-sdk-0.17.4/arm-zephyr-eabi/arm-zephyr-eabi/lib/thumb/v7e-m+fp/hard\libc.a(lib_a-memset.o)
                0x000000000000c51c                memset
 .text.__malloc_lock
                0x000000000000c5c0        0xc C:/Users/mauri/zephyr-sdk-0.17.4/arm-zephyr-eabi/arm-zephyr-eabi/lib/thumb/v7e-m+fp/hard\libc.a(lib_a-mlock.o)
                0x000000000000c5c0                __malloc_lock
 .text.__malloc_unlock
                0x000000000000c5cc        0xc C:/Users/mauri/zephyr-sdk-0.17.4/arm-zephyr-eabi/arm-zephyr-eabi/lib/thumb/v7e-m+fp/hard\libc.a(lib_a-mlock.o)
                0x000000000000c5cc                __malloc_unlock
 .text._sbrk_r  0x000000000000c5d8       0x24 C:/Users/mauri/zephyr-sdk-0.17.4/arm-zephyr-eabi/arm-zephyr-eabi/lib/thumb/v7e-m+fp/hard\libc.a(lib_a-sbrkr.o)
                0x000000000000c5d8                _sbrk_r
 .text.snprintf
                0x000000000000c5fc       0x88 C:/Users/mauri/zephyr-sdk-0.17.4/arm-zephyr-eabi/arm-zephyr-eabi/lib/thumb/v7e-m+fp/hard\libc.a(lib_a-snprintf.o)
                0x000000000000c5fc                snprintf
 .text.strchr   0x000000000000c684       0xd0 C:/Users/mauri/zephyr-sdk-0.17.4/arm-zephyr-eabi/arm-zephyr-eabi/lib/thumb/v7e-m+fp/hard\libc.a(lib_a-strchr.o)
                0x000000000000c684                strchr
 .text.strcpy   0x000000000000c754       0xbc C:/Users/mauri/zephyr-sdk-0.17.4/arm-zephyr-eabi/arm-zephyr-eabi/lib/thumb/v7e-m+fp/hard\libc.a(lib_a-strcpy.o)
                0x000000000000c754                strcpy
 .text.strncpy  0x000000000000c810       0x68 C:/Users/mauri/zephyr-sdk-0.17.4/arm-zephyr-eabi/arm-zephyr-eabi/lib/thumb/v7e-m+fp/hard\libc.a(lib_a-strncpy.o)
                0x000000000000c810                strncpy
 .text.strnlen  0x000000000000c878       0x24 C:/Users/mauri/zephyr-sdk-0.17.4/arm-zephyr-eabi/arm-zephyr-eabi/lib/thumb/v7e-m+fp/hard\libc.a(lib_a-strnlen.o)
                0x000000000000c878                strnlen
 .text.strtod   0x000000000000c89c       0x20 C:/Users/mauri/zephyr-sdk-0.17.4/arm-zephyr-eabi/arm-zephyr-eabi/lib/thumb/v7e-m+fp/hard\libc.a(lib_a-strtod.o)
                0x000000000000c89c                strtod
 .text.strtok   0x000000000000c8bc       0x10 C:/Users/mauri/zephyr-sdk-0.17.4/arm-zephyr-eabi/arm-zephyr-eabi/lib/thumb/v7e-m+fp/hard\libc.a(lib_a-strtok.o)
                0x000000000000c8bc                strtok
 .text.__strtok_r
                0x000000000000c8cc       0x68 C:/Users/mauri/zephyr-sdk-0.17.4/arm-zephyr-eabi/arm-zephyr-eabi/lib/thumb/v7e-m+fp/hard\libc.a(lib_a-strtok_r.o)
                0x000000000000c8cc                __strtok_r
 .text.quorem   0x000000000000c934      0x12c C:/Users/mauri/zephyr-sdk-0.17.4/arm-zephyr-eabi/arm-zephyr-eabi/lib/thumb/v7e-m+fp/hard\libc.a(lib_a-dtoa.o)
 .text._malloc_trim_r
                0x000000000000ca60       0x9c C:/Users/mauri/zephyr-sdk-0.17.4/arm-zephyr-eabi/arm-zephyr-eabi/lib/thumb/v7e-m+fp/hard\libc.a(lib_a-freer.o)
                0x000000000000ca60                _malloc_trim_r
 .text._free_r  0x000000000000cafc      0x1fc C:/Users/mauri/zephyr-sdk-0.17.4/arm-zephyr-eabi/arm-zephyr-eabi/lib/thumb/v7e-m+fp/hard\libc.a(lib_a-freer.o)
                0x000000000000cafc                _free_r
 .text.rshift   0x000000000000ccf8       0xa4 C:/Users/mauri/zephyr-sdk-0.17.4/arm-zephyr-eabi/arm-zephyr-eabi/lib/thumb/v7e-m+fp/hard\libc.a(lib_a-gdtoa-gethex.o)
 .text.__gethex
                0x000000000000cd9c      0x5e0 C:/Users/mauri/zephyr-sdk-0.17.4/arm-zephyr-eabi/arm-zephyr-eabi/lib/thumb/v7e-m+fp/hard\libc.a(lib_a-gdtoa-gethex.o)
                0x000000000000cd9c                __gethex
 .text.__match  0x000000000000d37c       0x38 C:/Users/mauri/zephyr-sdk-0.17.4/arm-zephyr-eabi/arm-zephyr-eabi/lib/thumb/v7e-m+fp/hard\libc.a(lib_a-gdtoa-hexnan.o)
                0x000000000000d37c                __match
 .text.__hexnan
                0x000000000000d3b4      0x1cc C:/Users/mauri/zephyr-sdk-0.17.4/arm-zephyr-eabi/arm-zephyr-eabi/lib/thumb/v7e-m+fp/hard\libc.a(lib_a-gdtoa-hexnan.o)
                0x000000000000d3b4                __hexnan
 .text._localeconv_r
                0x000000000000d580        0x8 C:/Users/mauri/zephyr-sdk-0.17.4/arm-zephyr-eabi/arm-zephyr-eabi/lib/thumb/v7e-m+fp/hard\libc.a(lib_a-localeconv.o)
                0x000000000000d580                _localeconv_r
 .text.__ascii_mbtowc
                0x000000000000d588       0x2c C:/Users/mauri/zephyr-sdk-0.17.4/arm-zephyr-eabi/arm-zephyr-eabi/lib/thumb/v7e-m+fp/hard\libc.a(lib_a-mbtowc_r.o)
                0x000000000000d588                __ascii_mbtowc
 .text._Balloc  0x000000000000d5b4       0x4c C:/Users/mauri/zephyr-sdk-0.17.4/arm-zephyr-eabi/arm-zephyr-eabi/lib/thumb/v7e-m+fp/hard\libc.a(lib_a-mprec.o)
                0x000000000000d5b4                _Balloc
 .text._Bfree   0x000000000000d600       0x14 C:/Users/mauri/zephyr-sdk-0.17.4/arm-zephyr-eabi/arm-zephyr-eabi/lib/thumb/v7e-m+fp/hard\libc.a(lib_a-mprec.o)
                0x000000000000d600                _Bfree
 .text.__multadd
                0x000000000000d614       0xa0 C:/Users/mauri/zephyr-sdk-0.17.4/arm-zephyr-eabi/arm-zephyr-eabi/lib/thumb/v7e-m+fp/hard\libc.a(lib_a-mprec.o)
                0x000000000000d614                __multadd
 .text.__s2b    0x000000000000d6b4       0xb0 C:/Users/mauri/zephyr-sdk-0.17.4/arm-zephyr-eabi/arm-zephyr-eabi/lib/thumb/v7e-m+fp/hard\libc.a(lib_a-mprec.o)
                0x000000000000d6b4                __s2b
 .text.__hi0bits
                0x000000000000d764       0x44 C:/Users/mauri/zephyr-sdk-0.17.4/arm-zephyr-eabi/arm-zephyr-eabi/lib/thumb/v7e-m+fp/hard\libc.a(lib_a-mprec.o)
                0x000000000000d764                __hi0bits
 .text.__lo0bits
                0x000000000000d7a8       0x60 C:/Users/mauri/zephyr-sdk-0.17.4/arm-zephyr-eabi/arm-zephyr-eabi/lib/thumb/v7e-m+fp/hard\libc.a(lib_a-mprec.o)
                0x000000000000d7a8                __lo0bits
 .text.__i2b    0x000000000000d808       0x5c C:/Users/mauri/zephyr-sdk-0.17.4/arm-zephyr-eabi/arm-zephyr-eabi/lib/thumb/v7e-m+fp/hard\libc.a(lib_a-mprec.o)
                0x000000000000d808                __i2b
 .text.__multiply
                0x000000000000d864      0x16c C:/Users/mauri/zephyr-sdk-0.17.4/arm-zephyr-eabi/arm-zephyr-eabi/lib/thumb/v7e-m+fp/hard\libc.a(lib_a-mprec.o)
                0x000000000000d864                __multiply
 .text.__pow5mult
                0x000000000000d9d0       0xb4 C:/Users/mauri/zephyr-sdk-0.17.4/arm-zephyr-eabi/arm-zephyr-eabi/lib/thumb/v7e-m+fp/hard\libc.a(lib_a-mprec.o)
                0x000000000000d9d0                __pow5mult
 .text.__lshift
                0x000000000000da84       0xf0 C:/Users/mauri/zephyr-sdk-0.17.4/arm-zephyr-eabi/arm-zephyr-eabi/lib/thumb/v7e-m+fp/hard\libc.a(lib_a-mprec.o)
                0x000000000000da84                __lshift
 .text.__mcmp   0x000000000000db74       0x44 C:/Users/mauri/zephyr-sdk-0.17.4/arm-zephyr-eabi/arm-zephyr-eabi/lib/thumb/v7e-m+fp/hard\libc.a(lib_a-mprec.o)
                0x000000000000db74                __mcmp
 .text.__mdiff  0x000000000000dbb8      0x164 C:/Users/mauri/zephyr-sdk-0.17.4/arm-zephyr-eabi/arm-zephyr-eabi/lib/thumb/v7e-m+fp/hard\libc.a(lib_a-mprec.o)
                0x000000000000dbb8                __mdiff
 .text.__ulp    0x000000000000dd1c       0x64 C:/Users/mauri/zephyr-sdk-0.17.4/arm-zephyr-eabi/arm-zephyr-eabi/lib/thumb/v7e-m+fp/hard\libc.a(lib_a-mprec.o)
                0x000000000000dd1c                __ulp
 .text.__b2d    0x000000000000dd80       0xbc C:/Users/mauri/zephyr-sdk-0.17.4/arm-zephyr-eabi/arm-zephyr-eabi/lib/thumb/v7e-m+fp/hard\libc.a(lib_a-mprec.o)
                0x000000000000dd80                __b2d
 .text.__d2b    0x000000000000de3c       0xc0 C:/Users/mauri/zephyr-sdk-0.17.4/arm-zephyr-eabi/arm-zephyr-eabi/lib/thumb/v7e-m+fp/hard\libc.a(lib_a-mprec.o)
                0x000000000000de3c                __d2b
 .text.__ratio  0x000000000000defc       0x5c C:/Users/mauri/zephyr-sdk-0.17.4/arm-zephyr-eabi/arm-zephyr-eabi/lib/thumb/v7e-m+fp/hard\libc.a(lib_a-mprec.o)
                0x000000000000defc                __ratio
 .text.__copybits
                0x000000000000df58       0x5c C:/Users/mauri/zephyr-sdk-0.17.4/arm-zephyr-eabi/arm-zephyr-eabi/lib/thumb/v7e-m+fp/hard\libc.a(lib_a-mprec.o)
                0x000000000000df58                __copybits
 .text.__any_on
                0x000000000000dfb4       0x5c C:/Users/mauri/zephyr-sdk-0.17.4/arm-zephyr-eabi/arm-zephyr-eabi/lib/thumb/v7e-m+fp/hard\libc.a(lib_a-mprec.o)
                0x000000000000dfb4                __any_on
 .text.frexp    0x000000000000e010       0x68 C:/Users/mauri/zephyr-sdk-0.17.4/arm-zephyr-eabi/arm-zephyr-eabi/lib/thumb/v7e-m+fp/hard\libc.a(lib_a-s_frexp.o)
                0x000000000000e010                frexp
 .text.strncmp  0x000000000000e078       0x84 C:/Users/mauri/zephyr-sdk-0.17.4/arm-zephyr-eabi/arm-zephyr-eabi/lib/thumb/v7e-m+fp/hard\libc.a(lib_a-strncmp.o)
                0x000000000000e078                strncmp
 .text.__ssprint_r
                0x000000000000e0fc      0x108 C:/Users/mauri/zephyr-sdk-0.17.4/arm-zephyr-eabi/arm-zephyr-eabi/lib/thumb/v7e-m+fp/hard\libc.a(lib_a-svfiprintf.o)
                0x000000000000e0fc                __ssprint_r
 .text.__ascii_wctomb
                0x000000000000e204       0x1c C:/Users/mauri/zephyr-sdk-0.17.4/arm-zephyr-eabi/arm-zephyr-eabi/lib/thumb/v7e-m+fp/hard\libc.a(lib_a-wctomb_r.o)
                0x000000000000e204                __ascii_wctomb
 .text.__assert_func
                0x000000000000e220       0x40 C:/Users/mauri/zephyr-sdk-0.17.4/arm-zephyr-eabi/arm-zephyr-eabi/lib/thumb/v7e-m+fp/hard\libc.a(lib_a-assert.o)
                0x000000000000e220                __assert_func
 .text._calloc_r
                0x000000000000e260       0x60 C:/Users/mauri/zephyr-sdk-0.17.4/arm-zephyr-eabi/arm-zephyr-eabi/lib/thumb/v7e-m+fp/hard\libc.a(lib_a-callocr.o)
                0x000000000000e260                _calloc_r
 .text.fiprintf
                0x000000000000e2c0       0x28 C:/Users/mauri/zephyr-sdk-0.17.4/arm-zephyr-eabi/arm-zephyr-eabi/lib/thumb/v7e-m+fp/hard\libc.a(lib_a-fiprintf.o)
                0x000000000000e2c0                fiprintf
 .text.memmove  0x000000000000e2e8      0x100 C:/Users/mauri/zephyr-sdk-0.17.4/arm-zephyr-eabi/arm-zephyr-eabi/lib/thumb/v7e-m+fp/hard\libc.a(lib_a-memmove.o)
                0x000000000000e2e8                memmove
 .text._realloc_r
                0x000000000000e3e8      0x344 C:/Users/mauri/zephyr-sdk-0.17.4/arm-zephyr-eabi/arm-zephyr-eabi/lib/thumb/v7e-m+fp/hard\libc.a(lib_a-reallocr.o)
                0x000000000000e3e8                _realloc_r
 .text._vfiprintf_r
                0x000000000000e72c      0xd94 C:/Users/mauri/zephyr-sdk-0.17.4/arm-zephyr-eabi/arm-zephyr-eabi/lib/thumb/v7e-m+fp/hard\libc.a(lib_a-vfiprintf.o)
                0x000000000000e72c                _vfiprintf_r
 .text.__sbprintf
                0x000000000000f4c0       0x80 C:/Users/mauri/zephyr-sdk-0.17.4/arm-zephyr-eabi/arm-zephyr-eabi/lib/thumb/v7e-m+fp/hard\libc.a(lib_a-vfiprintf.o)
 .text.__swsetup_r
                0x000000000000f540       0xc4 C:/Users/mauri/zephyr-sdk-0.17.4/arm-zephyr-eabi/arm-zephyr-eabi/lib/thumb/v7e-m+fp/hard\libc.a(lib_a-wsetup.o)
                0x000000000000f540                __swsetup_r
 .text.__sflush_r
                0x000000000000f604      0x120 C:/Users/mauri/zephyr-sdk-0.17.4/arm-zephyr-eabi/arm-zephyr-eabi/lib/thumb/v7e-m+fp/hard\libc.a(lib_a-fflush.o)
                0x000000000000f604                __sflush_r
 .text._fflush_r
                0x000000000000f724       0x5c C:/Users/mauri/zephyr-sdk-0.17.4/arm-zephyr-eabi/arm-zephyr-eabi/lib/thumb/v7e-m+fp/hard\libc.a(lib_a-fflush.o)
                0x000000000000f724                _fflush_r
 .text._cleanup_r
                0x000000000000f780        0xc C:/Users/mauri/zephyr-sdk-0.17.4/arm-zephyr-eabi/arm-zephyr-eabi/lib/thumb/v7e-m+fp/hard\libc.a(lib_a-findfp.o)
                0x000000000000f780                _cleanup_r
 .text.__sinit  0x000000000000f78c      0x10c C:/Users/mauri/zephyr-sdk-0.17.4/arm-zephyr-eabi/arm-zephyr-eabi/lib/thumb/v7e-m+fp/hard\libc.a(lib_a-findfp.o)
                0x000000000000f78c                __sinit
 .text.__sfvwrite_r
                0x000000000000f898      0x300 C:/Users/mauri/zephyr-sdk-0.17.4/arm-zephyr-eabi/arm-zephyr-eabi/lib/thumb/v7e-m+fp/hard\libc.a(lib_a-fvwrite.o)
                0x000000000000f898                __sfvwrite_r
 .text._fwalk_reent
                0x000000000000fb98       0x48 C:/Users/mauri/zephyr-sdk-0.17.4/arm-zephyr-eabi/arm-zephyr-eabi/lib/thumb/v7e-m+fp/hard\libc.a(lib_a-fwalk.o)
                0x000000000000fb98                _fwalk_reent
 .text.__smakebuf_r
                0x000000000000fbe0       0xc4 C:/Users/mauri/zephyr-sdk-0.17.4/arm-zephyr-eabi/arm-zephyr-eabi/lib/thumb/v7e-m+fp/hard\libc.a(lib_a-makebuf.o)
                0x000000000000fbe0                __smakebuf_r
 .text.__sread  0x000000000000fca4       0x24 C:/Users/mauri/zephyr-sdk-0.17.4/arm-zephyr-eabi/arm-zephyr-eabi/lib/thumb/v7e-m+fp/hard\libc.a(lib_a-stdio.o)
                0x000000000000fca4                __sread
 .text.__swrite
                0x000000000000fcc8       0x40 C:/Users/mauri/zephyr-sdk-0.17.4/arm-zephyr-eabi/arm-zephyr-eabi/lib/thumb/v7e-m+fp/hard\libc.a(lib_a-stdio.o)
                0x000000000000fcc8                __swrite
 .text.__sseek  0x000000000000fd08       0x24 C:/Users/mauri/zephyr-sdk-0.17.4/arm-zephyr-eabi/arm-zephyr-eabi/lib/thumb/v7e-m+fp/hard\libc.a(lib_a-stdio.o)
                0x000000000000fd08                __sseek
 .text.__sclose
                0x000000000000fd2c        0x8 C:/Users/mauri/zephyr-sdk-0.17.4/arm-zephyr-eabi/arm-zephyr-eabi/lib/thumb/v7e-m+fp/hard\libc.a(lib_a-stdio.o)
                0x000000000000fd2c                __sclose
 .text._write_r
                0x000000000000fd34       0x2c C:/Users/mauri/zephyr-sdk-0.17.4/arm-zephyr-eabi/arm-zephyr-eabi/lib/thumb/v7e-m+fp/hard\libc.a(lib_a-writer.o)
                0x000000000000fd34                _write_r
 .text._close_r
                0x000000000000fd60       0x24 C:/Users/mauri/zephyr-sdk-0.17.4/arm-zephyr-eabi/arm-zephyr-eabi/lib/thumb/v7e-m+fp/hard\libc.a(lib_a-closer.o)
                0x000000000000fd60                _close_r
 .text._fstat_r
                0x000000000000fd84       0x2c C:/Users/mauri/zephyr-sdk-0.17.4/arm-zephyr-eabi/arm-zephyr-eabi/lib/thumb/v7e-m+fp/hard\libc.a(lib_a-fstatr.o)
                0x000000000000fd84                _fstat_r
 .text._isatty_r
                0x000000000000fdb0       0x24 C:/Users/mauri/zephyr-sdk-0.17.4/arm-zephyr-eabi/arm-zephyr-eabi/lib/thumb/v7e-m+fp/hard\libc.a(lib_a-isattyr.o)
                0x000000000000fdb0                _isatty_r
 .text._lseek_r
                0x000000000000fdd4       0x2c C:/Users/mauri/zephyr-sdk-0.17.4/arm-zephyr-eabi/arm-zephyr-eabi/lib/thumb/v7e-m+fp/hard\libc.a(lib_a-lseekr.o)
                0x000000000000fdd4                _lseek_r
 .text._read_r  0x000000000000fe00       0x2c C:/Users/mauri/zephyr-sdk-0.17.4/arm-zephyr-eabi/arm-zephyr-eabi/lib/thumb/v7e-m+fp/hard\libc.a(lib_a-readr.o)
                0x000000000000fe00                _read_r
 .text._OffsetAbsSyms
                0x000000000000fe2c        0x2 zephyr/CMakeFiles/offsets.dir/./arch/arm/core/offsets/offsets.c.obj
                0x000000000000fe2c                _OffsetAbsSyms
 .text.gpio_pin_set_dt.isra.0
                0x000000000000fe2e       0x28 app/libapp.a(spi_lcd_nokia.c.obj)
 .text.gpio_pin_configure_dt.constprop.0.isra.0
                0x000000000000fe56       0x2e app/libapp.a(spi_lcd_nokia.c.obj)
 .text.LCD_nokia_bitmap
                0x000000000000fe84       0x18 app/libapp.a(spi_lcd_nokia.c.obj)
                0x000000000000fe84                LCD_nokia_bitmap
 .text.LCD_nokia_goto_xy
                0x000000000000fe9c       0x1c app/libapp.a(spi_lcd_nokia.c.obj)
                0x000000000000fe9c                LCD_nokia_goto_xy
 .text.LCD_nokia_clear
                0x000000000000feb8       0x22 app/libapp.a(spi_lcd_nokia.c.obj)
                0x000000000000feb8                LCD_nokia_clear
 .text.sensor_channel_get
                0x000000000000feda        0x6 app/libapp.a(sensor_manager.c.obj)
 .text.gpio_pin_configure_dt.isra.0
                0x000000000000fee0       0x3e app/libapp.a(mode_controller.c.obj)
 .text.gpio_pin_set_dt.isra.0
                0x000000000000ff1e       0x28 app/libapp.a(adjust_manager.c.obj)
 .text.gpio_pin_configure_dt.constprop.0.isra.0
                0x000000000000ff46       0x34 app/libapp.a(adjust_manager.c.obj)
 .text.chunk_size
                0x000000000000ff7a        0xa zephyr/libzephyr.a(heap.c.obj)
 .text.free_list_add
                0x000000000000ff84       0x4e zephyr/libzephyr.a(heap.c.obj)
 .text.sys_heap_init
                0x000000000000ffd2       0x7a zephyr/libzephyr.a(heap.c.obj)
                0x000000000000ffd2                sys_heap_init
 .text.cbpprintf_external
                0x000000000001004c       0x62 zephyr/libzephyr.a(cbprintf_packaged.c.obj)
                0x000000000001004c                cbpprintf_external
 .text.is_ptr   0x00000000000100ae       0x4a zephyr/libzephyr.a(cbprintf_packaged.c.obj)
                0x00000000000100ae                is_ptr
 .text.arch_printk_char_out
                0x00000000000100f8        0x4 zephyr/libzephyr.a(printk.c.obj)
                0x00000000000100f8                arch_printk_char_out
 .text.str_out  0x00000000000100fc       0x24 zephyr/libzephyr.a(printk.c.obj)
 .text.printk   0x0000000000010120       0x1a zephyr/libzephyr.a(printk.c.obj)
                0x0000000000010120                printk
 .text.snprintk
                0x000000000001013a       0x1a zephyr/libzephyr.a(printk.c.obj)
                0x000000000001013a                snprintk
 .text.z_thread_entry
                0x0000000000010154       0x14 zephyr/libzephyr.a(thread_entry.c.obj)
                0x0000000000010154                z_thread_entry
 .text._ldiv5   0x0000000000010168       0x30 zephyr/libzephyr.a(cbprintf_complete.c.obj)
 .text._get_digit
                0x0000000000010198       0x2e zephyr/libzephyr.a(cbprintf_complete.c.obj)
 .text.outs     0x00000000000101c6       0x2e zephyr/libzephyr.a(cbprintf_complete.c.obj)
 .text.free_space
                0x00000000000101f4       0x26 zephyr/libzephyr.a(mpsc_pbuf.c.obj)
 .text.get_usage
                0x000000000001021a       0x22 zephyr/libzephyr.a(mpsc_pbuf.c.obj)
 .text.idx_inc  0x000000000001023c       0x1c zephyr/libzephyr.a(mpsc_pbuf.c.obj)
 .text.rd_idx_inc
                0x0000000000010258       0x18 zephyr/libzephyr.a(mpsc_pbuf.c.obj)
 .text.add_skip_item
                0x0000000000010270       0x3a zephyr/libzephyr.a(mpsc_pbuf.c.obj)
 .text.drop_item_locked
                0x00000000000102aa       0xfe zephyr/libzephyr.a(mpsc_pbuf.c.obj)
 .text.post_drop_action
                0x00000000000103a8       0x36 zephyr/libzephyr.a(mpsc_pbuf.c.obj)
 .text.max_utilization_update
                0x00000000000103de       0x1a zephyr/libzephyr.a(mpsc_pbuf.c.obj)
 .text.mpsc_pbuf_init
                0x00000000000103f8       0x42 zephyr/libzephyr.a(mpsc_pbuf.c.obj)
                0x00000000000103f8                mpsc_pbuf_init
 .text.mpsc_pbuf_alloc
                0x000000000001043a       0xfe zephyr/libzephyr.a(mpsc_pbuf.c.obj)
                0x000000000001043a                mpsc_pbuf_alloc
 .text.mpsc_pbuf_commit
                0x0000000000010538       0x3e zephyr/libzephyr.a(mpsc_pbuf.c.obj)
                0x0000000000010538                mpsc_pbuf_commit
 .text.mpsc_pbuf_claim
                0x0000000000010576       0xa8 zephyr/libzephyr.a(mpsc_pbuf.c.obj)
                0x0000000000010576                mpsc_pbuf_claim
 .text.mpsc_pbuf_free
                0x000000000001061e       0x76 zephyr/libzephyr.a(mpsc_pbuf.c.obj)
                0x000000000001061e                mpsc_pbuf_free
 .text.mpsc_pbuf_is_pending
                0x0000000000010694       0x32 zephyr/libzephyr.a(mpsc_pbuf.c.obj)
                0x0000000000010694                mpsc_pbuf_is_pending
 .text._ConfigAbsSyms
                0x00000000000106c6        0x2 zephyr/libzephyr.a(configs.c.obj)
                0x00000000000106c6                _ConfigAbsSyms
 .text.soc_reset_hook
                0x00000000000106c8        0x4 zephyr/libzephyr.a(soc.c.obj)
                0x00000000000106c8                soc_reset_hook
 .text.log_msg_generic_get_wlen
                0x00000000000106cc       0x20 zephyr/libzephyr.a(log_core.c.obj)
 .text.dummy_timestamp
                0x00000000000106ec        0x4 zephyr/libzephyr.a(log_core.c.obj)
 .text.atomic_inc
                0x00000000000106f0       0x1a zephyr/libzephyr.a(log_core.c.obj)
 .text.default_lf_get_timestamp
                0x000000000001070a       0x10 zephyr/libzephyr.a(log_core.c.obj)
 .text.z_log_vprintk
                0x000000000001071a       0x1c zephyr/libzephyr.a(log_core.c.obj)
                0x000000000001071a                z_log_vprintk
 .text.z_log_notify_drop
                0x0000000000010736        0x6 zephyr/libzephyr.a(log_core.c.obj)
 .text.z_log_get_tag
                0x000000000001073c        0x4 zephyr/libzephyr.a(log_core.c.obj)
                0x000000000001073c                z_log_get_tag
 .text.log_backend_enable
                0x0000000000010740       0x12 zephyr/libzephyr.a(log_mgmt.c.obj)
                0x0000000000010740                log_backend_enable
 .text.z_cbprintf_cpy
                0x0000000000010752       0x2e zephyr/libzephyr.a(log_msg.c.obj)
 .text.z_log_msg_finalize
                0x0000000000010780       0x32 zephyr/libzephyr.a(log_msg.c.obj)
                0x0000000000010780                z_log_msg_finalize
 .text.z_log_msg_simple_create
                0x00000000000107b2       0x6e zephyr/libzephyr.a(log_msg.c.obj)
 .text.z_impl_z_log_msg_simple_create_0
                0x0000000000010820       0x12 zephyr/libzephyr.a(log_msg.c.obj)
                0x0000000000010820                z_impl_z_log_msg_simple_create_0
 .text.z_impl_z_log_msg_simple_create_1
                0x0000000000010832       0x14 zephyr/libzephyr.a(log_msg.c.obj)
                0x0000000000010832                z_impl_z_log_msg_simple_create_1
 .text.z_impl_z_log_msg_simple_create_2
                0x0000000000010846       0x18 zephyr/libzephyr.a(log_msg.c.obj)
                0x0000000000010846                z_impl_z_log_msg_simple_create_2
 .text.log_output_write
                0x000000000001085e       0x1c zephyr/libzephyr.a(log_output.c.obj)
 .text.log_output_flush
                0x000000000001087a       0x1a zephyr/libzephyr.a(log_output.c.obj)
 .text.cbvprintf
                0x0000000000010894        0xe zephyr/libzephyr.a(log_output.c.obj)
 .text.out_func
                0x00000000000108a2       0x36 zephyr/libzephyr.a(log_output.c.obj)
 .text.cr_out_func
                0x00000000000108d8       0x1c zephyr/libzephyr.a(log_output.c.obj)
 .text.log_output_msg_process
                0x00000000000108f4       0x6a zephyr/libzephyr.a(log_output.c.obj)
                0x00000000000108f4                log_output_msg_process
 .text.format_set
                0x000000000001095e        0xc zephyr/libzephyr.a(log_backend_uart.c.obj)
 .text.log_backend_uart_init
                0x000000000001096a        0xc zephyr/libzephyr.a(log_backend_uart.c.obj)
 .text.panic    0x0000000000010976       0x32 zephyr/libzephyr.a(log_backend_uart.c.obj)
 .text.dropped  0x00000000000109a8        0xa zephyr/libzephyr.a(log_backend_uart.c.obj)
 .text.process  0x00000000000109b2       0x1e zephyr/libzephyr.a(log_backend_uart.c.obj)
 .text.z_do_kernel_oops
                0x00000000000109d0        0x8 zephyr/arch/arch/arm/core/libarch__arm__core.a(fatal.c.obj)
                0x00000000000109d0                z_do_kernel_oops
 .text.z_arm_nmi
                0x00000000000109d8        0xe zephyr/arch/arch/arm/core/libarch__arm__core.a(nmi.c.obj)
                0x00000000000109d8                z_arm_nmi
 .text.z_log_msg_simple_create_0.constprop.0
                0x00000000000109e6        0x8 zephyr/arch/arch/arm/core/cortex_m/libarch__arm__core__cortex_m.a(fault.c.obj)
 .text.z_irq_spurious
                0x00000000000109ee        0x8 zephyr/arch/arch/arm/core/cortex_m/libarch__arm__core__cortex_m.a(irq_manage.c.obj)
                0x00000000000109ee                z_irq_spurious
 .text.arch_irq_unlock_outlined
                0x00000000000109f6        0xe zephyr/arch/arch/arm/core/cortex_m/libarch__arm__core__cortex_m.a(thread.c.obj)
                0x00000000000109f6                arch_irq_unlock_outlined
 .text.arch_cpu_idle
                0x0000000000010a04       0x1a zephyr/arch/arch/arm/core/cortex_m/libarch__arm__core__cortex_m.a(cpu_idle.c.obj)
                0x0000000000010a04                arch_cpu_idle
 .text.region_allocate_and_init
                0x0000000000010a1e       0x18 zephyr/arch/arch/arm/core/mpu/libarch__arm__core__mpu.a(nxp_mpu.c.obj)
 .text._stdin_hook_default
                0x0000000000010a36        0x4 zephyr/lib/libc/newlib/liblib__libc__newlib.a(libc-hooks.c.obj)
 .text._stdout_hook_default
                0x0000000000010a3a        0x6 zephyr/lib/libc/newlib/liblib__libc__newlib.a(libc-hooks.c.obj)
 .text.malloc_prepare
                0x0000000000010a40        0x4 zephyr/lib/libc/newlib/liblib__libc__newlib.a(libc-hooks.c.obj)
 .text._read    0x0000000000010a44        0x8 zephyr/lib/libc/newlib/liblib__libc__newlib.a(libc-hooks.c.obj)
                0x0000000000010a44                _read
                0x0000000000010a44                read
 .text._write   0x0000000000010a4c        0x8 zephyr/lib/libc/newlib/liblib__libc__newlib.a(libc-hooks.c.obj)
                0x0000000000010a4c                _write
                0x0000000000010a4c                write
 .text._close   0x0000000000010a54        0x6 zephyr/lib/libc/newlib/liblib__libc__newlib.a(libc-hooks.c.obj)
                0x0000000000010a54                _close
                0x0000000000010a54                close
 .text._lseek   0x0000000000010a5a        0x4 zephyr/lib/libc/newlib/liblib__libc__newlib.a(libc-hooks.c.obj)
                0x0000000000010a5a                _lseek
                0x0000000000010a5a                lseek
 .text._isatty  0x0000000000010a5e        0xa zephyr/lib/libc/newlib/liblib__libc__newlib.a(libc-hooks.c.obj)
                0x0000000000010a5e                _isatty
                0x0000000000010a5e                isatty
 .text._fstat   0x0000000000010a68        0xa zephyr/lib/libc/newlib/liblib__libc__newlib.a(libc-hooks.c.obj)
                0x0000000000010a68                fstat
                0x0000000000010a68                _fstat
 .text.__retarget_lock_init_recursive
                0x0000000000010a72       0x14 zephyr/lib/libc/newlib/liblib__libc__newlib.a(libc-hooks.c.obj)
                0x0000000000010a72                __retarget_lock_init_recursive
 .text.__retarget_lock_close_recursive
                0x0000000000010a86        0x4 zephyr/lib/libc/newlib/liblib__libc__newlib.a(libc-hooks.c.obj)
                0x0000000000010a86                __retarget_lock_close_recursive
 .text.__retarget_lock_acquire_recursive
                0x0000000000010a8a        0xc zephyr/lib/libc/newlib/liblib__libc__newlib.a(libc-hooks.c.obj)
                0x0000000000010a8a                __retarget_lock_acquire_recursive
 .text.__retarget_lock_release_recursive
                0x0000000000010a96        0x4 zephyr/lib/libc/newlib/liblib__libc__newlib.a(libc-hooks.c.obj)
                0x0000000000010a96                __retarget_lock_release_recursive
 .text.mcux_adc16_start_channel
                0x0000000000010a9a       0x32 zephyr/drivers/adc/libdrivers__adc.a(adc_mcux_adc16.c.obj)
 .text.adc_context_start_sampling
                0x0000000000010acc       0x16 zephyr/drivers/adc/libdrivers__adc.a(adc_mcux_adc16.c.obj)
 .text.mcux_adc16_config_func_0
                0x0000000000010ae2       0x16 zephyr/drivers/adc/libdrivers__adc.a(adc_mcux_adc16.c.obj)
 .text.mcux_adc16_config_func_1
                0x0000000000010af8       0x16 zephyr/drivers/adc/libdrivers__adc.a(adc_mcux_adc16.c.obj)
 .text.adc_context_on_timer_expired
                0x0000000000010b0e       0x32 zephyr/drivers/adc/libdrivers__adc.a(adc_mcux_adc16.c.obj)
 .text.mcux_adc16_isr
                0x0000000000010b40       0xb4 zephyr/drivers/adc/libdrivers__adc.a(adc_mcux_adc16.c.obj)
 .text.mcux_adc16_init
                0x0000000000010bf4       0x80 zephyr/drivers/adc/libdrivers__adc.a(adc_mcux_adc16.c.obj)
 .text.mcux_mcg_on
                0x0000000000010c74        0x4 zephyr/drivers/clock_control/libdrivers__clock_control.a(clock_control_mcux_mcg.c.obj)
 .text.mcux_mcg_get_rate
                0x0000000000010c78       0x24 zephyr/drivers/clock_control/libdrivers__clock_control.a(clock_control_mcux_mcg.c.obj)
 .text.mcux_mcg_off
                0x0000000000010c9c        0x4 zephyr/drivers/clock_control/libdrivers__clock_control.a(clock_control_mcux_mcg.c.obj)
 .text.mcux_sim_on
                0x0000000000010ca0       0x1a zephyr/drivers/clock_control/libdrivers__clock_control.a(clock_control_mcux_sim.c.obj)
 .text.mcux_sim_off
                0x0000000000010cba       0x1e zephyr/drivers/clock_control/libdrivers__clock_control.a(clock_control_mcux_sim.c.obj)
 .text.mcux_sim_init
                0x0000000000010cd8        0x4 zephyr/drivers/clock_control/libdrivers__clock_control.a(clock_control_mcux_sim.c.obj)
 .text.mcux_sim_get_subsys_rate
                0x0000000000010cdc       0x30 zephyr/drivers/clock_control/libdrivers__clock_control.a(clock_control_mcux_sim.c.obj)
 .text.gpio_mcux_port_configure
                0x0000000000010d0c       0x9c zephyr/drivers/gpio/libdrivers__gpio.a(gpio_mcux.c.obj)
 .text.gpio_mcux_port_get_raw
                0x0000000000010da8        0xc zephyr/drivers/gpio/libdrivers__gpio.a(gpio_mcux.c.obj)
 .text.gpio_mcux_port_set_masked_raw
                0x0000000000010db4       0x12 zephyr/drivers/gpio/libdrivers__gpio.a(gpio_mcux.c.obj)
 .text.gpio_mcux_port_set_bits_raw
                0x0000000000010dc6        0xa zephyr/drivers/gpio/libdrivers__gpio.a(gpio_mcux.c.obj)
 .text.gpio_mcux_port_clear_bits_raw
                0x0000000000010dd0        0xa zephyr/drivers/gpio/libdrivers__gpio.a(gpio_mcux.c.obj)
 .text.gpio_mcux_port_toggle_bits
                0x0000000000010dda        0xa zephyr/drivers/gpio/libdrivers__gpio.a(gpio_mcux.c.obj)
 .text.gpio_mcux_manage_callback
                0x0000000000010de4       0x52 zephyr/drivers/gpio/libdrivers__gpio.a(gpio_mcux.c.obj)
 .text.gpio_mcux_port0_init
                0x0000000000010e36       0x16 zephyr/drivers/gpio/libdrivers__gpio.a(gpio_mcux.c.obj)
 .text.gpio_mcux_port1_init
                0x0000000000010e4c       0x16 zephyr/drivers/gpio/libdrivers__gpio.a(gpio_mcux.c.obj)
 .text.gpio_mcux_port2_init
                0x0000000000010e62       0x16 zephyr/drivers/gpio/libdrivers__gpio.a(gpio_mcux.c.obj)
 .text.gpio_mcux_port3_init
                0x0000000000010e78       0x16 zephyr/drivers/gpio/libdrivers__gpio.a(gpio_mcux.c.obj)
 .text.gpio_mcux_port4_init
                0x0000000000010e8e       0x16 zephyr/drivers/gpio/libdrivers__gpio.a(gpio_mcux.c.obj)
 .text.gpio_mcux_pin_interrupt_configure
                0x0000000000010ea4       0x78 zephyr/drivers/gpio/libdrivers__gpio.a(gpio_mcux.c.obj)
 .text.gpio_mcux_port_isr
                0x0000000000010f1c       0x36 zephyr/drivers/gpio/libdrivers__gpio.a(gpio_mcux.c.obj)
 .text.i2c_mcux_config_func_0
                0x0000000000010f52       0x16 zephyr/drivers/i2c/libdrivers__i2c.a(i2c_mcux.c.obj)
 .text.i2c_mcux_isr
                0x0000000000010f68        0xa zephyr/drivers/i2c/libdrivers__i2c.a(i2c_mcux.c.obj)
 .text.i2c_mcux_transfer
                0x0000000000010f72       0xc8 zephyr/drivers/i2c/libdrivers__i2c.a(i2c_mcux.c.obj)
 .text.i2c_mcux_master_transfer_callback
                0x000000000001103a        0xa zephyr/drivers/i2c/libdrivers__i2c.a(i2c_mcux.c.obj)
 .text.pinctrl_lookup_state
                0x0000000000011044       0x26 zephyr/drivers/pinctrl/libdrivers__pinctrl.a(common.c.obj)
                0x0000000000011044                pinctrl_lookup_state
 .text.gpio_pin_configure_dt
                0x000000000001106a       0x3e zephyr/drivers/sensor/aosong/dht/libdrivers__sensor__aosong__dht.a(dht.c.obj)
 .text.gpio_pin_set_dt.isra.0
                0x00000000000110a8       0x28 zephyr/drivers/sensor/aosong/dht/libdrivers__sensor__aosong__dht.a(dht.c.obj)
 .text.dht_init
                0x00000000000110d0       0x22 zephyr/drivers/sensor/aosong/dht/libdrivers__sensor__aosong__dht.a(dht.c.obj)
 .text.z_log_msg_simple_create_0.constprop.0
                0x00000000000110f2        0x8 zephyr/drivers/sensor/nxp/fxos8700/libdrivers__sensor__nxp__fxos8700.a(fxos8700.c.obj)
 .text.gpio_pin_set_dt.isra.0
                0x00000000000110fa       0x28 zephyr/drivers/sensor/nxp/fxos8700/libdrivers__sensor__nxp__fxos8700.a(fxos8700.c.obj)
 .text.i2c_write_read.constprop.0
                0x0000000000011122       0x38 zephyr/drivers/sensor/nxp/fxos8700/libdrivers__sensor__nxp__fxos8700.a(fxos8700.c.obj)
 .text.fxos8700_reg_field_update_i2c
                0x000000000001115a       0x74 zephyr/drivers/sensor/nxp/fxos8700/libdrivers__sensor__nxp__fxos8700.a(fxos8700.c.obj)
                0x000000000001115a                fxos8700_reg_field_update_i2c
 .text.fxos8700_read_i2c
                0x00000000000111ce       0x20 zephyr/drivers/sensor/nxp/fxos8700/libdrivers__sensor__nxp__fxos8700.a(fxos8700.c.obj)
                0x00000000000111ce                fxos8700_read_i2c
 .text.fxos8700_byte_read_i2c
                0x00000000000111ee       0x22 zephyr/drivers/sensor/nxp/fxos8700/libdrivers__sensor__nxp__fxos8700.a(fxos8700.c.obj)
                0x00000000000111ee                fxos8700_byte_read_i2c
 .text.fxos8700_byte_write_i2c
                0x0000000000011210       0x36 zephyr/drivers/sensor/nxp/fxos8700/libdrivers__sensor__nxp__fxos8700.a(fxos8700.c.obj)
                0x0000000000011210                fxos8700_byte_write_i2c
 .text.fxos8700_get_power
                0x0000000000011246       0x28 zephyr/drivers/sensor/nxp/fxos8700/libdrivers__sensor__nxp__fxos8700.a(fxos8700.c.obj)
                0x0000000000011246                fxos8700_get_power
 .text.fxos8700_set_power
                0x000000000001126e       0x16 zephyr/drivers/sensor/nxp/fxos8700/libdrivers__sensor__nxp__fxos8700.a(fxos8700.c.obj)
                0x000000000001126e                fxos8700_set_power
 .text.fxos8700_attr_set
                0x0000000000011284       0x12 zephyr/drivers/sensor/nxp/fxos8700/libdrivers__sensor__nxp__fxos8700.a(fxos8700.c.obj)
 .text.temp_kinetis_channel_get
                0x0000000000011296       0x8c zephyr/drivers/sensor/nxp/nxp_kinetis_temp/libdrivers__sensor__nxp__nxp_kinetis_temp.a(temp_kinetis.c.obj)
 .text.bh1750_channel_get
                0x0000000000011322       0x4e zephyr/drivers/sensor/rohm/bh1750/libdrivers__sensor__rohm__bh1750.a(bh1750.c.obj)
 .text.bh1750_opcode_write.isra.0
                0x0000000000011370       0x36 zephyr/drivers/sensor/rohm/bh1750/libdrivers__sensor__rohm__bh1750.a(bh1750.c.obj)
 .text.lm35_sample_fetch
                0x00000000000113a6       0x1a zephyr/drivers/sensor/lm35/libdrivers__sensor__lm35.a(lm35.c.obj)
 .text.lm35_init
                0x00000000000113c0       0x24 zephyr/drivers/sensor/lm35/libdrivers__sensor__lm35.a(lm35.c.obj)
 .text.uart_mcux_config_get
                0x00000000000113e4       0x10 zephyr/drivers/serial/libdrivers__serial.a(uart_mcux.c.obj)
 .text.uart_mcux_irq_update
                0x00000000000113f4        0x4 zephyr/drivers/serial/libdrivers__serial.a(uart_mcux.c.obj)
 .text.uart_mcux_irq_callback_set
                0x00000000000113f8        0x8 zephyr/drivers/serial/libdrivers__serial.a(uart_mcux.c.obj)
 .text.uart_mcux_isr
                0x0000000000011400        0xc zephyr/drivers/serial/libdrivers__serial.a(uart_mcux.c.obj)
 .text.uart_mcux_irq_err_disable
                0x000000000001140c        0xc zephyr/drivers/serial/libdrivers__serial.a(uart_mcux.c.obj)
 .text.uart_mcux_irq_rx_disable
                0x0000000000011418        0xc zephyr/drivers/serial/libdrivers__serial.a(uart_mcux.c.obj)
 .text.uart_mcux_irq_tx_disable
                0x0000000000011424        0xc zephyr/drivers/serial/libdrivers__serial.a(uart_mcux.c.obj)
 .text.uart_mcux_irq_err_enable
                0x0000000000011430        0xc zephyr/drivers/serial/libdrivers__serial.a(uart_mcux.c.obj)
 .text.uart_mcux_irq_rx_enable
                0x000000000001143c        0xc zephyr/drivers/serial/libdrivers__serial.a(uart_mcux.c.obj)
 .text.uart_mcux_irq_tx_enable
                0x0000000000011448        0xc zephyr/drivers/serial/libdrivers__serial.a(uart_mcux.c.obj)
 .text.uart_mcux_irq_rx_full
                0x0000000000011454       0x10 zephyr/drivers/serial/libdrivers__serial.a(uart_mcux.c.obj)
 .text.uart_mcux_irq_tx_complete
                0x0000000000011464       0x10 zephyr/drivers/serial/libdrivers__serial.a(uart_mcux.c.obj)
 .text.uart_mcux_irq_tx_ready
                0x0000000000011474       0x1e zephyr/drivers/serial/libdrivers__serial.a(uart_mcux.c.obj)
 .text.uart_mcux_irq_is_pending
                0x0000000000011492       0x2c zephyr/drivers/serial/libdrivers__serial.a(uart_mcux.c.obj)
 .text.uart_mcux_fifo_read
                0x00000000000114be       0x28 zephyr/drivers/serial/libdrivers__serial.a(uart_mcux.c.obj)
 .text.uart_mcux_fifo_fill
                0x00000000000114e6       0x28 zephyr/drivers/serial/libdrivers__serial.a(uart_mcux.c.obj)
 .text.uart_mcux_poll_out
                0x000000000001150e       0x16 zephyr/drivers/serial/libdrivers__serial.a(uart_mcux.c.obj)
 .text.uart_mcux_poll_in
                0x0000000000011524       0x20 zephyr/drivers/serial/libdrivers__serial.a(uart_mcux.c.obj)
 .text.uart_mcux_configure
                0x0000000000011544       0xac zephyr/drivers/serial/libdrivers__serial.a(uart_mcux.c.obj)
 .text.uart_mcux_err_check
                0x00000000000115f0       0x2a zephyr/drivers/serial/libdrivers__serial.a(uart_mcux.c.obj)
 .text.uart_mcux_config_func_0
                0x000000000001161a       0x26 zephyr/drivers/serial/libdrivers__serial.a(uart_mcux.c.obj)
 .text.uart_mcux_config_func_1
                0x0000000000011640       0x26 zephyr/drivers/serial/libdrivers__serial.a(uart_mcux.c.obj)
 .text.uart_mcux_init
                0x0000000000011666       0x3a zephyr/drivers/serial/libdrivers__serial.a(uart_mcux.c.obj)
 .text.spi_mcux_config_func_0
                0x00000000000116a0       0x16 zephyr/drivers/spi/libdrivers__spi.a(spi_mcux_dspi.c.obj)
 .text.spi_mcux_config_func_1
                0x00000000000116b6       0x16 zephyr/drivers/spi/libdrivers__spi.a(spi_mcux_dspi.c.obj)
 .text.spi_mcux_isr
                0x00000000000116cc        0xc zephyr/drivers/spi/libdrivers__spi.a(spi_mcux_dspi.c.obj)
 .text.spi_context_get_next_buf.constprop.0
                0x00000000000116d8       0x26 zephyr/drivers/spi/libdrivers__spi.a(spi_mcux_dspi.c.obj)
 .text.gpio_pin_set_dt.isra.0
                0x00000000000116fe       0x28 zephyr/drivers/spi/libdrivers__spi.a(spi_mcux_dspi.c.obj)
 .text.spi_context_unlock_unconditionally
                0x0000000000011726       0x30 zephyr/drivers/spi/libdrivers__spi.a(spi_mcux_dspi.c.obj)
 .text.spi_mcux_release
                0x0000000000011756        0xe zephyr/drivers/spi/libdrivers__spi.a(spi_mcux_dspi.c.obj)
 .text.CLOCK_GetFixedFreqClkFreq
                0x0000000000011764       0x18 modules/hal_nxp/libmodules__hal_nxp.a(fsl_clock.c.obj)
                0x0000000000011764                CLOCK_GetFixedFreqClkFreq
 .text.SystemInitHook
                0x000000000001177c        0x2 modules/hal_nxp/libmodules__hal_nxp.a(system_MK64F12.c.obj)
                0x000000000001177c                SystemInitHook
 .text.ADC16_GetDefaultConfig
                0x000000000001177e       0x1a modules/hal_nxp/libmodules__hal_nxp.a(fsl_adc16.c.obj)
                0x000000000001177e                ADC16_GetDefaultConfig
 .text.ADC16_SetChannelMuxMode
                0x0000000000011798       0x12 modules/hal_nxp/libmodules__hal_nxp.a(fsl_adc16.c.obj)
                0x0000000000011798                ADC16_SetChannelMuxMode
 .text.ADC16_SetHardwareAverage
                0x00000000000117aa       0x18 modules/hal_nxp/libmodules__hal_nxp.a(fsl_adc16.c.obj)
                0x00000000000117aa                ADC16_SetHardwareAverage
 .text.ADC16_GetStatusFlags
                0x00000000000117c2       0x14 modules/hal_nxp/libmodules__hal_nxp.a(fsl_adc16.c.obj)
                0x00000000000117c2                ADC16_GetStatusFlags
 .text.ADC16_DoAutoCalibration
                0x00000000000117d6       0x92 modules/hal_nxp/libmodules__hal_nxp.a(fsl_adc16.c.obj)
                0x00000000000117d6                ADC16_DoAutoCalibration
 .text.ADC16_SetChannelConfig
                0x0000000000011868       0x1e modules/hal_nxp/libmodules__hal_nxp.a(fsl_adc16.c.obj)
                0x0000000000011868                ADC16_SetChannelConfig
 .text.DSPI_MasterGetFormattedCommand.constprop.0