Archive member included to satisfy reference by file (symbol)

app/libapp.a(main.c.obj)      (--whole-archive)
app/libapp.a(spi_lcd_nokia.c.obj)
                              (--whole-archive)
app/libapp.a(lcd_nokia_images.c.obj)
                              (--whole-archive)
app/libapp.a(lcd_nokia_draw.c.obj)
                              (--whole-archive)
app/libapp.a(display_manager.c.obj)
                              (--whole-archive)
app/libapp.a(sensor_manager.c.obj)
                              (--whole-archive)
zephyr/libzephyr.a(heap.c.obj)
                              (--whole-archive)
zephyr/libzephyr.a(cbprintf_packaged.c.obj)
                              (--whole-archive)
zephyr/libzephyr.a(clock.c.obj)
                              (--whole-archive)
zephyr/libzephyr.a(printk.c.obj)
                              (--whole-archive)
zephyr/libzephyr.a(sem.c.obj)
                              (--whole-archive)
zephyr/libzephyr.a(thread_entry.c.obj)
                              (--whole-archive)
zephyr/libzephyr.a(cbprintf_complete.c.obj)
                              (--whole-archive)
zephyr/libzephyr.a(cbprintf.c.obj)
                              (--whole-archive)
zephyr/libzephyr.a(assert.c.obj)
                              (--whole-archive)
zephyr/libzephyr.a(mpsc_pbuf.c.obj)
                              (--whole-archive)
zephyr/libzephyr.a(dec.c.obj)
                              (--whole-archive)
zephyr/libzephyr.a(hex.c.obj)
                              (--whole-archive)
zephyr/libzephyr.a(rb.c.obj)  (--whole-archive)
zephyr/libzephyr.a(timeutil.c.obj)
                              (--whole-archive)
zephyr/libzephyr.a(bitarray.c.obj)
                              (--whole-archive)
zephyr/libzephyr.a(ring_buffer.c.obj)
                              (--whole-archive)
zephyr/libzephyr.a(last_section_id.c.obj)
                              (--whole-archive)
zephyr/libzephyr.a(configs.c.obj)
                              (--whole-archive)
zephyr/libzephyr.a(flash_configuration.c.obj)
                              (--whole-archive)
zephyr/libzephyr.a(soc.c.obj)
                              (--whole-archive)
zephyr/libzephyr.a(nxp_mpu_regions.c.obj)
                              (--whole-archive)
zephyr/libzephyr.a(log_core.c.obj)
                              (--whole-archive)
zephyr/libzephyr.a(log_mgmt.c.obj)
                              (--whole-archive)
zephyr/libzephyr.a(log_cache.c.obj)
                              (--whole-archive)
zephyr/libzephyr.a(log_msg.c.obj)
                              (--whole-archive)
zephyr/libzephyr.a(log_output.c.obj)
                              (--whole-archive)
zephyr/libzephyr.a(log_backend_uart.c.obj)
                              (--whole-archive)
zephyr/libzephyr.a(mem_attr.c.obj)
                              (--whole-archive)
zephyr/libzephyr.a(tracing_none.c.obj)
                              (--whole-archive)
zephyr/arch/common/libarch__common.a(sw_isr_common.c.obj)
                              (--whole-archive)
zephyr/arch/arch/arm/core/libarch__arm__core.a(fatal.c.obj)
                              (--whole-archive)
zephyr/arch/arch/arm/core/libarch__arm__core.a(nmi.c.obj)
                              (--whole-archive)
zephyr/arch/arch/arm/core/libarch__arm__core.a(nmi_on_reset.S.obj)
                              (--whole-archive)
zephyr/arch/arch/arm/core/cortex_m/libarch__arm__core__cortex_m.a(exc_exit.c.obj)
                              (--whole-archive)
zephyr/arch/arch/arm/core/cortex_m/libarch__arm__core__cortex_m.a(fault.c.obj)
                              (--whole-archive)
zephyr/arch/arch/arm/core/cortex_m/libarch__arm__core__cortex_m.a(fault_s.S.obj)
                              (--whole-archive)
zephyr/arch/arch/arm/core/cortex_m/libarch__arm__core__cortex_m.a(fpu.c.obj)
                              (--whole-archive)
zephyr/arch/arch/arm/core/cortex_m/libarch__arm__core__cortex_m.a(reset.S.obj)
                              (--whole-archive)
zephyr/arch/arch/arm/core/cortex_m/libarch__arm__core__cortex_m.a(scb.c.obj)
                              (--whole-archive)
zephyr/arch/arch/arm/core/cortex_m/libarch__arm__core__cortex_m.a(thread_abort.c.obj)
                              (--whole-archive)
zephyr/arch/arch/arm/core/cortex_m/libarch__arm__core__cortex_m.a(vector_table.S.obj)
                              (--whole-archive)
zephyr/arch/arch/arm/core/cortex_m/libarch__arm__core__cortex_m.a(swap_helper.S.obj)
                              (--whole-archive)
zephyr/arch/arch/arm/core/cortex_m/libarch__arm__core__cortex_m.a(irq_manage.c.obj)
                              (--whole-archive)
zephyr/arch/arch/arm/core/cortex_m/libarch__arm__core__cortex_m.a(prep_c.c.obj)
                              (--whole-archive)
zephyr/arch/arch/arm/core/cortex_m/libarch__arm__core__cortex_m.a(thread.c.obj)
                              (--whole-archive)
[...]
Memory Configuration

Name             Origin             Length             Attributes
FLASH            0x0000000000000000 0x0000000000100000 xr
RAM              0x0000000020000000 0x0000000000030000 xw
SRAML            0x000000001fff0000 0x0000000000010000 rw
IDT_LIST         0x00000000ffff7fff 0x0000000000008000 xw
*default*        0x0000000000000000 0xffffffffffffffff

Linker script and memory map

LOAD zephyr/CMakeFiles/zephyr_final.dir/misc/empty_file.c.obj
LOAD zephyr/CMakeFiles/zephyr_final.dir/isr_tables.c.obj
LOAD zephyr/CMakeFiles/offsets.dir/./arch/arm/core/offsets/offsets.c.obj
LOAD app/libapp.a
LOAD zephyr/libzephyr.a
LOAD zephyr/arch/common/libarch__common.a
LOAD zephyr/arch/arch/arm/core/libarch__arm__core.a
LOAD zephyr/arch/arch/arm/core/cortex_m/libarch__arm__core__cortex_m.a
LOAD zephyr/arch/arch/arm/core/mpu/libarch__arm__core__mpu.a
LOAD zephyr/lib/libc/newlib/liblib__libc__newlib.a
LOAD zephyr/lib/libc/common/liblib__libc__common.a
LOAD zephyr/drivers/adc/libdrivers__adc.a
LOAD zephyr/drivers/clock_control/libdrivers__clock_control.a
LOAD zephyr/drivers/console/libdrivers__console.a
LOAD zephyr/drivers/gpio/libdrivers__gpio.a
LOAD zephyr/drivers/i2c/libdrivers__i2c.a
LOAD zephyr/drivers/pinctrl/libdrivers__pinctrl.a
LOAD zephyr/drivers/sensor/aosong/dht/libdrivers__sensor__aosong__dht.a
LOAD zephyr/drivers/sensor/nxp/fxos8700/libdrivers__sensor__nxp__fxos8700.a
LOAD zephyr/drivers/sensor/nxp/nxp_kinetis_temp/libdrivers__sensor__nxp__nxp_kinetis_temp.a
LOAD zephyr/drivers/sensor/rohm/bh1750/libdrivers__sensor__rohm__bh1750.a
LOAD zephyr/drivers/sensor/lm35/libdrivers__sensor__lm35.a
LOAD zephyr/drivers/serial/libdrivers__serial.a
LOAD zephyr/drivers/spi/libdrivers__spi.a
LOAD zephyr/drivers/timer/libdrivers__timer.a
LOAD modules/hal_nxp/libmodules__hal_nxp.a
LOAD zephyr/kernel/libkernel.a
LOAD zephyr/arch/common/libisr_tables.a
LOAD C:/Users/mauri/zephyr-sdk-0.17.4/arm-zephyr-eabi/arm-zephyr-eabi/lib/thumb/v7e-m+fp/hard\libm.a
LOAD C:/Users/mauri/zephyr-sdk-0.17.4/arm-zephyr-eabi/arm-zephyr-eabi/lib/thumb/v7e-m+fp/hard\libc.a
LOAD c:/users/mauri/zephyr-sdk-0.17.4/arm-zephyr-eabi/bin/../lib/gcc/arm-zephyr-eabi/12.2.0/thumb/v7e-m+fp/hard\libgcc.a
LOAD C:/Users/mauri/zephyr-sdk-0.17.4/arm-zephyr-eabi/arm-zephyr-eabi/lib/thumb/v7e-m+fp/hard\libc.a
                0x0000000000000080                _region_min_align = 0x80

.rel.plt        0x0000000000000000        0x0
 *(SORT_BY_ALIGNMENT(.rel.plt))
                [!provide]                        PROVIDE (__rel_iplt_start = .)
 *(SORT_BY_ALIGNMENT(.rel.iplt))
 .rel.iplt      0x0000000000000000        0x0 zephyr/CMakeFiles/zephyr_final.dir/isr_tables.c.obj
                [!provide]                        PROVIDE (__rel_iplt_end = .)

.rela.plt       0x0000000000000000        0x0
 *(SORT_BY_ALIGNMENT(.rela.plt))
                [!provide]                        PROVIDE (__rela_iplt_start = .)
 *(SORT_BY_ALIGNMENT(.rela.iplt))
                [!provide]                        PROVIDE (__rela_iplt_end = .)

.rel.dyn
 *(SORT_BY_ALIGNMENT(.rel.*))

.rela.dyn
 *(SORT_BY_ALIGNMENT(.rela.*))

/DISCARD/
 *(SORT_BY_ALIGNMENT(.plt))

/DISCARD/
 *(SORT_BY_ALIGNMENT(.iplt))
                0x0000000000000000                __rom_region_start = 0x0

rom_start       0x0000000000000000      0x410
                0x0000000000000000                __rom_start_address = .
 FILL mask 0x00
                0x0000000000000000                . = (. + (0x0 - (. - __rom_start_address)))
                0x0000000000000000                . = ALIGN (0x4)
                0x0000000000000000                . = ALIGN (0x80)
                0x0000000000000000                . = ALIGN (0x200)
                0x0000000000000000                _vector_start = .
 *(SORT_BY_ALIGNMENT(.exc_vector_table))
 *(SORT_BY_ALIGNMENT(.exc_vector_table.*))
 .exc_vector_table._vector_table_section
                0x0000000000000000       0x40 zephyr/arch/arch/arm/core/cortex_m/libarch__arm__core__cortex_m.a(vector_table.S.obj)
                0x0000000000000000                _vector_table
 *(SORT_BY_ALIGNMENT(.vectors))
                0x0000000000000198                _vector_end = .
                0x0000000000000040                . = ALIGN (0x4)
 *(SORT_BY_ALIGNMENT(.gnu.linkonce.irq_vector_table*))
 .gnu.linkonce.irq_vector_table
                0x0000000000000040      0x158 zephyr/CMakeFiles/zephyr_final.dir/isr_tables.c.obj
                0x0000000000000040                _irq_vector_table
                0x0000000000000198                _vector_end = .
                0x0000000000000400                . = 0x400
 *fill*         0x0000000000000198      0x268 00
 *(SORT_BY_ALIGNMENT(.kinetis_flash_config))
 *(SORT_BY_ALIGNMENT(.kinetis_flash_config.*))
 .kinetis_flash_config."WEST_TOPDIR/zephyr/soc/nxp/kinetis/flash_configuration.c".0
                0x0000000000000400       0x10 zephyr/libzephyr.a(flash_configuration.c.obj)
                0x0000000000000400                __kinetis_flash_config

text            0x0000000000000440     0xf6e0
                0x0000000000000440                __text_region_start = .
 *(SORT_BY_ALIGNMENT(.text))
 .text          0x0000000000000440       0xdc C:/Users/mauri/zephyr-sdk-0.17.4/arm-zephyr-eabi/arm-zephyr-eabi/lib/thumb/v7e-m+fp/hard\libc.a(lib_a-strlen.o)
                0x0000000000000440                strlen
 *fill*         0x000000000000051c        0x4 
 .text          0x0000000000000520       0xa0 C:/Users/mauri/zephyr-sdk-0.17.4/arm-zephyr-eabi/arm-zephyr-eabi/lib/thumb/v7e-m+fp/hard\libc.a(lib_a-memchr.o)
                0x0000000000000520                memchr
 .text          0x00000000000005c0      0x134 C:/Users/mauri/zephyr-sdk-0.17.4/arm-zephyr-eabi/arm-zephyr-eabi/lib/thumb/v7e-m+fp/hard\libc.a(lib_a-memcpy.o)
                0x00000000000005c0                memcpy
 .text          0x00000000000006f4      0x378 c:/users/mauri/zephyr-sdk-0.17.4/arm-zephyr-eabi/bin/../lib/gcc/arm-zephyr-eabi/12.2.0/thumb/v7e-m+fp/hard\libgcc.a(_arm_addsubdf3.o)
                0x00000000000006f4                __aeabi_drsub
                0x00000000000006fc                __aeabi_dsub
                0x00000000000006fc                __subdf3
                0x0000000000000700                __aeabi_dadd
                0x0000000000000700                __adddf3
                0x0000000000000978                __floatunsidf
                0x0000000000000978                __aeabi_ui2d
                0x0000000000000998                __floatsidf
                0x0000000000000998                __aeabi_i2d
                0x00000000000009bc                __aeabi_f2d
                0x00000000000009bc                __extendsfdf2
                0x0000000000000a00                __floatundidf
                0x0000000000000a00                __aeabi_ul2d
                0x0000000000000a10                __floatdidf
                0x0000000000000a10                __aeabi_l2d
 .text          0x0000000000000a6c      0x424 c:/users/mauri/zephyr-sdk-0.17.4/arm-zephyr-eabi/bin/../lib/gcc/arm-zephyr-eabi/12.2.0/thumb/v7e-m+fp/hard\libgcc.a(_arm_muldivdf3.o)
                0x0000000000000a6c                __aeabi_dmul
                0x0000000000000a6c                __muldf3
                0x0000000000000cc0                __divdf3
                0x0000000000000cc0                __aeabi_ddiv
 .text          0x0000000000000e90      0x110 c:/users/mauri/zephyr-sdk-0.17.4/arm-zephyr-eabi/bin/../lib/gcc/arm-zephyr-eabi/12.2.0/thumb/v7e-m+fp/hard\libgcc.a(_arm_cmpdf2.o)
                0x0000000000000e90                __gtdf2
                0x0000000000000e90                __gedf2
                0x0000000000000e98                __ltdf2
                0x0000000000000e98                __ledf2
                0x0000000000000ea0                __nedf2
                0x0000000000000ea0                __eqdf2
                0x0000000000000ea0                __cmpdf2
                0x0000000000000f1c                __aeabi_cdrcmple
                0x0000000000000f2c                __aeabi_cdcmpeq
                0x0000000000000f2c                __aeabi_cdcmple
                0x0000000000000f3c                __aeabi_dcmpeq
                0x0000000000000f50                __aeabi_dcmplt
                0x0000000000000f64                __aeabi_dcmple
                0x0000000000000f78                __aeabi_dcmpge
                0x0000000000000f8c                __aeabi_dcmpgt
 .text          0x0000000000000fa0       0x2c c:/users/mauri/zephyr-sdk-0.17.4/arm-zephyr-eabi/bin/../lib/gcc/arm-zephyr-eabi/12.2.0/thumb/v7e-m+fp/hard\libgcc.a(_arm_unorddf2.o)
                0x0000000000000fa0                __unorddf2
                0x0000000000000fa0                __aeabi_dcmpun
 .text          0x0000000000000fcc       0x50 c:/users/mauri/zephyr-sdk-0.17.4/arm-zephyr-eabi/bin/../lib/gcc/arm-zephyr-eabi/12.2.0/thumb/v7e-m+fp/hard\libgcc.a(_arm_fixdfsi.o)
                0x0000000000000fcc                __aeabi_d2iz
                0x0000000000000fcc                __fixdfsi
 .text          0x000000000000101c       0x30 c:/users/mauri/zephyr-sdk-0.17.4/arm-zephyr-eabi/bin/../lib/gcc/arm-zephyr-eabi/12.2.0/thumb/v7e-m+fp/hard\libgcc.a(_aeabi_uldivmod.o)
                0x000000000000101c                __aeabi_uldivmod
 .text          0x000000000000104c        0x4 c:/users/mauri/zephyr-sdk-0.17.4/arm-zephyr-eabi/bin/../lib/gcc/arm-zephyr-eabi/12.2.0/thumb/v7e-m+fp/hard\libgcc.a(_dvmd_tls.o)
                0x000000000000104c                __aeabi_idiv0
                0x000000000000104c                __aeabi_ldiv0
 .text          0x0000000000001050      0x2a0 c:/users/mauri/zephyr-sdk-0.17.4/arm-zephyr-eabi/bin/../lib/gcc/arm-zephyr-eabi/12.2.0/thumb/v7e-m+fp/hard\libgcc.a(_udivmoddi4.o)
                0x0000000000001050                __udivmoddi4
 *(SORT_BY_ALIGNMENT(.text.*))
 .text.z_cbvprintf_impl
                0x00000000000012f0      0xd1c zephyr/libzephyr.a(cbprintf_complete.c.obj)
                0x00000000000012f0                z_cbvprintf_impl
 *fill*         0x000000000000200c        0x4 
 .text.dht_measure_signal_duration.isra.0
                0x0000000000002010       0x94 zephyr/drivers/sensor/aosong/dht/libdrivers__sensor__aosong__dht.a(dht.c.obj)
 *fill*         0x00000000000020a4        0x4 
 .text._svfprintf_r
                0x00000000000020a8     0x1a3c C:/Users/mauri/zephyr-sdk-0.17.4/arm-zephyr-eabi/arm-zephyr-eabi/lib/thumb/v7e-m+fp/hard\libc.a(lib_a-svfprintf.o)
                0x00000000000020a8                _svfprintf_r
 *fill*         0x0000000000003ae4        0x4 
 .text._dtoa_r  0x0000000000003ae8      0xe4c C:/Users/mauri/zephyr-sdk-0.17.4/arm-zephyr-eabi/arm-zephyr-eabi/lib/thumb/v7e-m+fp/hard\libc.a(lib_a-dtoa.o)
                0x0000000000003ae8                _dtoa_r
 .text.main     0x0000000000004934       0xc0 app/libapp.a(main.c.obj)
                0x0000000000004934                main
 .text.LCD_nokia_write_byte
                0x00000000000049f4       0x38 app/libapp.a(spi_lcd_nokia.c.obj)
 .text.Nokia_Lcd_Init
                0x0000000000004a2c       0x84 app/libapp.a(spi_lcd_nokia.c.obj)
                0x0000000000004a2c                Nokia_Lcd_Init
 .text.LCD_nokia_write_string_xy_FB
                0x0000000000004ab0       0x7c app/libapp.a(spi_lcd_nokia.c.obj)
                0x0000000000004ab0                LCD_nokia_write_string_xy_FB
 .text.LCD_nokia_sent_FrameBuffer
                0x0000000000004b2c       0x28 app/libapp.a(spi_lcd_nokia.c.obj)
                0x0000000000004b2c                LCD_nokia_sent_FrameBuffer
 .text.display_init
                0x0000000000004b54       0x30 app/libapp.a(display_manager.c.obj)
                0x0000000000004b54                display_init
 .text.display_show_logo
                0x0000000000004b84       0x40 app/libapp.a(display_manager.c.obj)
                0x0000000000004b84                display_show_logo
 .text.display_update
                0x0000000000004bc4       0xb4 app/libapp.a(display_manager.c.obj)
                0x0000000000004bc4                display_update
 .text.read_humidity
                0x0000000000004c78       0x7c app/libapp.a(sensor_manager.c.obj)
 .text.read_light
                0x0000000000004cf4       0x7c app/libapp.a(sensor_manager.c.obj)
 .text.read_temperature
                0x0000000000004d70       0xb4 app/libapp.a(sensor_manager.c.obj)
 .text.sensor_manager_init
                0x0000000000004e24      0x124 app/libapp.a(sensor_manager.c.obj)
                0x0000000000004e24                sensor_manager_init
 .text.sensor_manager_read_all
                0x0000000000004f48       0xbc app/libapp.a(sensor_manager.c.obj)
                0x0000000000004f48                sensor_manager_read_all
 .text.sensor_manager_get_error
                0x0000000000005004        0x8 app/libapp.a(sensor_manager.c.obj)
                0x0000000000005004                sensor_manager_get_error
 .text.cbvprintf_package
                0x000000000000500c      0x3a4 zephyr/libzephyr.a(cbprintf_packaged.c.obj)
                0x000000000000500c                cbvprintf_package
 .text.cbprintf_package_convert
                0x00000000000053b0      0x3cc zephyr/libzephyr.a(cbprintf_packaged.c.obj)
                0x00000000000053b0                cbprintf_package_convert
 .text.__printk_hook_install
                0x000000000000577c        0xc zephyr/libzephyr.a(printk.c.obj)
                0x000000000000577c                __printk_hook_install
 .text.vsnprintk
                0x0000000000005788       0x2c zephyr/libzephyr.a(printk.c.obj)
                0x0000000000005788                vsnprintk
 .text.extract_decimal
                0x00000000000057b4       0x2c zephyr/libzephyr.a(cbprintf_complete.c.obj)
 .text.encode_uint
                0x00000000000057e0       0x9c zephyr/libzephyr.a(cbprintf_complete.c.obj)
 .text.clock_init
                0x000000000000587c       0x4c zephyr/libzephyr.a(soc.c.obj)
                0x000000000000587c                clock_init
 .text.soc_early_init_hook
                0x00000000000058c8       0x20 zephyr/libzephyr.a(soc.c.obj)
                0x00000000000058c8                soc_early_init_hook
 .text.activate_foreach_backend
                0x00000000000058e8       0x64 zephyr/libzephyr.a(log_core.c.obj)
 .text.enable_logger
                0x000000000000594c       0x5c zephyr/libzephyr.a(log_core.c.obj)
 .text.log_process_thread_timer_expiry_fn
                0x00000000000059a8        0xc zephyr/libzephyr.a(log_core.c.obj)
 .text.z_log_init
                0x00000000000059b4       0x94 zephyr/libzephyr.a(log_core.c.obj)
 .text.log_format_func_t_get
                0x0000000000005a48        0xc zephyr/libzephyr.a(log_core.c.obj)
                0x0000000000005a48                log_format_func_t_get
 .text.log_set_timestamp_func
                0x0000000000005a54       0x20 zephyr/libzephyr.a(log_core.c.obj)
                0x0000000000005a54                log_set_timestamp_func
 .text.z_log_notify_backend_enabled
                0x0000000000005a74       0x1c zephyr/libzephyr.a(log_core.c.obj)
                0x0000000000005a74                z_log_notify_backend_enabled
 .text.z_log_dropped
                0x0000000000005a90       0x44 zephyr/libzephyr.a(log_core.c.obj)
                0x0000000000005a90                z_log_dropped
 .text.z_log_dropped_read_and_clear
                0x0000000000005ad4       0x20 zephyr/libzephyr.a(log_core.c.obj)
                0x0000000000005ad4                z_log_dropped_read_and_clear
 .text.dropped_notify
                0x0000000000005af4       0x30 zephyr/libzephyr.a(log_core.c.obj)
                0x0000000000005af4                dropped_notify
 .text.z_log_msg_init
                0x0000000000005b24       0x20 zephyr/libzephyr.a(log_core.c.obj)
                0x0000000000005b24                z_log_msg_init
 .text.log_core_init
                0x0000000000005b44       0x50 zephyr/libzephyr.a(log_core.c.obj)
                0x0000000000005b44                log_core_init
 .text.z_log_msg_alloc
                0x0000000000005b94       0x10 zephyr/libzephyr.a(log_core.c.obj)
                0x0000000000005b94                z_log_msg_alloc
 .text.z_log_msg_local_claim
                0x0000000000005ba4        0xc zephyr/libzephyr.a(log_core.c.obj)
                0x0000000000005ba4                z_log_msg_local_claim
 .text.z_log_msg_free
                0x0000000000005bb0       0x10 zephyr/libzephyr.a(log_core.c.obj)
                0x0000000000005bb0                z_log_msg_free
 .text.z_log_msg_pending
                0x0000000000005bc0        0xc zephyr/libzephyr.a(log_core.c.obj)
                0x0000000000005bc0                z_log_msg_pending
 .text.z_impl_log_process
                0x0000000000005bcc       0xb4 zephyr/libzephyr.a(log_core.c.obj)
                0x0000000000005bcc                z_impl_log_process
 .text.z_impl_log_panic
                0x0000000000005c80       0x44 zephyr/libzephyr.a(log_core.c.obj)
                0x0000000000005c80                z_impl_log_panic
 .text.log_process_thread_func
                0x0000000000005cc4       0x9c zephyr/libzephyr.a(log_core.c.obj)
 .text.z_log_msg_post_finalize
                0x0000000000005d60       0x78 zephyr/libzephyr.a(log_core.c.obj)
 .text.z_log_msg_commit
                0x0000000000005dd8       0x24 zephyr/libzephyr.a(log_core.c.obj)
                0x0000000000005dd8                z_log_msg_commit
 .text.log_source_name_get
                0x0000000000005dfc       0x1c zephyr/libzephyr.a(log_mgmt.c.obj)
                0x0000000000005dfc                log_source_name_get
 .text.z_impl_z_log_msg_static_create
                0x0000000000005e18      0x108 zephyr/libzephyr.a(log_msg.c.obj)
                0x0000000000005e18                z_impl_z_log_msg_static_create
 .text.z_log_msg_runtime_vcreate
                0x0000000000005f20       0xa0 zephyr/libzephyr.a(log_msg.c.obj)
                0x0000000000005f20                z_log_msg_runtime_vcreate
 .text.log_msg_get_source_id
                0x0000000000005fc0       0x18 zephyr/libzephyr.a(log_msg.c.obj)
                0x0000000000005fc0                log_msg_get_source_id
 .text.print_formatted
                0x0000000000005fd8       0x24 zephyr/libzephyr.a(log_output.c.obj)
 .text.newline_print
                0x0000000000005ffc       0x1c zephyr/libzephyr.a(log_output.c.obj)
 .text.log_output_process
                0x0000000000006018      0x2dc zephyr/libzephyr.a(log_output.c.obj)
                0x0000000000006018                log_output_process
 .text.log_output_dropped_process
                0x00000000000062f4       0x58 zephyr/libzephyr.a(log_output.c.obj)
                0x00000000000062f4                log_output_dropped_process
 .text.log_output_timestamp_freq_set
                0x000000000000634c       0x2c zephyr/libzephyr.a(log_output.c.obj)
                0x000000000000634c                log_output_timestamp_freq_set
 .text.char_out
                0x0000000000006378       0x24 zephyr/libzephyr.a(log_backend_uart.c.obj)
 .text.mem_attr_get_regions
                0x000000000000639c        0xc zephyr/libzephyr.a(mem_attr.c.obj)
                0x000000000000639c                mem_attr_get_regions
 .text.z_arm_fatal_error
                0x00000000000063a8      0x120 zephyr/arch/arch/arm/core/libarch__arm__core.a(fatal.c.obj)
                0x00000000000063a8                z_arm_fatal_error
 .text.z_SysNmiOnReset
                0x00000000000064c8        0x8 zephyr/arch/arch/arm/core/libarch__arm__core.a(nmi_on_reset.S.obj)
                0x00000000000064c8                z_SysNmiOnReset
 .text._HandlerModeExit
                0x00000000000064d0       0x20 zephyr/arch/arch/arm/core/cortex_m/libarch__arm__core__cortex_m.a(exc_exit.c.obj)
                0x00000000000064d0                z_arm_int_exit
                0x00000000000064d0                z_arm_exc_exit
 .text.usage_fault.constprop.0
                0x00000000000064f0       0xa8 zephyr/arch/arch/arm/core/cortex_m/libarch__arm__core__cortex_m.a(fault.c.obj)
 .text.mem_manage_fault
                0x0000000000006598      0x104 zephyr/arch/arch/arm/core/cortex_m/libarch__arm__core__cortex_m.a(fault.c.obj)
 .text.bus_fault
                0x000000000000669c      0x214 zephyr/arch/arch/arm/core/cortex_m/libarch__arm__core__cortex_m.a(fault.c.obj)
 .text.z_arm_fault
                0x00000000000068b0      0x1c8 zephyr/arch/arch/arm/core/cortex_m/libarch__arm__core__cortex_m.a(fault.c.obj)
                0x00000000000068b0                z_arm_fault
 .text.z_arm_fault_init
                0x0000000000006a78       0x18 zephyr/arch/arch/arm/core/cortex_m/libarch__arm__core__cortex_m.a(fault.c.obj)
                0x0000000000006a78                z_arm_fault_init
 .text.__fault  0x0000000000006a90       0x14 zephyr/arch/arch/arm/core/cortex_m/libarch__arm__core__cortex_m.a(fault_s.S.obj)
                0x0000000000006a90                z_arm_usage_fault
                0x0000000000006a90                z_arm_mpu_fault
                0x0000000000006a90                z_arm_exc_spurious
                0x0000000000006a90                z_arm_debug_monitor
                0x0000000000006a90                z_arm_hard_fault
                0x0000000000006a90                z_arm_bus_fault
 .text._reset_section
                0x0000000000006aa4       0x38 zephyr/arch/arch/arm/core/cortex_m/libarch__arm__core__cortex_m.a(reset.S.obj)
                0x0000000000006aa4                __start
                0x0000000000006aa4                z_arm_reset
 .text.z_impl_k_thread_abort
                0x0000000000006adc       0x2c zephyr/arch/arch/arm/core/cortex_m/libarch__arm__core__cortex_m.a(thread_abort.c.obj)
                0x0000000000006adc                z_impl_k_thread_abort
 .text.z_arm_pendsv
                0x0000000000006b08       0x90 zephyr/arch/arch/arm/core/cortex_m/libarch__arm__core__cortex_m.a(swap_helper.S.obj)
                0x0000000000006b08                z_arm_pendsv
 .text.z_arm_svc
                0x0000000000006b98       0x24 zephyr/arch/arch/arm/core/cortex_m/libarch__arm__core__cortex_m.a(swap_helper.S.obj)
                0x0000000000006b98                z_arm_svc
 .text.arm_irq_enable
                0x0000000000006bbc       0x1c zephyr/arch/arch/arm/core/cortex_m/libarch__arm__core__cortex_m.a(irq_manage.c.obj)
                0x0000000000006bbc                arm_irq_enable
 .text.arm_irq_priority_set
                0x0000000000006bd8       0x30 zephyr/arch/arch/arm/core/cortex_m/libarch__arm__core__cortex_m.a(irq_manage.c.obj)
                0x0000000000006bd8                arm_irq_priority_set
 .text.relocate_vector_table
                0x0000000000006c08       0x1c zephyr/arch/arch/arm/core/cortex_m/libarch__arm__core__cortex_m.a(prep_c.c.obj)
                0x0000000000006c08                relocate_vector_table
 .text.z_prep_c
                0x0000000000006c24       0x4c zephyr/arch/arch/arm/core/cortex_m/libarch__arm__core__cortex_m.a(prep_c.c.obj)
                0x0000000000006c24                z_prep_c
 .text.arch_new_thread
                0x0000000000006c70       0x40 zephyr/arch/arch/arm/core/cortex_m/libarch__arm__core__cortex_m.a(thread.c.obj)
                0x0000000000006c70                arch_new_thread
 .text.z_arm_mpu_stack_guard_and_fpu_adjust
                0x0000000000006cb0       0x54 zephyr/arch/arch/arm/core/cortex_m/libarch__arm__core__cortex_m.a(thread.c.obj)
                0x0000000000006cb0                z_arm_mpu_stack_guard_and_fpu_adjust
 .text.z_check_thread_stack_fail
                0x0000000000006d04       0x2c zephyr/arch/arch/arm/core/cortex_m/libarch__arm__core__cortex_m.a(thread.c.obj)
                0x0000000000006d04                z_check_thread_stack_fail
 .text.arch_float_disable
                0x0000000000006d30       0x48 zephyr/arch/arch/arm/core/cortex_m/libarch__arm__core__cortex_m.a(thread.c.obj)
                0x0000000000006d30                arch_float_disable
 .text.arch_switch_to_main_thread
                0x0000000000006d78       0x4c zephyr/arch/arch/arm/core/cortex_m/libarch__arm__core__cortex_m.a(thread.c.obj)
                0x0000000000006d78                arch_switch_to_main_thread
 .text.z_arm_cpu_idle_init
                0x0000000000006dc4        0xc zephyr/arch/arch/arm/core/cortex_m/libarch__arm__core__cortex_m.a(cpu_idle.c.obj)
                0x0000000000006dc4                z_arm_cpu_idle_init
 .text.z_arm_interrupt_init
                0x0000000000006dd0       0x18 zephyr/arch/arch/arm/core/cortex_m/libarch__arm__core__cortex_m.a(irq_init.c.obj)
                0x0000000000006dd0                z_arm_interrupt_init
 .text._isr_wrapper
                0x0000000000006de8       0x24 zephyr/arch/arch/arm/core/cortex_m/libarch__arm__core__cortex_m.a(isr_wrapper.c.obj)
                0x0000000000006de8                _isr_wrapper
 .text.z_arm_configure_static_mpu_regions
                0x0000000000006e0c       0x18 zephyr/arch/arch/arm/core/mpu/libarch__arm__core__mpu.a(arm_core_mpu.c.obj)
                0x0000000000006e0c                z_arm_configure_static_mpu_regions
 .text.z_arm_configure_dynamic_mpu_regions
                0x0000000000006e24       0x2c zephyr/arch/arch/arm/core/mpu/libarch__arm__core__mpu.a(arm_core_mpu.c.obj)
                0x0000000000006e24                z_arm_configure_dynamic_mpu_regions
 .text.region_init
                0x0000000000006e50       0x34 zephyr/arch/arch/arm/core/mpu/libarch__arm__core__mpu.a(nxp_mpu.c.obj)
 .text.region_allocate_and_init.part.0
                0x0000000000006e84       0x1c zephyr/arch/arch/arm/core/mpu/libarch__arm__core__mpu.a(nxp_mpu.c.obj)
 .text.mpu_configure_regions
                0x0000000000006ea0      0x100 zephyr/arch/arch/arm/core/mpu/libarch__arm__core__mpu.a(nxp_mpu.c.obj)
 .text.arm_core_mpu_enable
                0x0000000000006fa0       0x18 zephyr/arch/arch/arm/core/mpu/libarch__arm__core__mpu.a(nxp_mpu.c.obj)
                0x0000000000006fa0                arm_core_mpu_enable
 .text.arm_core_mpu_disable
                0x0000000000006fb8       0x1c zephyr/arch/arch/arm/core/mpu/libarch__arm__core__mpu.a(nxp_mpu.c.obj)
                0x0000000000006fb8                arm_core_mpu_disable
 .text.arm_core_mpu_configure_static_mpu_regions
                0x0000000000006fd4       0x14 zephyr/arch/arch/arm/core/mpu/libarch__arm__core__mpu.a(nxp_mpu.c.obj)
                0x0000000000006fd4                arm_core_mpu_configure_static_mpu_regions
 .text.arm_core_mpu_configure_dynamic_mpu_regions
                0x0000000000006fe8       0x80 zephyr/arch/arch/arm/core/mpu/libarch__arm__core__mpu.a(nxp_mpu.c.obj)
                0x0000000000006fe8                arm_core_mpu_configure_dynamic_mpu_regions
 .text.z_arm_mpu_init
                0x0000000000007068       0xe8 zephyr/arch/arch/arm/core/mpu/libarch__arm__core__mpu.a(nxp_mpu.c.obj)
                0x0000000000007068                z_arm_mpu_init
 .text.__stdout_hook_install
                0x0000000000007150        0xc zephyr/lib/libc/newlib/liblib__libc__newlib.a(libc-hooks.c.obj)
                0x0000000000007150                __stdout_hook_install
 .text.z_impl_zephyr_read_stdin
                0x000000000000715c       0x28 zephyr/lib/libc/newlib/liblib__libc__newlib.a(libc-hooks.c.obj)
                0x000000000000715c                z_impl_zephyr_read_stdin
 .text.z_impl_zephyr_write_stdout
                0x0000000000007184       0x30 zephyr/lib/libc/newlib/liblib__libc__newlib.a(libc-hooks.c.obj)
                0x0000000000007184                z_impl_zephyr_write_stdout
 .text._sbrk    0x00000000000071b4       0x28 zephyr/lib/libc/newlib/liblib__libc__newlib.a(libc-hooks.c.obj)
                0x00000000000071b4                sbrk
                0x00000000000071b4                _sbrk
 .text.abort    0x00000000000071dc       0x1c zephyr/lib/libc/common/liblib__libc__common.a(abort.c.obj)
                0x00000000000071dc                abort
 .text.adc_gain_invert
                0x00000000000071f8       0x2c zephyr/drivers/adc/libdrivers__adc.a(adc_common.c.obj)
                0x00000000000071f8                adc_gain_invert
 .text.mcux_adc16_channel_setup
                0x0000000000007224       0x3c zephyr/drivers/adc/libdrivers__adc.a(adc_mcux_adc16.c.obj)
 .text.mcux_adc16_read
                0x0000000000007260      0x15c zephyr/drivers/adc/libdrivers__adc.a(adc_mcux_adc16.c.obj)
 .text.mcux_mcg_get_rate.part.0
                0x00000000000073bc       0x1c zephyr/drivers/clock_control/libdrivers__clock_control.a(clock_control_mcux_mcg.c.obj)
 .text.uart_console_init
                0x00000000000073d8       0x28 zephyr/drivers/console/libdrivers__console.a(uart_console.c.obj)
 .text.console_out
                0x0000000000007400       0x28 zephyr/drivers/console/libdrivers__console.a(uart_console.c.obj)
 .text.i2c_mcux_configure
                0x0000000000007428       0x5c zephyr/drivers/i2c/libdrivers__i2c.a(i2c_mcux.c.obj)
 .text.i2c_mcux_init
                0x0000000000007484       0xec zephyr/drivers/i2c/libdrivers__i2c.a(i2c_mcux.c.obj)
 .text.pinctrl_mcux_init.part.0
                0x0000000000007570       0x1c zephyr/drivers/pinctrl/libdrivers__pinctrl.a(pinctrl_nxp_port.c.obj)
 .text.pinctrl_mcux_init
                0x000000000000758c       0x44 zephyr/drivers/pinctrl/libdrivers__pinctrl.a(pinctrl_nxp_port.c.obj)
 .text.pinctrl_configure_pins
                0x00000000000075d0       0x40 zephyr/drivers/pinctrl/libdrivers__pinctrl.a(pinctrl_nxp_port.c.obj)
                0x00000000000075d0                pinctrl_configure_pins
 .text.dht_channel_get
                0x0000000000007610       0x78 zephyr/drivers/sensor/aosong/dht/libdrivers__sensor__aosong__dht.a(dht.c.obj)
 .text.dht_init.part.0
                0x0000000000007688       0x1c zephyr/drivers/sensor/aosong/dht/libdrivers__sensor__aosong__dht.a(dht.c.obj)
 .text.dht_sample_fetch
                0x00000000000076a4      0x158 zephyr/drivers/sensor/aosong/dht/libdrivers__sensor__aosong__dht.a(dht.c.obj)
 .text.fxos8700_get_power.part.0
                0x00000000000077fc       0x18 zephyr/drivers/sensor/nxp/fxos8700/libdrivers__sensor__nxp__fxos8700.a(fxos8700.c.obj)
 .text.fxos8700_channel_get
                0x0000000000007814      0x150 zephyr/drivers/sensor/nxp/fxos8700/libdrivers__sensor__nxp__fxos8700.a(fxos8700.c.obj)
 .text.fxos8700_sample_fetch
                0x0000000000007964       0x94 zephyr/drivers/sensor/nxp/fxos8700/libdrivers__sensor__nxp__fxos8700.a(fxos8700.c.obj)
 .text.fxos8700_set_odr
                0x00000000000079f8      0x108 zephyr/drivers/sensor/nxp/fxos8700/libdrivers__sensor__nxp__fxos8700.a(fxos8700.c.obj)
 .text.fxos8700_init
                0x0000000000007b00      0x21c zephyr/drivers/sensor/nxp/fxos8700/libdrivers__sensor__nxp__fxos8700.a(fxos8700.c.obj)
 .text.temp_kinetis_init
                0x0000000000007d1c       0x98 zephyr/drivers/sensor/nxp/nxp_kinetis_temp/libdrivers__sensor__nxp__nxp_kinetis_temp.a(temp_kinetis.c.obj)
 .text.temp_kinetis_sample_fetch
                0x0000000000007db4       0x78 zephyr/drivers/sensor/nxp/nxp_kinetis_temp/libdrivers__sensor__nxp__nxp_kinetis_temp.a(temp_kinetis.c.obj)
 .text.bh1750_init
                0x0000000000007e2c       0xb8 zephyr/drivers/sensor/rohm/bh1750/libdrivers__sensor__rohm__bh1750.a(bh1750.c.obj)
 .text.bh1750_sample_fetch
                0x0000000000007ee4      0x100 zephyr/drivers/sensor/rohm/bh1750/libdrivers__sensor__rohm__bh1750.a(bh1750.c.obj)
 .text.lm35_channel_get
                0x0000000000007fe4       0x4c zephyr/drivers/sensor/lm35/libdrivers__sensor__lm35.a(lm35.c.obj)
 .text.lm35_init.part.0
                0x0000000000008030       0x1c zephyr/drivers/sensor/lm35/libdrivers__sensor__lm35.a(lm35.c.obj)
 .text.spi_mcux_init
                0x000000000000804c       0xe0 zephyr/drivers/spi/libdrivers__spi.a(spi_mcux_dspi.c.obj)
 .text.spi_mcux_transfer_next_packet
                0x000000000000812c      0x104 zephyr/drivers/spi/libdrivers__spi.a(spi_mcux_dspi.c.obj)
 .text.spi_mcux_master_transfer_callback
                0x0000000000008230       0xac zephyr/drivers/spi/libdrivers__spi.a(spi_mcux_dspi.c.obj)
 .text.spi_mcux_transceive
                0x00000000000082dc      0x268 zephyr/drivers/spi/libdrivers__spi.a(spi_mcux_dspi.c.obj)
 .text.elapsed  0x0000000000008544       0x4c zephyr/drivers/timer/libdrivers__timer.a(cortex_m_systick.c.obj)
 .text.sys_clock_driver_init
                0x0000000000008590       0x38 zephyr/drivers/timer/libdrivers__timer.a(cortex_m_systick.c.obj)
 .text.sys_clock_isr
                0x00000000000085c8       0x60 zephyr/drivers/timer/libdrivers__timer.a(cortex_m_systick.c.obj)
                0x00000000000085c8                sys_clock_isr
 .text.sys_clock_set_timeout
                0x0000000000008628       0xf8 zephyr/drivers/timer/libdrivers__timer.a(cortex_m_systick.c.obj)
                0x0000000000008628                sys_clock_set_timeout
 .text.sys_clock_elapsed
                0x0000000000008720       0x3c zephyr/drivers/timer/libdrivers__timer.a(cortex_m_systick.c.obj)
                0x0000000000008720                sys_clock_elapsed
 .text.sys_clock_cycle_get_32
                0x000000000000875c       0x28 zephyr/drivers/timer/libdrivers__timer.a(cortex_m_systick.c.obj)
                0x000000000000875c                sys_clock_cycle_get_32
 .text.CLOCK_GetMcgExtClkFreq
                0x0000000000008784       0x34 modules/hal_nxp/libmodules__hal_nxp.a(fsl_clock.c.obj)
 .text.CLOCK_GetFllRefClkFreq
                0x00000000000087b8       0x54 modules/hal_nxp/libmodules__hal_nxp.a(fsl_clock.c.obj)
 .text.CLOCK_GetInternalRefClkSelectFreq
                0x000000000000880c       0x28 modules/hal_nxp/libmodules__hal_nxp.a(fsl_clock.c.obj)
 .text.CLOCK_GetOsc0ErClkFreq
                0x0000000000008834       0x18 modules/hal_nxp/libmodules__hal_nxp.a(fsl_clock.c.obj)
                0x0000000000008834                CLOCK_GetOsc0ErClkFreq
 .text.CLOCK_GetEr32kClkFreq
                0x000000000000884c       0x3c modules/hal_nxp/libmodules__hal_nxp.a(fsl_clock.c.obj)
                0x000000000000884c                CLOCK_GetEr32kClkFreq
 .text.CLOCK_SetSimConfig
                0x0000000000008888       0x38 modules/hal_nxp/libmodules__hal_nxp.a(fsl_clock.c.obj)
                0x0000000000008888                CLOCK_SetSimConfig
 .text.CLOCK_GetFllFreq
                0x00000000000088c0       0x3c modules/hal_nxp/libmodules__hal_nxp.a(fsl_clock.c.obj)
                0x00000000000088c0                CLOCK_GetFllFreq
 .text.CLOCK_GetInternalRefClkFreq
                0x00000000000088fc       0x14 modules/hal_nxp/libmodules__hal_nxp.a(fsl_clock.c.obj)
                0x00000000000088fc                CLOCK_GetInternalRefClkFreq
 .text.CLOCK_GetPll0Freq
                0x0000000000008910       0x2c modules/hal_nxp/libmodules__hal_nxp.a(fsl_clock.c.obj)
                0x0000000000008910                CLOCK_GetPll0Freq
 .text.CLOCK_GetPllFllSelClkFreq
                0x000000000000893c       0x2c modules/hal_nxp/libmodules__hal_nxp.a(fsl_clock.c.obj)
                0x000000000000893c                CLOCK_GetPllFllSelClkFreq
 .text.CLOCK_GetOutClkFreq
                0x0000000000008968       0x28 modules/hal_nxp/libmodules__hal_nxp.a(fsl_clock.c.obj)
                0x0000000000008968                CLOCK_GetOutClkFreq
 .text.CLOCK_GetFreq
                0x0000000000008990       0xa8 modules/hal_nxp/libmodules__hal_nxp.a(fsl_clock.c.obj)
                0x0000000000008990                CLOCK_GetFreq
 .text.CLOCK_SetExternalRefClkConfig
                0x0000000000008a38       0x38 modules/hal_nxp/libmodules__hal_nxp.a(fsl_clock.c.obj)
                0x0000000000008a38                CLOCK_SetExternalRefClkConfig
 .text.CLOCK_SetInternalRefClkConfig
                0x0000000000008a70       0x80 modules/hal_nxp/libmodules__hal_nxp.a(fsl_clock.c.obj)
                0x0000000000008a70                CLOCK_SetInternalRefClkConfig
 .text.CLOCK_EnablePll0
                0x0000000000008af0       0x34 modules/hal_nxp/libmodules__hal_nxp.a(fsl_clock.c.obj)
                0x0000000000008af0                CLOCK_EnablePll0
 .text.CLOCK_InitOsc0
                0x0000000000008b24       0x64 modules/hal_nxp/libmodules__hal_nxp.a(fsl_clock.c.obj)
                0x0000000000008b24                CLOCK_InitOsc0
 .text.CLOCK_SetPbeMode
                0x0000000000008b88       0x50 modules/hal_nxp/libmodules__hal_nxp.a(fsl_clock.c.obj)
                0x0000000000008b88                CLOCK_SetPbeMode
 .text.CLOCK_BootToPeeMode
                0x0000000000008bd8       0x30 modules/hal_nxp/libmodules__hal_nxp.a(fsl_clock.c.obj)
                0x0000000000008bd8                CLOCK_BootToPeeMode
 .text.SystemInit
                0x0000000000008c08       0x34 modules/hal_nxp/libmodules__hal_nxp.a(system_MK64F12.c.obj)
                0x0000000000008c08                SystemInit
 .text.ADC16_Init
                0x0000000000008c3c       0xb8 modules/hal_nxp/libmodules__hal_nxp.a(fsl_adc16.c.obj)
                0x0000000000008c3c                ADC16_Init
 .text.__NVIC_EnableIRQ
                0x0000000000008cf4       0x1c modules/hal_nxp/libmodules__hal_nxp.a(fsl_dspi.c.obj)
 .text.DSPI_GetInstance
                0x0000000000008d10       0x28 modules/hal_nxp/libmodules__hal_nxp.a(fsl_dspi.c.obj)
                0x0000000000008d10                DSPI_GetInstance
 .text.DSPI_GetDummyDataInstance
                0x0000000000008d38       0x10 modules/hal_nxp/libmodules__hal_nxp.a(fsl_dspi.c.obj)
                0x0000000000008d38                DSPI_GetDummyDataInstance
 .text.DSPI_SetDummyData
                0x0000000000008d48       0x10 modules/hal_nxp/libmodules__hal_nxp.a(fsl_dspi.c.obj)
                0x0000000000008d48                DSPI_SetDummyData
 .text.DSPI_MasterGetDefaultConfig
                0x0000000000008d58       0x2c modules/hal_nxp/libmodules__hal_nxp.a(fsl_dspi.c.obj)
                0x0000000000008d58                DSPI_MasterGetDefaultConfig
 .text.DSPI_MasterSetBaudRate
                0x0000000000008d84       0xd8 modules/hal_nxp/libmodules__hal_nxp.a(fsl_dspi.c.obj)
                0x0000000000008d84                DSPI_MasterSetBaudRate
 .text.DSPI_MasterSetDelayTimes
                0x0000000000008e5c       0xbc modules/hal_nxp/libmodules__hal_nxp.a(fsl_dspi.c.obj)
                0x0000000000008e5c                DSPI_MasterSetDelayTimes
 .text.DSPI_MasterInit
                0x0000000000008f18      0x110 modules/hal_nxp/libmodules__hal_nxp.a(fsl_dspi.c.obj)
                0x0000000000008f18                DSPI_MasterInit
 .text.DSPI_MasterTransferCreateHandle
                0x0000000000009028       0x2c modules/hal_nxp/libmodules__hal_nxp.a(fsl_dspi.c.obj)
                0x0000000000009028                DSPI_MasterTransferCreateHandle
 .text.DSPI_MasterTransferNonBlocking
                0x0000000000009054      0x148 modules/hal_nxp/libmodules__hal_nxp.a(fsl_dspi.c.obj)
                0x0000000000009054                DSPI_MasterTransferNonBlocking
 .text.__NVIC_EnableIRQ
                0x000000000000919c       0x1c modules/hal_nxp/libmodules__hal_nxp.a(fsl_i2c.c.obj)
 .text.I2C_GetInstance
                0x00000000000091b8       0x28 modules/hal_nxp/libmodules__hal_nxp.a(fsl_i2c.c.obj)
                0x00000000000091b8                I2C_GetInstance
 .text.I2C_MasterGetDefaultConfig
                0x00000000000091e0       0x18 modules/hal_nxp/libmodules__hal_nxp.a(fsl_i2c.c.obj)
                0x00000000000091e0                I2C_MasterGetDefaultConfig
 .text.I2C_MasterSetBaudRate
                0x00000000000091f8       0x60 modules/hal_nxp/libmodules__hal_nxp.a(fsl_i2c.c.obj)
                0x00000000000091f8                I2C_MasterSetBaudRate
 .text.I2C_MasterInit
                0x0000000000009258       0x84 modules/hal_nxp/libmodules__hal_nxp.a(fsl_i2c.c.obj)
                0x0000000000009258                I2C_MasterInit
 .text.I2C_MasterTransferCreateHandle
                0x00000000000092dc       0x4c modules/hal_nxp/libmodules__hal_nxp.a(fsl_i2c.c.obj)
                0x00000000000092dc                I2C_MasterTransferCreateHandle
 .text.UART_GetInstance
                0x0000000000009328       0x4c modules/hal_nxp/libmodules__hal_nxp.a(fsl_uart.c.obj)
                0x0000000000009328                UART_GetInstance
 .text.UART_Init
                0x0000000000009374      0x104 modules/hal_nxp/libmodules__hal_nxp.a(fsl_uart.c.obj)
                0x0000000000009374                UART_Init
 .text.k_sys_fatal_error_handler
                0x0000000000009478       0x20 zephyr/kernel/libkernel.a(fatal.c.obj)
                0x0000000000009478                k_sys_fatal_error_handler
 .text.z_fatal_error
                0x0000000000009498       0xe8 zephyr/kernel/libkernel.a(fatal.c.obj)
                0x0000000000009498                z_fatal_error
 .text.z_sys_init_run_level
                0x0000000000009580       0x30 zephyr/kernel/libkernel.a(init.c.obj)
 .text.bg_thread_main
                0x00000000000095b0       0xc0 zephyr/kernel/libkernel.a(init.c.obj)
 .text.z_bss_zero
                0x0000000000009670       0x18 zephyr/kernel/libkernel.a(init.c.obj)
                0x0000000000009670                z_bss_zero
 .text.z_init_cpu
                0x0000000000009688       0x6c zephyr/kernel/libkernel.a(init.c.obj)
                0x0000000000009688                z_init_cpu
 .text.z_cstart
                0x00000000000096f4       0xd4 zephyr/kernel/libkernel.a(init.c.obj)
                0x00000000000096f4                z_cstart
 .text.z_impl_k_mutex_lock
                0x00000000000097c8       0xf0 zephyr/kernel/libkernel.a(mutex.c.obj)
                0x00000000000097c8                z_impl_k_mutex_lock
 .text.z_impl_k_mutex_unlock
                0x00000000000098b8       0xa0 zephyr/kernel/libkernel.a(mutex.c.obj)
                0x00000000000098b8                z_impl_k_mutex_unlock
 .text.z_impl_k_sem_give
                0x0000000000009958       0x68 zephyr/kernel/libkernel.a(sem.c.obj)
                0x0000000000009958                z_impl_k_sem_give
 .text.z_impl_k_sem_take
                0x00000000000099c0       0x4c zephyr/kernel/libkernel.a(sem.c.obj)
                0x00000000000099c0                z_impl_k_sem_take
 .text.z_setup_new_thread
                0x0000000000009a0c       0x7c zephyr/kernel/libkernel.a(thread.c.obj)
                0x0000000000009a0c                z_setup_new_thread
 .text.z_impl_k_thread_create
                0x0000000000009a88       0x58 zephyr/kernel/libkernel.a(thread.c.obj)
                0x0000000000009a88                z_impl_k_thread_create
 .text.z_dummy_thread_init
                0x0000000000009ae0       0x18 zephyr/kernel/libkernel.a(thread.c.obj)
                0x0000000000009ae0                z_dummy_thread_init
 .text.z_swap_irqlock
                0x0000000000009af8       0x30 zephyr/kernel/libkernel.a(sched.c.obj)
 .text.ready_thread
                0x0000000000009b28       0x84 zephyr/kernel/libkernel.a(sched.c.obj)
 .text.unready_thread
                0x0000000000009bac       0x54 zephyr/kernel/libkernel.a(sched.c.obj)
 .text.add_thread_timeout
                0x0000000000009c00       0x1c zephyr/kernel/libkernel.a(sched.c.obj)
 .text.move_thread_to_end_of_prio_q
                0x0000000000009c1c       0x90 zephyr/kernel/libkernel.a(sched.c.obj)
                0x0000000000009c1c                move_thread_to_end_of_prio_q
 .text.z_pend_curr
                0x0000000000009cac       0x44 zephyr/kernel/libkernel.a(sched.c.obj)
                0x0000000000009cac                z_pend_curr
 .text.z_thread_prio_set
                0x0000000000009cf0       0xe4 zephyr/kernel/libkernel.a(sched.c.obj)
                0x0000000000009cf0                z_thread_prio_set
 .text.z_reschedule
                0x0000000000009dd4       0x24 zephyr/kernel/libkernel.a(sched.c.obj)
                0x0000000000009dd4                z_reschedule
 .text.z_reschedule_irqlock
                0x0000000000009df8       0x28 zephyr/kernel/libkernel.a(sched.c.obj)
                0x0000000000009df8                z_reschedule_irqlock
 .text.k_sched_lock
                0x0000000000009e20       0x28 zephyr/kernel/libkernel.a(sched.c.obj)
                0x0000000000009e20                k_sched_lock
 .text.k_sched_unlock
                0x0000000000009e48       0x68 zephyr/kernel/libkernel.a(sched.c.obj)
                0x0000000000009e48                k_sched_unlock
 .text.z_sched_init
                0x0000000000009eb0       0x10 zephyr/kernel/libkernel.a(sched.c.obj)
                0x0000000000009eb0                z_sched_init
 .text.z_impl_k_yield
                0x0000000000009ec0       0x88 zephyr/kernel/libkernel.a(sched.c.obj)
                0x0000000000009ec0                z_impl_k_yield
 .text.z_tick_sleep
                0x0000000000009f48       0x78 zephyr/kernel/libkernel.a(sched.c.obj)
 .text.z_impl_k_wakeup
                0x0000000000009fc0       0x48 zephyr/kernel/libkernel.a(sched.c.obj)
                0x0000000000009fc0                z_impl_k_wakeup
 .text.z_impl_k_sched_current_thread_query
                0x000000000000a008        0xc zephyr/kernel/libkernel.a(sched.c.obj)
                0x000000000000a008                z_impl_k_sched_current_thread_query
 .text.z_thread_abort
                0x000000000000a014      0x140 zephyr/kernel/libkernel.a(sched.c.obj)
                0x000000000000a014                z_thread_abort
 .text.slice_timeout
                0x000000000000a154       0x20 zephyr/kernel/libkernel.a(timeslicing.c.obj)
 .text.thread_is_sliceable
                0x000000000000a174       0x3c zephyr/kernel/libkernel.a(timeslicing.c.obj)
                0x000000000000a174                thread_is_sliceable
 .text.z_reset_time_slice
                0x000000000000a1b0       0x50 zephyr/kernel/libkernel.a(timeslicing.c.obj)
                0x000000000000a1b0                z_reset_time_slice
 .text.z_time_slice
                0x000000000000a200       0x60 zephyr/kernel/libkernel.a(timeslicing.c.obj)
                0x000000000000a200                z_time_slice
 .text.z_data_copy
                0x000000000000a260       0x38 zephyr/kernel/libkernel.a(xip.c.obj)
                0x000000000000a260                z_data_copy
 .text.first    0x000000000000a298       0x10 zephyr/kernel/libkernel.a(timeout.c.obj)
 .text.elapsed  0x000000000000a2a8       0x14 zephyr/kernel/libkernel.a(timeout.c.obj)
 .text.remove_timeout
                0x000000000000a2bc       0x38 zephyr/kernel/libkernel.a(timeout.c.obj)
 .text.z_add_timeout
                0x000000000000a2f4      0x120 zephyr/kernel/libkernel.a(timeout.c.obj)
                0x000000000000a2f4                z_add_timeout
 .text.sys_clock_announce
                0x000000000000a414       0xb4 zephyr/kernel/libkernel.a(timeout.c.obj)
                0x000000000000a414                sys_clock_announce
 .text.sys_clock_tick_get
                0x000000000000a4c8       0x30 zephyr/kernel/libkernel.a(timeout.c.obj)
                0x000000000000a4c8                sys_clock_tick_get
 .text.z_timer_expiration_handler
                0x000000000000a4f8      0x110 zephyr/kernel/libkernel.a(timer.c.obj)
                0x000000000000a4f8                z_timer_expiration_handler
 .text.z_impl_k_timer_start
                0x000000000000a608       0x70 zephyr/kernel/libkernel.a(timer.c.obj)
                0x000000000000a608                z_impl_k_timer_start
 .text.boot_banner
                0x000000000000a678        0xc zephyr/kernel/libkernel.a(banner.c.obj)
                0x000000000000a678                boot_banner
 .text.malloc   0x000000000000a684       0x10 C:/Users/mauri/zephyr-sdk-0.17.4/arm-zephyr-eabi/arm-zephyr-eabi/lib/thumb/v7e-m+fp/hard\libc.a(lib_a-malloc.o)
                0x000000000000a684                malloc
 .text.free     0x000000000000a694       0x10 C:/Users/mauri/zephyr-sdk-0.17.4/arm-zephyr-eabi/arm-zephyr-eabi/lib/thumb/v7e-m+fp/hard\libc.a(lib_a-malloc.o)
                0x000000000000a694                free
 .text._malloc_r
                0x000000000000a6a4      0x578 C:/Users/mauri/zephyr-sdk-0.17.4/arm-zephyr-eabi/arm-zephyr-eabi/lib/thumb/v7e-m+fp/hard\libc.a(lib_a-mallocr.o)
                0x000000000000a6a4                _malloc_r
 .text.memset   0x000000000000ac1c       0xa4 C:/Users/mauri/zephyr-sdk-0.17.4/arm-zephyr-eabi/arm-zephyr-eabi/lib/thumb/v7e-m+fp/hard\libc.a(lib_a-memset.o)
                0x000000000000ac1c                memset
 .text.__malloc_lock
                0x000000000000acc0        0xc C:/Users/mauri/zephyr-sdk-0.17.4/arm-zephyr-eabi/arm-zephyr-eabi/lib/thumb/v7e-m+fp/hard\libc.a(lib_a-mlock.o)
                0x000000000000acc0                __malloc_lock
 .text.__malloc_unlock
                0x000000000000accc        0xc C:/Users/mauri/zephyr-sdk-0.17.4/arm-zephyr-eabi/arm-zephyr-eabi/lib/thumb/v7e-m+fp/hard\libc.a(lib_a-mlock.o)
                0x000000000000accc                __malloc_unlock
 .text._sbrk_r  0x000000000000acd8       0x24 C:/Users/mauri/zephyr-sdk-0.17.4/arm-zephyr-eabi/arm-zephyr-eabi/lib/thumb/v7e-m+fp/hard\libc.a(lib_a-sbrkr.o)
                0x000000000000acd8                _sbrk_r
 .text.snprintf
                0x000000000000acfc       0x88 C:/Users/mauri/zephyr-sdk-0.17.4/arm-zephyr-eabi/arm-zephyr-eabi/lib/thumb/v7e-m+fp/hard\libc.a(lib_a-snprintf.o)
                0x000000000000acfc                snprintf
 .text.strcpy   0x000000000000ad84       0xbc C:/Users/mauri/zephyr-sdk-0.17.4/arm-zephyr-eabi/arm-zephyr-eabi/lib/thumb/v7e-m+fp/hard\libc.a(lib_a-strcpy.o)
                0x000000000000ad84                strcpy
 .text.strnlen  0x000000000000ae40       0x24 C:/Users/mauri/zephyr-sdk-0.17.4/arm-zephyr-eabi/arm-zephyr-eabi/lib/thumb/v7e-m+fp/hard\libc.a(lib_a-strnlen.o)
                0x000000000000ae40                strnlen
 .text.quorem   0x000000000000ae64      0x12c C:/Users/mauri/zephyr-sdk-0.17.4/arm-zephyr-eabi/arm-zephyr-eabi/lib/thumb/v7e-m+fp/hard\libc.a(lib_a-dtoa.o)
 .text._malloc_trim_r
                0x000000000000af90       0x9c C:/Users/mauri/zephyr-sdk-0.17.4/arm-zephyr-eabi/arm-zephyr-eabi/lib/thumb/v7e-m+fp/hard\libc.a(lib_a-freer.o)
                0x000000000000af90                _malloc_trim_r
 .text._free_r  0x000000000000b02c      0x1fc C:/Users/mauri/zephyr-sdk-0.17.4/arm-zephyr-eabi/arm-zephyr-eabi/lib/thumb/v7e-m+fp/hard\libc.a(lib_a-freer.o)
                0x000000000000b02c                _free_r
 .text._localeconv_r
                0x000000000000b228        0x8 C:/Users/mauri/zephyr-sdk-0.17.4/arm-zephyr-eabi/arm-zephyr-eabi/lib/thumb/v7e-m+fp/hard\libc.a(lib_a-localeconv.o)
                0x000000000000b228                _localeconv_r
 .text._Balloc  0x000000000000b230       0x4c C:/Users/mauri/zephyr-sdk-0.17.4/arm-zephyr-eabi/arm-zephyr-eabi/lib/thumb/v7e-m+fp/hard\libc.a(lib_a-mprec.o)
                0x000000000000b230                _Balloc
 .text._Bfree   0x000000000000b27c       0x14 C:/Users/mauri/zephyr-sdk-0.17.4/arm-zephyr-eabi/arm-zephyr-eabi/lib/thumb/v7e-m+fp/hard\libc.a(lib_a-mprec.o)
                0x000000000000b27c                _Bfree
 .text.__multadd
                0x000000000000b290       0xa0 C:/Users/mauri/zephyr-sdk-0.17.4/arm-zephyr-eabi/arm-zephyr-eabi/lib/thumb/v7e-m+fp/hard\libc.a(lib_a-mprec.o)
                0x000000000000b290                __multadd
 .text.__hi0bits
                0x000000000000b330       0x44 C:/Users/mauri/zephyr-sdk-0.17.4/arm-zephyr-eabi/arm-zephyr-eabi/lib/thumb/v7e-m+fp/hard\libc.a(lib_a-mprec.o)
                0x000000000000b330                __hi0bits
 .text.__lo0bits
                0x000000000000b374       0x60 C:/Users/mauri/zephyr-sdk-0.17.4/arm-zephyr-eabi/arm-zephyr-eabi/lib/thumb/v7e-m+fp/hard\libc.a(lib_a-mprec.o)
                0x000000000000b374                __lo0bits
 .text.__i2b    0x000000000000b3d4       0x5c C:/Users/mauri/zephyr-sdk-0.17.4/arm-zephyr-eabi/arm-zephyr-eabi/lib/thumb/v7e-m+fp/hard\libc.a(lib_a-mprec.o)
                0x000000000000b3d4                __i2b
 .text.__multiply
                0x000000000000b430      0x16c C:/Users/mauri/zephyr-sdk-0.17.4/arm-zephyr-eabi/arm-zephyr-eabi/lib/thumb/v7e-m+fp/hard\libc.a(lib_a-mprec.o)
                0x000000000000b430                __multiply
 .text.__pow5mult
                0x000000000000b59c       0xb4 C:/Users/mauri/zephyr-sdk-0.17.4/arm-zephyr-eabi/arm-zephyr-eabi/lib/thumb/v7e-m+fp/hard\libc.a(lib_a-mprec.o)
                0x000000000000b59c                __pow5mult
 .text.__lshift
                0x000000000000b650       0xf0 C:/Users/mauri/zephyr-sdk-0.17.4/arm-zephyr-eabi/arm-zephyr-eabi/lib/thumb/v7e-m+fp/hard\libc.a(lib_a-mprec.o)
                0x000000000000b650                __lshift
 .text.__mcmp   0x000000000000b740       0x44 C:/Users/mauri/zephyr-sdk-0.17.4/arm-zephyr-eabi/arm-zephyr-eabi/lib/thumb/v7e-m+fp/hard\libc.a(lib_a-mprec.o)
                0x000000000000b740                __mcmp
 .text.__mdiff  0x000000000000b784      0x164 C:/Users/mauri/zephyr-sdk-0.17.4/arm-zephyr-eabi/arm-zephyr-eabi/lib/thumb/v7e-m+fp/hard\libc.a(lib_a-mprec.o)
                0x000000000000b784                __mdiff
 .text.__d2b    0x000000000000b8e8       0xc0 C:/Users/mauri/zephyr-sdk-0.17.4/arm-zephyr-eabi/arm-zephyr-eabi/lib/thumb/v7e-m+fp/hard\libc.a(lib_a-mprec.o)
                0x000000000000b8e8                __d2b
 .text.frexp    0x000000000000b9a8       0x68 C:/Users/mauri/zephyr-sdk-0.17.4/arm-zephyr-eabi/arm-zephyr-eabi/lib/thumb/v7e-m+fp/hard\libc.a(lib_a-s_frexp.o)
                0x000000000000b9a8                frexp
 .text.strncpy  0x000000000000ba10       0x68 C:/Users/mauri/zephyr-sdk-0.17.4/arm-zephyr-eabi/arm-zephyr-eabi/lib/thumb/v7e-m+fp/hard\libc.a(lib_a-strncpy.o)
                0x000000000000ba10                strncpy
 .text.__ssprint_r
                0x000000000000ba78      0x108 C:/Users/mauri/zephyr-sdk-0.17.4/arm-zephyr-eabi/arm-zephyr-eabi/lib/thumb/v7e-m+fp/hard\libc.a(lib_a-svfiprintf.o)
                0x000000000000ba78                __ssprint_r
 .text.__assert_func
                0x000000000000bb80       0x40 C:/Users/mauri/zephyr-sdk-0.17.4/arm-zephyr-eabi/arm-zephyr-eabi/lib/thumb/v7e-m+fp/hard\libc.a(lib_a-assert.o)
                0x000000000000bb80                __assert_func
 .text._calloc_r
                0x000000000000bbc0       0x60 C:/Users/mauri/zephyr-sdk-0.17.4/arm-zephyr-eabi/arm-zephyr-eabi/lib/thumb/v7e-m+fp/hard\libc.a(lib_a-callocr.o)
                0x000000000000bbc0                _calloc_r
 .text.fiprintf
                0x000000000000bc20       0x28 C:/Users/mauri/zephyr-sdk-0.17.4/arm-zephyr-eabi/arm-zephyr-eabi/lib/thumb/v7e-m+fp/hard\libc.a(lib_a-fiprintf.o)
                0x000000000000bc20                fiprintf
 .text.__ascii_mbtowc
                0x000000000000bc48       0x2c C:/Users/mauri/zephyr-sdk-0.17.4/arm-zephyr-eabi/arm-zephyr-eabi/lib/thumb/v7e-m+fp/hard\libc.a(lib_a-mbtowc_r.o)
                0x000000000000bc48                __ascii_mbtowc
 .text.memmove  0x000000000000bc74      0x100 C:/Users/mauri/zephyr-sdk-0.17.4/arm-zephyr-eabi/arm-zephyr-eabi/lib/thumb/v7e-m+fp/hard\libc.a(lib_a-memmove.o)
                0x000000000000bc74                memmove
 .text._realloc_r
                0x000000000000bd74      0x344 C:/Users/mauri/zephyr-sdk-0.17.4/arm-zephyr-eabi/arm-zephyr-eabi/lib/thumb/v7e-m+fp/hard\libc.a(lib_a-reallocr.o)
                0x000000000000bd74                _realloc_r
 .text._vfiprintf_r
                0x000000000000c0b8      0xd94 C:/Users/mauri/zephyr-sdk-0.17.4/arm-zephyr-eabi/arm-zephyr-eabi/lib/thumb/v7e-m+fp/hard\libc.a(lib_a-vfiprintf.o)
                0x000000000000c0b8                _vfiprintf_r
 .text.__sbprintf
                0x000000000000ce4c       0x80 C:/Users/mauri/zephyr-sdk-0.17.4/arm-zephyr-eabi/arm-zephyr-eabi/lib/thumb/v7e-m+fp/hard\libc.a(lib_a-vfiprintf.o)
 .text.__ascii_wctomb
                0x000000000000cecc       0x1c C:/Users/mauri/zephyr-sdk-0.17.4/arm-zephyr-eabi/arm-zephyr-eabi/lib/thumb/v7e-m+fp/hard\libc.a(lib_a-wctomb_r.o)
                0x000000000000cecc                __ascii_wctomb
 .text.__swsetup_r
                0x000000000000cee8       0xc4 C:/Users/mauri/zephyr-sdk-0.17.4/arm-zephyr-eabi/arm-zephyr-eabi/lib/thumb/v7e-m+fp/hard\libc.a(lib_a-wsetup.o)
                0x000000000000cee8                __swsetup_r
 .text.__sflush_r
                0x000000000000cfac      0x120 C:/Users/mauri/zephyr-sdk-0.17.4/arm-zephyr-eabi/arm-zephyr-eabi/lib/thumb/v7e-m+fp/hard\libc.a(lib_a-fflush.o)
                0x000000000000cfac                __sflush_r
 .text._fflush_r
                0x000000000000d0cc       0x5c C:/Users/mauri/zephyr-sdk-0.17.4/arm-zephyr-eabi/arm-zephyr-eabi/lib/thumb/v7e-m+fp/hard\libc.a(lib_a-fflush.o)
                0x000000000000d0cc                _fflush_r
 .text._cleanup_r
                0x000000000000d128        0xc C:/Users/mauri/zephyr-sdk-0.17.4/arm-zephyr-eabi/arm-zephyr-eabi/lib/thumb/v7e-m+fp/hard\libc.a(lib_a-findfp.o)
                0x000000000000d128                _cleanup_r
 .text.__sinit  0x000000000000d134      0x10c C:/Users/mauri/zephyr-sdk-0.17.4/arm-zephyr-eabi/arm-zephyr-eabi/lib/thumb/v7e-m+fp/hard\libc.a(lib_a-findfp.o)
                0x000000000000d134                __sinit
 .text.__sfvwrite_r
                0x000000000000d240      0x300 C:/Users/mauri/zephyr-sdk-0.17.4/arm-zephyr-eabi/arm-zephyr-eabi/lib/thumb/v7e-m+fp/hard\libc.a(lib_a-fvwrite.o)
                0x000000000000d240                __sfvwrite_r
 .text._fwalk_reent
                0x000000000000d540       0x48 C:/Users/mauri/zephyr-sdk-0.17.4/arm-zephyr-eabi/arm-zephyr-eabi/lib/thumb/v7e-m+fp/hard\libc.a(lib_a-fwalk.o)
                0x000000000000d540                _fwalk_reent
 .text.__smakebuf_r
                0x000000000000d588       0xc4 C:/Users/mauri/zephyr-sdk-0.17.4/arm-zephyr-eabi/arm-zephyr-eabi/lib/thumb/v7e-m+fp/hard\libc.a(lib_a-makebuf.o)
                0x000000000000d588                __smakebuf_r
 .text.__sread  0x000000000000d64c       0x24 C:/Users/mauri/zephyr-sdk-0.17.4/arm-zephyr-eabi/arm-zephyr-eabi/lib/thumb/v7e-m+fp/hard\libc.a(lib_a-stdio.o)
                0x000000000000d64c                __sread
 .text.__swrite
                0x000000000000d670       0x40 C:/Users/mauri/zephyr-sdk-0.17.4/arm-zephyr-eabi/arm-zephyr-eabi/lib/thumb/v7e-m+fp/hard\libc.a(lib_a-stdio.o)
                0x000000000000d670                __swrite
 .text.__sseek  0x000000000000d6b0       0x24 C:/Users/mauri/zephyr-sdk-0.17.4/arm-zephyr-eabi/arm-zephyr-eabi/lib/thumb/v7e-m+fp/hard\libc.a(lib_a-stdio.o)
                0x000000000000d6b0                __sseek
 .text.__sclose
                0x000000000000d6d4        0x8 C:/Users/mauri/zephyr-sdk-0.17.4/arm-zephyr-eabi/arm-zephyr-eabi/lib/thumb/v7e-m+fp/hard\libc.a(lib_a-stdio.o)
                0x000000000000d6d4                __sclose
 .text._write_r
                0x000000000000d6dc       0x2c C:/Users/mauri/zephyr-sdk-0.17.4/arm-zephyr-eabi/arm-zephyr-eabi/lib/thumb/v7e-m+fp/hard\libc.a(lib_a-writer.o)
                0x000000000000d6dc                _write_r
 .text._close_r
                0x000000000000d708       0x24 C:/Users/mauri/zephyr-sdk-0.17.4/arm-zephyr-eabi/arm-zephyr-eabi/lib/thumb/v7e-m+fp/hard\libc.a(lib_a-closer.o)
                0x000000000000d708                _close_r
 .text._fstat_r
                0x000000000000d72c       0x2c C:/Users/mauri/zephyr-sdk-0.17.4/arm-zephyr-eabi/arm-zephyr-eabi/lib/thumb/v7e-m+fp/hard\libc.a(lib_a-fstatr.o)
                0x000000000000d72c                _fstat_r
 .text._isatty_r
                0x000000000000d758       0x24 C:/Users/mauri/zephyr-sdk-0.17.4/arm-zephyr-eabi/arm-zephyr-eabi/lib/thumb/v7e-m+fp/hard\libc.a(lib_a-isattyr.o)
                0x000000000000d758                _isatty_r
 .text._lseek_r
                0x000000000000d77c       0x2c C:/Users/mauri/zephyr-sdk-0.17.4/arm-zephyr-eabi/arm-zephyr-eabi/lib/thumb/v7e-m+fp/hard\libc.a(lib_a-lseekr.o)
                0x000000000000d77c                _lseek_r
 .text._read_r  0x000000000000d7a8       0x2c C:/Users/mauri/zephyr-sdk-0.17.4/arm-zephyr-eabi/arm-zephyr-eabi/lib/thumb/v7e-m+fp/hard\libc.a(lib_a-readr.o)
                0x000000000000d7a8                _read_r
 .text._OffsetAbsSyms
                0x000000000000d7d4        0x2 zephyr/CMakeFiles/offsets.dir/./arch/arm/core/offsets/offsets.c.obj
                0x000000000000d7d4                _OffsetAbsSyms
 .text.gpio_pin_set_dt.isra.0
                0x000000000000d7d6       0x28 app/libapp.a(spi_lcd_nokia.c.obj)
 .text.gpio_pin_configure_dt.constprop.0.isra.0
                0x000000000000d7fe       0x2e app/libapp.a(spi_lcd_nokia.c.obj)
 .text.LCD_nokia_bitmap
                0x000000000000d82c       0x18 app/libapp.a(spi_lcd_nokia.c.obj)
                0x000000000000d82c                LCD_nokia_bitmap
 .text.LCD_nokia_goto_xy
                0x000000000000d844       0x1c app/libapp.a(spi_lcd_nokia.c.obj)
                0x000000000000d844                LCD_nokia_goto_xy
 .text.LCD_nokia_clear
                0x000000000000d860       0x22 app/libapp.a(spi_lcd_nokia.c.obj)
                0x000000000000d860                LCD_nokia_clear
 .text.sensor_sample_fetch
                0x000000000000d882        0x8 app/libapp.a(sensor_manager.c.obj)
 .text.sensor_channel_get
                0x000000000000d88a        0x6 app/libapp.a(sensor_manager.c.obj)
 .text.z_log_msg_simple_create_1
                0x000000000000d890        0x4 app/libapp.a(sensor_manager.c.obj)
 .text.cbpprintf_external
                0x000000000000d894       0x62 zephyr/libzephyr.a(cbprintf_packaged.c.obj)
                0x000000000000d894                cbpprintf_external
 .text.is_ptr   0x000000000000d8f6       0x4a zephyr/libzephyr.a(cbprintf_packaged.c.obj)
                0x000000000000d8f6                is_ptr
 .text.arch_printk_char_out
                0x000000000000d940        0x4 zephyr/libzephyr.a(printk.c.obj)
                0x000000000000d940                arch_printk_char_out
 .text.str_out  0x000000000000d944       0x24 zephyr/libzephyr.a(printk.c.obj)
 .text.printk   0x000000000000d968       0x1a zephyr/libzephyr.a(printk.c.obj)
                0x000000000000d968                printk
 .text.snprintk
                0x000000000000d982       0x1a zephyr/libzephyr.a(printk.c.obj)
                0x000000000000d982                snprintk
 .text.z_thread_entry
                0x000000000000d99c       0x14 zephyr/libzephyr.a(thread_entry.c.obj)
                0x000000000000d99c                z_thread_entry
 .text._ldiv5   0x000000000000d9b0       0x30 zephyr/libzephyr.a(cbprintf_complete.c.obj)
 .text._get_digit
                0x000000000000d9e0       0x2e zephyr/libzephyr.a(cbprintf_complete.c.obj)
 .text.outs     0x000000000000da0e       0x2e zephyr/libzephyr.a(cbprintf_complete.c.obj)
 .text.free_space
                0x000000000000da3c       0x26 zephyr/libzephyr.a(mpsc_pbuf.c.obj)
 .text.get_usage
                0x000000000000da62       0x22 zephyr/libzephyr.a(mpsc_pbuf.c.obj)
 .text.idx_inc  0x000000000000da84       0x1c zephyr/libzephyr.a(mpsc_pbuf.c.obj)
 .text.rd_idx_inc
                0x000000000000daa0       0x18 zephyr/libzephyr.a(mpsc_pbuf.c.obj)
 .text.add_skip_item
                0x000000000000dab8       0x3a zephyr/libzephyr.a(mpsc_pbuf.c.obj)
 .text.drop_item_locked
                0x000000000000daf2       0xfe zephyr/libzephyr.a(mpsc_pbuf.c.obj)
 .text.post_drop_action
                0x000000000000dbf0       0x36 zephyr/libzephyr.a(mpsc_pbuf.c.obj)
 .text.max_utilization_update
                0x000000000000dc26       0x1a zephyr/libzephyr.a(mpsc_pbuf.c.obj)
 .text.mpsc_pbuf_init
                0x000000000000dc40       0x42 zephyr/libzephyr.a(mpsc_pbuf.c.obj)
                0x000000000000dc40                mpsc_pbuf_init
 .text.mpsc_pbuf_alloc
                0x000000000000dc82       0xfe zephyr/libzephyr.a(mpsc_pbuf.c.obj)
                0x000000000000dc82                mpsc_pbuf_alloc
 .text.mpsc_pbuf_commit
                0x000000000000dd80       0x3e zephyr/libzephyr.a(mpsc_pbuf.c.obj)
                0x000000000000dd80                mpsc_pbuf_commit
 .text.mpsc_pbuf_claim
                0x000000000000ddbe       0xa8 zephyr/libzephyr.a(mpsc_pbuf.c.obj)
                0x000000000000ddbe                mpsc_pbuf_claim
 .text.mpsc_pbuf_free
                0x000000000000de66       0x76 zephyr/libzephyr.a(mpsc_pbuf.c.obj)
                0x000000000000de66                mpsc_pbuf_free
 .text.mpsc_pbuf_is_pending
                0x000000000000dedc       0x32 zephyr/libzephyr.a(mpsc_pbuf.c.obj)
                0x000000000000dedc                mpsc_pbuf_is_pending
 .text._ConfigAbsSyms
                0x000000000000df0e        0x2 zephyr/libzephyr.a(configs.c.obj)
                0x000000000000df0e                _ConfigAbsSyms
 .text.soc_reset_hook
                0x000000000000df10        0x4 zephyr/libzephyr.a(soc.c.obj)
                0x000000000000df10                soc_reset_hook
 .text.log_msg_generic_get_wlen
                0x000000000000df14       0x20 zephyr/libzephyr.a(log_core.c.obj)
 .text.dummy_timestamp
                0x000000000000df34        0x4 zephyr/libzephyr.a(log_core.c.obj)
 .text.atomic_inc
                0x000000000000df38       0x1a zephyr/libzephyr.a(log_core.c.obj)
 .text.default_lf_get_timestamp
                0x000000000000df52       0x10 zephyr/libzephyr.a(log_core.c.obj)
 .text.z_log_vprintk
                0x000000000000df62       0x1c zephyr/libzephyr.a(log_core.c.obj)
                0x000000000000df62                z_log_vprintk
 .text.z_log_notify_drop
                0x000000000000df7e        0x6 zephyr/libzephyr.a(log_core.c.obj)
 .text.z_log_get_tag
                0x000000000000df84        0x4 zephyr/libzephyr.a(log_core.c.obj)
                0x000000000000df84                z_log_get_tag
 .text.log_backend_enable
                0x000000000000df88       0x12 zephyr/libzephyr.a(log_mgmt.c.obj)
                0x000000000000df88                log_backend_enable
 .text.z_cbprintf_cpy
                0x000000000000df9a       0x2e zephyr/libzephyr.a(log_msg.c.obj)
 .text.z_log_msg_finalize
                0x000000000000dfc8       0x32 zephyr/libzephyr.a(log_msg.c.obj)
                0x000000000000dfc8                z_log_msg_finalize
 .text.z_log_msg_simple_create
                0x000000000000dffa       0x6e zephyr/libzephyr.a(log_msg.c.obj)
 .text.z_impl_z_log_msg_simple_create_0
                0x000000000000e068       0x12 zephyr/libzephyr.a(log_msg.c.obj)
                0x000000000000e068                z_impl_z_log_msg_simple_create_0
 .text.z_impl_z_log_msg_simple_create_1
                0x000000000000e07a       0x14 zephyr/libzephyr.a(log_msg.c.obj)
                0x000000000000e07a                z_impl_z_log_msg_simple_create_1
 .text.z_impl_z_log_msg_simple_create_2
                0x000000000000e08e       0x18 zephyr/libzephyr.a(log_msg.c.obj)
                0x000000000000e08e                z_impl_z_log_msg_simple_create_2
 .text.log_output_write
                0x000000000000e0a6       0x1c zephyr/libzephyr.a(log_output.c.obj)
 .text.log_output_flush
                0x000000000000e0c2       0x1a zephyr/libzephyr.a(log_output.c.obj)
 .text.cbvprintf
                0x000000000000e0dc        0xe zephyr/libzephyr.a(log_output.c.obj)
 .text.out_func
                0x000000000000e0ea       0x36 zephyr/libzephyr.a(log_output.c.obj)
 .text.cr_out_func
                0x000000000000e120       0x1c zephyr/libzephyr.a(log_output.c.obj)
 .text.log_output_msg_process
                0x000000000000e13c       0x6a zephyr/libzephyr.a(log_output.c.obj)
                0x000000000000e13c                log_output_msg_process
 .text.format_set
                0x000000000000e1a6        0xc zephyr/libzephyr.a(log_backend_uart.c.obj)
 .text.log_backend_uart_init
                0x000000000000e1b2        0xc zephyr/libzephyr.a(log_backend_uart.c.obj)
 .text.panic    0x000000000000e1be       0x32 zephyr/libzephyr.a(log_backend_uart.c.obj)
 .text.dropped  0x000000000000e1f0        0xa zephyr/libzephyr.a(log_backend_uart.c.obj)
 .text.process  0x000000000000e1fa       0x1e zephyr/libzephyr.a(log_backend_uart.c.obj)
 .text.z_do_kernel_oops
                0x000000000000e218        0x8 zephyr/arch/arch/arm/core/libarch__arm__core.a(fatal.c.obj)
                0x000000000000e218                z_do_kernel_oops
 .text.z_arm_nmi
                0x000000000000e220        0xe zephyr/arch/arch/arm/core/libarch__arm__core.a(nmi.c.obj)
                0x000000000000e220                z_arm_nmi
 .text.z_log_msg_simple_create_0.constprop.0
                0x000000000000e22e        0x8 zephyr/arch/arch/arm/core/cortex_m/libarch__arm__core__cortex_m.a(fault.c.obj)
 .text.z_irq_spurious
                0x000000000000e236        0x8 zephyr/arch/arch/arm/core/cortex_m/libarch__arm__core__cortex_m.a(irq_manage.c.obj)
                0x000000000000e236                z_irq_spurious
 .text.arch_irq_unlock_outlined
                0x000000000000e23e        0xe zephyr/arch/arch/arm/core/cortex_m/libarch__arm__core__cortex_m.a(thread.c.obj)
                0x000000000000e23e                arch_irq_unlock_outlined
 .text.arch_cpu_idle
                0x000000000000e24c       0x1a zephyr/arch/arch/arm/core/cortex_m/libarch__arm__core__cortex_m.a(cpu_idle.c.obj)
                0x000000000000e24c                arch_cpu_idle
 .text.region_allocate_and_init
                0x000000000000e266       0x18 zephyr/arch/arch/arm/core/mpu/libarch__arm__core__mpu.a(nxp_mpu.c.obj)
 .text._stdin_hook_default
                0x000000000000e27e        0x4 zephyr/lib/libc/newlib/liblib__libc__newlib.a(libc-hooks.c.obj)
 .text._stdout_hook_default
                0x000000000000e282        0x6 zephyr/lib/libc/newlib/liblib__libc__newlib.a(libc-hooks.c.obj)
 .text.malloc_prepare
                0x000000000000e288        0x4 zephyr/lib/libc/newlib/liblib__libc__newlib.a(libc-hooks.c.obj)
 .text._read    0x000000000000e28c        0x8 zephyr/lib/libc/newlib/liblib__libc__newlib.a(libc-hooks.c.obj)
                0x000000000000e28c                _read
                0x000000000000e28c                read
 .text._write   0x000000000000e294        0x8 zephyr/lib/libc/newlib/liblib__libc__newlib.a(libc-hooks.c.obj)
                0x000000000000e294                _write
                0x000000000000e294                write
 .text._close   0x000000000000e29c        0x6 zephyr/lib/libc/newlib/liblib__libc__newlib.a(libc-hooks.c.obj)
                0x000000000000e29c                _close
                0x000000000000e29c                close
 .text._lseek   0x000000000000e2a2        0x4 zephyr/lib/libc/newlib/liblib__libc__newlib.a(libc-hooks.c.obj)
                0x000000000000e2a2                _lseek
                0x000000000000e2a2                lseek
 .text._isatty  0x000000000000e2a6        0xa zephyr/lib/libc/newlib/liblib__libc__newlib.a(libc-hooks.c.obj)
                0x000000000000e2a6                _isatty
                0x000000000000e2a6                isatty
 .text._fstat   0x000000000000e2b0        0xa zephyr/lib/libc/newlib/liblib__libc__newlib.a(libc-hooks.c.obj)
                0x000000000000e2b0                fstat
                0x000000000000e2b0                _fstat
 .text.__retarget_lock_init_recursive
                0x000000000000e2ba       0x14 zephyr/lib/libc/newlib/liblib__libc__newlib.a(libc-hooks.c.obj)
                0x000000000000e2ba                __retarget_lock_init_recursive
 .text.__retarget_lock_close_recursive
                0x000000000000e2ce        0x4 zephyr/lib/libc/newlib/liblib__libc__newlib.a(libc-hooks.c.obj)
                0x000000000000e2ce                __retarget_lock_close_recursive
 .text.__retarget_lock_acquire_recursive
                0x000000000000e2d2        0xc zephyr/lib/libc/newlib/liblib__libc__newlib.a(libc-hooks.c.obj)
                0x000000000000e2d2                __retarget_lock_acquire_recursive
 .text.__retarget_lock_release_recursive
                0x000000000000e2de        0x4 zephyr/lib/libc/newlib/liblib__libc__newlib.a(libc-hooks.c.obj)
                0x000000000000e2de                __retarget_lock_release_recursive
 .text.mcux_adc16_start_channel
                0x000000000000e2e2       0x32 zephyr/drivers/adc/libdrivers__adc.a(adc_mcux_adc16.c.obj)
 .text.adc_context_start_sampling
                0x000000000000e314       0x16 zephyr/drivers/adc/libdrivers__adc.a(adc_mcux_adc16.c.obj)
 .text.mcux_adc16_config_func_0
                0x000000000000e32a       0x16 zephyr/drivers/adc/libdrivers__adc.a(adc_mcux_adc16.c.obj)
 .text.mcux_adc16_config_func_1
                0x000000000000e340       0x16 zephyr/drivers/adc/libdrivers__adc.a(adc_mcux_adc16.c.obj)
 .text.adc_context_on_timer_expired
                0x000000000000e356       0x32 zephyr/drivers/adc/libdrivers__adc.a(adc_mcux_adc16.c.obj)
 .text.mcux_adc16_isr
                0x000000000000e388       0xb4 zephyr/drivers/adc/libdrivers__adc.a(adc_mcux_adc16.c.obj)
 .text.mcux_adc16_init
                0x000000000000e43c       0x80 zephyr/drivers/adc/libdrivers__adc.a(adc_mcux_adc16.c.obj)
 .text.mcux_mcg_on
                0x000000000000e4bc        0x4 zephyr/drivers/clock_control/libdrivers__clock_control.a(clock_control_mcux_mcg.c.obj)
 .text.mcux_mcg_get_rate
                0x000000000000e4c0       0x24 zephyr/drivers/clock_control/libdrivers__clock_control.a(clock_control_mcux_mcg.c.obj)
 .text.mcux_mcg_off
                0x000000000000e4e4        0x4 zephyr/drivers/clock_control/libdrivers__clock_control.a(clock_control_mcux_mcg.c.obj)
 .text.mcux_sim_on
                0x000000000000e4e8       0x1a zephyr/drivers/clock_control/libdrivers__clock_control.a(clock_control_mcux_sim.c.obj)
 .text.mcux_sim_off
                0x000000000000e502       0x1e zephyr/drivers/clock_control/libdrivers__clock_control.a(clock_control_mcux_sim.c.obj)
 .text.mcux_sim_init
                0x000000000000e520        0x4 zephyr/drivers/clock_control/libdrivers__clock_control.a(clock_control_mcux_sim.c.obj)
 .text.mcux_sim_get_subsys_rate
                0x000000000000e524       0x30 zephyr/drivers/clock_control/libdrivers__clock_control.a(clock_control_mcux_sim.c.obj)
 .text.gpio_mcux_port_configure
                0x000000000000e554       0x9c zephyr/drivers/gpio/libdrivers__gpio.a(gpio_mcux.c.obj)
 .text.gpio_mcux_port_get_raw
                0x000000000000e5f0        0xc zephyr/drivers/gpio/libdrivers__gpio.a(gpio_mcux.c.obj)
 .text.gpio_mcux_port_set_masked_raw
                0x000000000000e5fc       0x12 zephyr/drivers/gpio/libdrivers__gpio.a(gpio_mcux.c.obj)
 .text.gpio_mcux_port_set_bits_raw
                0x000000000000e60e        0xa zephyr/drivers/gpio/libdrivers__gpio.a(gpio_mcux.c.obj)
 .text.gpio_mcux_port_clear_bits_raw
                0x000000000000e618        0xa zephyr/drivers/gpio/libdrivers__gpio.a(gpio_mcux.c.obj)
 .text.gpio_mcux_port_toggle_bits
                0x000000000000e622        0xa zephyr/drivers/gpio/libdrivers__gpio.a(gpio_mcux.c.obj)
 .text.gpio_mcux_manage_callback
                0x000000000000e62c       0x52 zephyr/drivers/gpio/libdrivers__gpio.a(gpio_mcux.c.obj)
 .text.gpio_mcux_port0_init
                0x000000000000e67e       0x16 zephyr/drivers/gpio/libdrivers__gpio.a(gpio_mcux.c.obj)
 .text.gpio_mcux_port1_init
                0x000000000000e694       0x16 zephyr/drivers/gpio/libdrivers__gpio.a(gpio_mcux.c.obj)
 .text.gpio_mcux_port2_init
                0x000000000000e6aa       0x16 zephyr/drivers/gpio/libdrivers__gpio.a(gpio_mcux.c.obj)
 .text.gpio_mcux_port3_init
                0x000000000000e6c0       0x16 zephyr/drivers/gpio/libdrivers__gpio.a(gpio_mcux.c.obj)
 .text.gpio_mcux_port4_init
                0x000000000000e6d6       0x16 zephyr/drivers/gpio/libdrivers__gpio.a(gpio_mcux.c.obj)
 .text.gpio_mcux_pin_interrupt_configure
                0x000000000000e6ec       0x78 zephyr/drivers/gpio/libdrivers__gpio.a(gpio_mcux.c.obj)
 .text.gpio_mcux_port_isr
                0x000000000000e764       0x36 zephyr/drivers/gpio/libdrivers__gpio.a(gpio_mcux.c.obj)
 .text.i2c_mcux_config_func_0
                0x000000000000e79a       0x16 zephyr/drivers/i2c/libdrivers__i2c.a(i2c_mcux.c.obj)
 .text.i2c_mcux_isr
                0x000000000000e7b0        0xa zephyr/drivers/i2c/libdrivers__i2c.a(i2c_mcux.c.obj)
 .text.i2c_mcux_transfer
                0x000000000000e7ba       0xc8 zephyr/drivers/i2c/libdrivers__i2c.a(i2c_mcux.c.obj)
 .text.i2c_mcux_master_transfer_callback
                0x000000000000e882        0xa zephyr/drivers/i2c/libdrivers__i2c.a(i2c_mcux.c.obj)
 .text.pinctrl_lookup_state
                0x000000000000e88c       0x26 zephyr/drivers/pinctrl/libdrivers__pinctrl.a(common.c.obj)
                0x000000000000e88c                pinctrl_lookup_state
 .text.gpio_pin_configure_dt
                0x000000000000e8b2       0x3e zephyr/drivers/sensor/aosong/dht/libdrivers__sensor__aosong__dht.a(dht.c.obj)
 .text.gpio_pin_set_dt.isra.0
                0x000000000000e8f0       0x28 zephyr/drivers/sensor/aosong/dht/libdrivers__sensor__aosong__dht.a(dht.c.obj)
 .text.dht_init
                0x000000000000e918       0x22 zephyr/drivers/sensor/aosong/dht/libdrivers__sensor__aosong__dht.a(dht.c.obj)
 .text.z_log_msg_simple_create_0.constprop.0
                0x000000000000e93a        0x8 zephyr/drivers/sensor/nxp/fxos8700/libdrivers__sensor__nxp__fxos8700.a(fxos8700.c.obj)
 .text.gpio_pin_set_dt.isra.0
                0x000000000000e942       0x28 zephyr/drivers/sensor/nxp/fxos8700/libdrivers__sensor__nxp__fxos8700.a(fxos8700.c.obj)
 .text.i2c_write_read.constprop.0
                0x000000000000e96a       0x38 zephyr/drivers/sensor/nxp/fxos8700/libdrivers__sensor__nxp__fxos8700.a(fxos8700.c.obj)
 .text.fxos8700_reg_field_update_i2c
                0x000000000000e9a2       0x74 zephyr/drivers/sensor/nxp/fxos8700/libdrivers__sensor__nxp__fxos8700.a(fxos8700.c.obj)
                0x000000000000e9a2                fxos8700_reg_field_update_i2c
 .text.fxos8700_read_i2c
                0x000000000000ea16       0x20 zephyr/drivers/sensor/nxp/fxos8700/libdrivers__sensor__nxp__fxos8700.a(fxos8700.c.obj)
                0x000000000000ea16                fxos8700_read_i2c
 .text.fxos8700_byte_read_i2c
                0x000000000000ea36       0x22 zephyr/drivers/sensor/nxp/fxos8700/libdrivers__sensor__nxp__fxos8700.a(fxos8700.c.obj)
                0x000000000000ea36                fxos8700_byte_read_i2c
 .text.fxos8700_byte_write_i2c
                0x000000000000ea58       0x36 zephyr/drivers/sensor/nxp/fxos8700/libdrivers__sensor__nxp__fxos8700.a(fxos8700.c.obj)
                0x000000000000ea58                fxos8700_byte_write_i2c
 .text.fxos8700_get_power
                0x000000000000ea8e       0x28 zephyr/drivers/sensor/nxp/fxos8700/libdrivers__sensor__nxp__fxos8700.a(fxos8700.c.obj)
                0x000000000000ea8e                fxos8700_get_power
 .text.fxos8700_set_power
                0x000000000000eab6       0x16 zephyr/drivers/sensor/nxp/fxos8700/libdrivers__sensor__nxp__fxos8700.a(fxos8700.c.obj)
                0x000000000000eab6                fxos8700_set_power
 .text.fxos8700_attr_set
                0x000000000000eacc       0x12 zephyr/drivers/sensor/nxp/fxos8700/libdrivers__sensor__nxp__fxos8700.a(fxos8700.c.obj)
 .text.temp_kinetis_channel_get
                0x000000000000eade       0x8c zephyr/drivers/sensor/nxp/nxp_kinetis_temp/libdrivers__sensor__nxp__nxp_kinetis_temp.a(temp_kinetis.c.obj)
 .text.bh1750_channel_get
                0x000000000000eb6a       0x4e zephyr/drivers/sensor/rohm/bh1750/libdrivers__sensor__rohm__bh1750.a(bh1750.c.obj)
 .text.bh1750_opcode_write.isra.0
                0x000000000000ebb8       0x36 zephyr/drivers/sensor/rohm/bh1750/libdrivers__sensor__rohm__bh1750.a(bh1750.c.obj)
 .text.lm35_sample_fetch
                0x000000000000ebee       0x1a zephyr/drivers/sensor/lm35/libdrivers__sensor__lm35.a(lm35.c.obj)
 .text.lm35_init
                0x000000000000ec08       0x24 zephyr/drivers/sensor/lm35/libdrivers__sensor__lm35.a(lm35.c.obj)
 .text.uart_mcux_config_get
                0x000000000000ec2c       0x10 zephyr/drivers/serial/libdrivers__serial.a(uart_mcux.c.obj)
 .text.uart_mcux_irq_update
                0x000000000000ec3c        0x4 zephyr/drivers/serial/libdrivers__serial.a(uart_mcux.c.obj)
 .text.uart_mcux_irq_callback_set
                0x000000000000ec40        0x8 zephyr/drivers/serial/libdrivers__serial.a(uart_mcux.c.obj)
 .text.uart_mcux_isr
                0x000000000000ec48        0xc zephyr/drivers/serial/libdrivers__serial.a(uart_mcux.c.obj)
 .text.uart_mcux_irq_err_disable
                0x000000000000ec54        0xc zephyr/drivers/serial/libdrivers__serial.a(uart_mcux.c.obj)
 .text.uart_mcux_irq_rx_disable
                0x000000000000ec60        0xc zephyr/drivers/serial/libdrivers__serial.a(uart_mcux.c.obj)
 .text.uart_mcux_irq_tx_disable
                0x000000000000ec6c        0xc zephyr/drivers/serial/libdrivers__serial.a(uart_mcux.c.obj)
 .text.uart_mcux_irq_err_enable
                0x000000000000ec78        0xc zephyr/drivers/serial/libdrivers__serial.a(uart_mcux.c.obj)
 .text.uart_mcux_irq_rx_enable
                0x000000000000ec84        0xc zephyr/drivers/serial/libdrivers__serial.a(uart_mcux.c.obj)
 .text.uart_mcux_irq_tx_enable
                0x000000000000ec90        0xc zephyr/drivers/serial/libdrivers__serial.a(uart_mcux.c.obj)
 .text.uart_mcux_irq_rx_full
                0x000000000000ec9c       0x10 zephyr/drivers/serial/libdrivers__serial.a(uart_mcux.c.obj)
 .text.uart_mcux_irq_tx_complete
                0x000000000000ecac       0x10 zephyr/drivers/serial/libdrivers__serial.a(uart_mcux.c.obj)
 .text.uart_mcux_irq_tx_ready
                0x000000000000ecbc       0x1e zephyr/drivers/serial/libdrivers__serial.a(uart_mcux.c.obj)
 .text.uart_mcux_irq_is_pending
                0x000000000000ecda       0x2c zephyr/drivers/serial/libdrivers__serial.a(uart_mcux.c.obj)
 .text.uart_mcux_fifo_read
                0x000000000000ed06       0x28 zephyr/drivers/serial/libdrivers__serial.a(uart_mcux.c.obj)
 .text.uart_mcux_fifo_fill
                0x000000000000ed2e       0x28 zephyr/drivers/serial/libdrivers__serial.a(uart_mcux.c.obj)
 .text.uart_mcux_poll_out
                0x000000000000ed56       0x16 zephyr/drivers/serial/libdrivers__serial.a(uart_mcux.c.obj)
 .text.uart_mcux_poll_in
                0x000000000000ed6c       0x20 zephyr/drivers/serial/libdrivers__serial.a(uart_mcux.c.obj)
 .text.uart_mcux_configure
                0x000000000000ed8c       0xac zephyr/drivers/serial/libdrivers__serial.a(uart_mcux.c.obj)
 .text.uart_mcux_err_check
                0x000000000000ee38       0x2a zephyr/drivers/serial/libdrivers__serial.a(uart_mcux.c.obj)
 .text.uart_mcux_config_func_0
                0x000000000000ee62       0x26 zephyr/drivers/serial/libdrivers__serial.a(uart_mcux.c.obj)
 .text.uart_mcux_config_func_1
                0x000000000000ee88       0x26 zephyr/drivers/serial/libdrivers__serial.a(uart_mcux.c.obj)
 .text.uart_mcux_init
                0x000000000000eeae       0x3a zephyr/drivers/serial/libdrivers__serial.a(uart_mcux.c.obj)
 .text.spi_mcux_config_func_0
                0x000000000000eee8       0x16 zephyr/drivers/spi/libdrivers__spi.a(spi_mcux_dspi.c.obj)
 .text.spi_mcux_config_func_1
                0x000000000000eefe       0x16 zephyr/drivers/spi/libdrivers__spi.a(spi_mcux_dspi.c.obj)
 .text.spi_mcux_isr
                0x000000000000ef14        0xc zephyr/drivers/spi/libdrivers__spi.a(spi_mcux_dspi.c.obj)
 .text.spi_context_get_next_buf.constprop.0
                0x000000000000ef20       0x26 zephyr/drivers/spi/libdrivers__spi.a(spi_mcux_dspi.c.obj)
 .text.gpio_pin_set_dt.isra.0
                0x000000000000ef46       0x28 zephyr/drivers/spi/libdrivers__spi.a(spi_mcux_dspi.c.obj)
 .text.spi_context_unlock_unconditionally
                0x000000000000ef6e       0x30 zephyr/drivers/spi/libdrivers__spi.a(spi_mcux_dspi.c.obj)
 .text.spi_mcux_release
                0x000000000000ef9e        0xe zephyr/drivers/spi/libdrivers__spi.a(spi_mcux_dspi.c.obj)
 .text.CLOCK_GetFixedFreqClkFreq
                0x000000000000efac       0x18 modules/hal_nxp/libmodules__hal_nxp.a(fsl_clock.c.obj)
                0x000000000000efac                CLOCK_GetFixedFreqClkFreq
 .text.SystemInitHook
                0x000000000000efc4        0x2 modules/hal_nxp/libmodules__hal_nxp.a(system_MK64F12.c.obj)
                0x000000000000efc4                SystemInitHook
 .text.ADC16_GetDefaultConfig
                0x000000000000efc6       0x1a modules/hal_nxp/libmodules__hal_nxp.a(fsl_adc16.c.obj)
                0x000000000000efc6                ADC16_GetDefaultConfig
 .text.ADC16_SetChannelMuxMode
                0x000000000000efe0       0x12 modules/hal_nxp/libmodules__hal_nxp.a(fsl_adc16.c.obj)
                0x000000000000efe0                ADC16_SetChannelMuxMode
 .text.ADC16_SetHardwareAverage
                0x000000000000eff2       0x18 modules/hal_nxp/libmodules__hal_nxp.a(fsl_adc16.c.obj)
                0x000000000000eff2                ADC16_SetHardwareAverage
 .text.ADC16_GetStatusFlags
                0x000000000000f00a       0x14 modules/hal_nxp/libmodules__hal_nxp.a(fsl_adc16.c.obj)
                0x000000000000f00a                ADC16_GetStatusFlags
 .text.ADC16_DoAutoCalibration
                0x000000000000f01e       0x92 modules/hal_nxp/libmodules__hal_nxp.a(fsl_adc16.c.obj)
                0x000000000000f01e                ADC16_DoAutoCalibration
 .text.ADC16_SetChannelConfig
                0x000000000000f0b0       0x1e modules/hal_nxp/libmodules__hal_nxp.a(fsl_adc16.c.obj)
                0x000000000000f0b0                ADC16_SetChannelConfig
 .text.DSPI_MasterGetFormattedCommand.constprop.0
                0x000000000000f0ce       0x20 modules/hal_nxp/libmodules__hal_nxp.a(fsl_dspi.c.obj)
 .text.DSPI_MasterTransferFillUpTxFifo
                0x000000000000f0ee       0xf0 modules/hal_nxp/libmodules__hal_nxp.a(fsl_dspi.c.obj)
 .text.DSPI_MasterTransferHandleIRQ
                0x000000000000f1de       0xde modules/hal_nxp/libmodules__hal_nxp.a(fsl_dspi.c.obj)
                0x000000000000f1de                DSPI_MasterTransferHandleIRQ
 .text.DSPI_MasterSetDelayScaler
                0x000000000000f2bc       0x72 modules/hal_nxp/libmodules__hal_nxp.a(fsl_dspi.c.obj)
                0x000000000000f2bc                DSPI_MasterSetDelayScaler
 .text.DSPI_EnableInterrupts
                0x000000000000f32e       0x20 modules/hal_nxp/libmodules__hal_nxp.a(fsl_dspi.c.obj)
                0x000000000000f32e                DSPI_EnableInterrupts
 .text.I2C_CheckAndClearError
                0x000000000000f34e       0x1c modules/hal_nxp/libmodules__hal_nxp.a(fsl_i2c.c.obj)
 .text.I2C_MasterStop
                0x000000000000f36a       0x14 modules/hal_nxp/libmodules__hal_nxp.a(fsl_i2c.c.obj)
                0x000000000000f36a                I2C_MasterStop
 .text.I2C_MasterGetStatusFlags
                0x000000000000f37e       0x1c modules/hal_nxp/libmodules__hal_nxp.a(fsl_i2c.c.obj)
                0x000000000000f37e                I2C_MasterGetStatusFlags
 .text.I2C_MasterStart
                0x000000000000f39a       0x30 modules/hal_nxp/libmodules__hal_nxp.a(fsl_i2c.c.obj)
                0x000000000000f39a                I2C_MasterStart
 .text.I2C_MasterRepeatedStart
                0x000000000000f3ca       0x4e modules/hal_nxp/libmodules__hal_nxp.a(fsl_i2c.c.obj)
                0x000000000000f3ca                I2C_MasterRepeatedStart
 .text.I2C_MasterTransferHandleIRQ
                0x000000000000f418      0x1f6 modules/hal_nxp/libmodules__hal_nxp.a(fsl_i2c.c.obj)
                0x000000000000f418                I2C_MasterTransferHandleIRQ
 .text.I2C_MasterTransferNonBlocking
                0x000000000000f60e       0xa6 modules/hal_nxp/libmodules__hal_nxp.a(fsl_i2c.c.obj)
                0x000000000000f60e                I2C_MasterTransferNonBlocking
 .text.I2C_MasterTransferAbort
                0x000000000000f6b4       0x52 modules/hal_nxp/libmodules__hal_nxp.a(fsl_i2c.c.obj)
                0x000000000000f6b4                I2C_MasterTransferAbort
 .text.UART_GetDefaultConfig
                0x000000000000f706       0x14 modules/hal_nxp/libmodules__hal_nxp.a(fsl_uart.c.obj)
                0x000000000000f706                UART_GetDefaultConfig
 .text.UART_EnableInterrupts
                0x000000000000f71a       0x36 modules/hal_nxp/libmodules__hal_nxp.a(fsl_uart.c.obj)
                0x000000000000f71a                UART_EnableInterrupts
 .text.UART_DisableInterrupts
                0x000000000000f750       0x32 modules/hal_nxp/libmodules__hal_nxp.a(fsl_uart.c.obj)
                0x000000000000f750                UART_DisableInterrupts
 .text.UART_GetEnabledInterrupts
                0x000000000000f782       0x26 modules/hal_nxp/libmodules__hal_nxp.a(fsl_uart.c.obj)
                0x000000000000f782                UART_GetEnabledInterrupts
 .text.UART_GetStatusFlags
                0x000000000000f7a8       0x16 modules/hal_nxp/libmodules__hal_nxp.a(fsl_uart.c.obj)
                0x000000000000f7a8                UART_GetStatusFlags
 .text.UART_ClearStatusFlags
                0x000000000000f7be       0x3a modules/hal_nxp/libmodules__hal_nxp.a(fsl_uart.c.obj)
                0x000000000000f7be                UART_ClearStatusFlags
 .text.z_impl_k_busy_wait
                0x000000000000f7f8       0x1c zephyr/kernel/libkernel.a(busy_wait.c.obj)
                0x000000000000f7f8                z_impl_k_busy_wait
 .text.z_device_state_init
                0x000000000000f814        0x2 zephyr/kernel/libkernel.a(device.c.obj)
                0x000000000000f814                z_device_state_init
 .text.z_impl_device_is_ready
                0x000000000000f816       0x16 zephyr/kernel/libkernel.a(device.c.obj)
                0x000000000000f816                z_impl_device_is_ready
 .text.arch_system_halt
                0x000000000000f82c       0x10 zephyr/kernel/libkernel.a(fatal.c.obj)
                0x000000000000f82c                arch_system_halt
 .text.do_device_init
                0x000000000000f83c       0x2e zephyr/kernel/libkernel.a(init.c.obj)
 .text.z_early_memset
                0x000000000000f86a        0x4 zephyr/kernel/libkernel.a(init.c.obj)
                0x000000000000f86a                z_early_memset
 .text.z_early_memcpy
                0x000000000000f86e        0x4 zephyr/kernel/libkernel.a(init.c.obj)
                0x000000000000f86e                z_early_memcpy
 .text.idle     0x000000000000f872       0x16 zephyr/kernel/libkernel.a(idle.c.obj)
                0x000000000000f872                idle
 .text.adjust_owner_prio.isra.0
                0x000000000000f888       0x10 zephyr/kernel/libkernel.a(mutex.c.obj)
 .text.z_impl_k_mutex_init
                0x000000000000f898        0xe zephyr/kernel/libkernel.a(mutex.c.obj)
                0x000000000000f898                z_impl_k_mutex_init
 .text.z_impl_k_sem_init
                0x000000000000f8a6       0x18 zephyr/kernel/libkernel.a(sem.c.obj)
                0x000000000000f8a6                z_impl_k_sem_init
 .text.k_is_in_isr
                0x000000000000f8be        0xc zephyr/kernel/libkernel.a(thread.c.obj)
                0x000000000000f8be                k_is_in_isr
 .text.z_impl_k_thread_name_set
                0x000000000000f8ca        0x6 zephyr/kernel/libkernel.a(thread.c.obj)
                0x000000000000f8ca                z_impl_k_thread_name_set
 .text.k_thread_name_get
                0x000000000000f8d0        0x4 zephyr/kernel/libkernel.a(thread.c.obj)
                0x000000000000f8d0                k_thread_name_get
 .text.sys_dlist_remove
                0x000000000000f8d4       0x10 zephyr/kernel/libkernel.a(sched.c.obj)
 .text.unpend_thread_no_timeout
                0x000000000000f8e4       0x14 zephyr/kernel/libkernel.a(sched.c.obj)
 .text.add_to_waitq_locked
                0x000000000000f8f8       0x50 zephyr/kernel/libkernel.a(sched.c.obj)
 .text.z_ready_thread
                0x000000000000f948       0x1e zephyr/kernel/libkernel.a(sched.c.obj)
                0x000000000000f948                z_ready_thread
 .text.z_unpend_thread_no_timeout
                0x000000000000f966       0x22 zephyr/kernel/libkernel.a(sched.c.obj)
                0x000000000000f966                z_unpend_thread_no_timeout
 .text.z_sched_wake_thread
                0x000000000000f988       0x3a zephyr/kernel/libkernel.a(sched.c.obj)
                0x000000000000f988                z_sched_wake_thread
 .text.z_thread_timeout
                0x000000000000f9c2        0x8 zephyr/kernel/libkernel.a(sched.c.obj)
                0x000000000000f9c2                z_thread_timeout
 .text.z_unpend1_no_timeout
                0x000000000000f9ca       0x2c zephyr/kernel/libkernel.a(sched.c.obj)
                0x000000000000f9ca                z_unpend1_no_timeout
 .text.z_impl_k_sleep
                0x000000000000f9f6       0x50 zephyr/kernel/libkernel.a(sched.c.obj)
                0x000000000000f9f6                z_impl_k_sleep
 .text.next_timeout
                0x000000000000fa46       0x2e zephyr/kernel/libkernel.a(timeout.c.obj)
 .text.z_abort_timeout
                0x000000000000fa74       0x50 zephyr/kernel/libkernel.a(timeout.c.obj)
                0x000000000000fa74                z_abort_timeout
 .text.sys_clock_tick_get_32
                0x000000000000fac4        0x8 zephyr/kernel/libkernel.a(timeout.c.obj)
                0x000000000000fac4                sys_clock_tick_get_32
 .text.z_impl_k_uptime_ticks
                0x000000000000facc        0x4 zephyr/kernel/libkernel.a(timeout.c.obj)
                0x000000000000facc                z_impl_k_uptime_ticks
 .text.k_timer_init
                0x000000000000fad0       0x18 zephyr/kernel/libkernel.a(timer.c.obj)
                0x000000000000fad0                k_timer_init
 .text.z_impl_k_timer_stop
                0x000000000000fae8       0x38 zephyr/kernel/libkernel.a(timer.c.obj)
                0x000000000000fae8                z_impl_k_timer_stop
 *(SORT_BY_ALIGNMENT(.TEXT.*))